FFFFFFFF                                                                 [100%]
=================================== FAILURES ===================================
E   AttributeError: 'Beads' object has no attribute 'reopen'
---------------------------- Captured stdout setup -----------------------------
Starting server with Config HP="127.0.0.1:51305"|T="28800000"|R="false"|L="info"
---------------------------- Captured stderr setup -----------------------------
time="2026-09-02T20:22:27-07:00" level=info msg="Creating root@localhost superuser"
time="2026-09-02T20:22:27-07:00" level=info msg="Server ready. Accepting connections."
time="2026-09-02T20:22:27-07:00" level=warning msg="secure_file_priv is set to \"\", which is insecure."
time="2026-09-02T20:22:27-07:00" level=warning msg="Any user with GRANT FILE privileges will be able to read any file which the sql-server process can read."
time="2026-09-02T20:22:27-07:00" level=warning msg="Please consider restarting the server with secure_file_priv set to a safe (or non-existent) directory."
time="2026-09-02T20:22:27-07:00" level=info msg=NewConnection DisableClientMultiStatements=false connectionID=1
time="2026-09-02T20:22:27-07:00" level=info msg=ConnectionClosed connectionID=1
time="2026-09-02T20:22:27-07:00" level=info msg=NewConnection DisableClientMultiStatements=false connectionID=2
time="2026-09-02T20:22:27-07:00" level=info msg=ConnectionClosed connectionID=2
time="2026-09-02T20:22:27-07:00" level=info msg=NewConnection DisableClientMultiStatements=false connectionID=3
time="2026-09-02T20:22:27-07:00" level=info msg=ConnectionClosed connectionID=3
time="2026-09-02T20:22:27-07:00" level=info msg=NewConnection DisableClientMultiStatements=false connectionID=4
time="2026-09-02T20:22:27-07:00" level=info msg=NewConnection DisableClientMultiStatements=false connectionID=5
time="2026-09-02T20:22:27-07:00" level=info msg=ConnectionClosed connectionID=4
time="2026-09-02T20:22:27-07:00" level=warning msg="error running query" connectTime="2026-09-02 20:22:27.900647464 -0700 PDT m=+0.447034371" connectionDb=shared6496027e1cc2 connectionID=5 error="table not found: schema_migrations" queryTime="2026-09-02 20:22:27.901991605 -0700 PDT m=+0.448378512"
time="2026-09-02T20:22:27-07:00" level=info msg=NewConnection DisableClientMultiStatements=false connectionID=6
time="2026-09-02T20:22:27-07:00" level=warning msg="error running query" connectTime="2026-09-02 20:22:27.902524483 -0700 PDT m=+0.448911390" connectionDb=shared6496027e1cc2 connectionID=6 error="table not found: schema_migrations" queryTime="2026-09-02 20:22:27.903528097 -0700 PDT m=+0.449914988"
time="2026-09-02T20:22:27-07:00" level=warning msg="error running query" connectTime="2026-09-02 20:22:27.902524483 -0700 PDT m=+0.448911390" connectionDb=shared6496027e1cc2 connectionID=6 error="table not found: schema_migrations" queryTime="2026-09-02 20:22:27.905310812 -0700 PDT m=+0.451697719"
time="2026-09-02T20:22:27-07:00" level=warning msg="error running query" connectTime="2026-09-02 20:22:27.902524483 -0700 PDT m=+0.448911390" connectionDb=shared6496027e1cc2 connectionID=6 error="table not found: schema_migrations" queryTime="2026-09-02 20:22:27.907402054 -0700 PDT m=+0.453788961"
time="2026-09-02T20:22:29-07:00" level=warning msg="error running query" connectTime="2026-09-02 20:22:27.902524483 -0700 PDT m=+0.448911390" connectionDb=shared6496027e1cc2 connectionID=6 error="table not found: ignored_schema_migrations" queryTime="2026-09-02 20:22:29.581624996 -0700 PDT m=+2.128011887"
time="2026-09-02T20:22:30-07:00" level=info msg=ConnectionClosed connectionID=6
time="2026-09-02T20:22:30-07:00" level=info msg=ConnectionClosed connectionID=5
time="2026-09-02T20:22:30-07:00" level=info msg=NewConnection DisableClientMultiStatements=false connectionID=7
time="2026-09-02T20:22:30-07:00" level=info msg=ConnectionClosed connectionID=7
time="2026-09-02T20:22:30-07:00" level=info msg=NewConnection DisableClientMultiStatements=false connectionID=8
time="2026-09-02T20:22:30-07:00" level=info msg=NewConnection DisableClientMultiStatements=false connectionID=9
time="2026-09-02T20:22:30-07:00" level=info msg=ConnectionClosed connectionID=8
time="2026-09-02T20:22:30-07:00" level=info msg=ConnectionClosed connectionID=9
time="2026-09-02T20:22:30-07:00" level=info msg=NewConnection DisableClientMultiStatements=false connectionID=10
time="2026-09-02T20:22:30-07:00" level=info msg=ConnectionClosed connectionID=10
time="2026-09-02T20:22:30-07:00" level=info msg=NewConnection DisableClientMultiStatements=false connectionID=11
time="2026-09-02T20:22:30-07:00" level=info msg=NewConnection DisableClientMultiStatements=false connectionID=12
time="2026-09-02T20:22:30-07:00" level=info msg=ConnectionClosed connectionID=11
time="2026-09-02T20:22:30-07:00" level=info msg=ConnectionClosed connectionID=12
time="2026-09-02T20:22:30-07:00" level=info msg=NewConnection DisableClientMultiStatements=false connectionID=13
time="2026-09-02T20:22:30-07:00" level=info msg=ConnectionClosed connectionID=13
time="2026-09-02T20:22:30-07:00" level=info msg=NewConnection DisableClientMultiStatements=false connectionID=14
time="2026-09-02T20:22:30-07:00" level=info msg=NewConnection DisableClientMultiStatements=false connectionID=15
time="2026-09-02T20:22:30-07:00" level=info msg=ConnectionClosed connectionID=14
time="2026-09-02T20:22:30-07:00" level=info msg=ConnectionClosed connectionID=15
time="2026-09-02T20:22:30-07:00" level=info msg=NewConnection DisableClientMultiStatements=false connectionID=16
time="2026-09-02T20:22:30-07:00" level=info msg=ConnectionClosed connectionID=16
time="2026-09-02T20:22:30-07:00" level=info msg=NewConnection DisableClientMultiStatements=false connectionID=17
time="2026-09-02T20:22:30-07:00" level=info msg=ConnectionClosed connectionID=17
time="2026-09-02T20:22:30-07:00" level=info msg=NewConnection DisableClientMultiStatements=false connectionID=18
time="2026-09-02T20:22:30-07:00" level=info msg=ConnectionClosed connectionID=18
time="2026-09-02T20:22:30-07:00" level=info msg=NewConnection DisableClientMultiStatements=false connectionID=19
time="2026-09-02T20:22:30-07:00" level=info msg=ConnectionClosed connectionID=19
----------------------------- Captured stdout call -----------------------------

----------------------------- Captured stderr call -----------------------------
time="2026-09-02T20:22:30-07:00" level=info msg=NewConnection DisableClientMultiStatements=false connectionID=20
time="2026-09-02T20:22:30-07:00" level=info msg=ConnectionClosed connectionID=20
time="2026-09-02T20:22:30-07:00" level=info msg=NewConnection DisableClientMultiStatements=false connectionID=21
time="2026-09-02T20:22:30-07:00" level=info msg=NewConnection DisableClientMultiStatements=false connectionID=22
time="2026-09-02T20:22:30-07:00" level=info msg=ConnectionClosed connectionID=21
time="2026-09-02T20:22:30-07:00" level=info msg=NewConnection DisableClientMultiStatements=false connectionID=23
time="2026-09-02T20:22:30-07:00" level=info msg=ConnectionClosed connectionID=23
time="2026-09-02T20:22:30-07:00" level=warning msg="error running query" connectTime="2026-09-02 20:22:30.8386908 -0700 PDT m=+3.385077691" connectionDb=shared6496027e1cc2 connectionID=22 error="backup 'backup_export' not found" queryTime="2026-09-02 20:22:30.942288038 -0700 PDT m=+3.488674929"
time="2026-09-02T20:22:30-07:00" level=info msg=ConnectionClosed connectionID=22
time="2026-09-02T20:22:31-07:00" level=info msg=NewConnection DisableClientMultiStatements=false connectionID=24
time="2026-09-02T20:22:31-07:00" level=info msg=ConnectionClosed connectionID=24
time="2026-09-02T20:22:31-07:00" level=info msg=NewConnection DisableClientMultiStatements=false connectionID=25
time="2026-09-02T20:22:31-07:00" level=info msg=ConnectionClosed connectionID=25
time="2026-09-02T20:22:31-07:00" level=info msg=NewConnection DisableClientMultiStatements=false connectionID=26
time="2026-09-02T20:22:31-07:00" level=info msg=ConnectionClosed connectionID=26
time="2026-09-02T20:22:31-07:00" level=info msg=NewConnection DisableClientMultiStatements=false connectionID=27
time="2026-09-02T20:22:31-07:00" level=info msg=ConnectionClosed connectionID=27
time="2026-09-02T20:22:31-07:00" level=info msg=NewConnection DisableClientMultiStatements=false connectionID=28
time="2026-09-02T20:22:31-07:00" level=info msg=NewConnection DisableClientMultiStatements=false connectionID=29
time="2026-09-02T20:22:31-07:00" level=info msg=ConnectionClosed connectionID=28
time="2026-09-02T20:22:31-07:00" level=info msg=NewConnection DisableClientMultiStatements=false connectionID=30
time="2026-09-02T20:22:31-07:00" level=info msg=ConnectionClosed connectionID=30
time="2026-09-02T20:22:31-07:00" level=info msg=ConnectionClosed connectionID=29
time="2026-09-02T20:22:31-07:00" level=info msg=NewConnection DisableClientMultiStatements=false connectionID=31
time="2026-09-02T20:22:31-07:00" level=info msg=ConnectionClosed connectionID=31
time="2026-09-02T20:22:31-07:00" level=info msg=NewConnection DisableClientMultiStatements=false connectionID=32
time="2026-09-02T20:22:31-07:00" level=info msg=ConnectionClosed connectionID=32
time="2026-09-02T20:22:31-07:00" level=info msg=NewConnection DisableClientMultiStatements=false connectionID=33
time="2026-09-02T20:22:31-07:00" level=info msg=ConnectionClosed connectionID=33
time="2026-09-02T20:22:31-07:00" level=info msg=NewConnection DisableClientMultiStatements=false connectionID=34
time="2026-09-02T20:22:31-07:00" level=info msg=ConnectionClosed connectionID=34
time="2026-09-02T20:22:31-07:00" level=info msg=NewConnection DisableClientMultiStatements=false connectionID=35
time="2026-09-02T20:22:31-07:00" level=info msg=ConnectionClosed connectionID=35
time="2026-09-02T20:22:31-07:00" level=info msg=NewConnection DisableClientMultiStatements=false connectionID=36
time="2026-09-02T20:22:31-07:00" level=info msg=ConnectionClosed connectionID=36
/tmp/f5c-before/tests/integration/test_reopen_roundtrip.py:63: AttributeError: 'Beads' object has no attribute 'reopen'
E   AttributeError: 'Beads' object has no attribute 'reopen'
----------------------------- Captured stderr call -----------------------------
time="2026-09-02T20:22:31-07:00" level=info msg=NewConnection DisableClientMultiStatements=false connectionID=37
time="2026-09-02T20:22:31-07:00" level=info msg=ConnectionClosed connectionID=37
time="2026-09-02T20:22:31-07:00" level=info msg=NewConnection DisableClientMultiStatements=false connectionID=38
time="2026-09-02T20:22:31-07:00" level=info msg=NewConnection DisableClientMultiStatements=false connectionID=39
time="2026-09-02T20:22:31-07:00" level=info msg=ConnectionClosed connectionID=38
time="2026-09-02T20:22:31-07:00" level=info msg=NewConnection DisableClientMultiStatements=false connectionID=40
time="2026-09-02T20:22:31-07:00" level=info msg=ConnectionClosed connectionID=40
time="2026-09-02T20:22:31-07:00" level=info msg=ConnectionClosed connectionID=39
time="2026-09-02T20:22:31-07:00" level=info msg=NewConnection DisableClientMultiStatements=false connectionID=41
time="2026-09-02T20:22:31-07:00" level=info msg=ConnectionClosed connectionID=41
time="2026-09-02T20:22:31-07:00" level=info msg=NewConnection DisableClientMultiStatements=false connectionID=42
time="2026-09-02T20:22:31-07:00" level=info msg=ConnectionClosed connectionID=42
time="2026-09-02T20:22:31-07:00" level=info msg=NewConnection DisableClientMultiStatements=false connectionID=43
time="2026-09-02T20:22:31-07:00" level=info msg=ConnectionClosed connectionID=43
time="2026-09-02T20:22:32-07:00" level=info msg=NewConnection DisableClientMultiStatements=false connectionID=45
time="2026-09-02T20:22:32-07:00" level=info msg=NewConnection DisableClientMultiStatements=false connectionID=44
time="2026-09-02T20:22:32-07:00" level=info msg=ConnectionClosed connectionID=44
time="2026-09-02T20:22:32-07:00" level=info msg=NewConnection DisableClientMultiStatements=false connectionID=46
time="2026-09-02T20:22:32-07:00" level=info msg=ConnectionClosed connectionID=45
time="2026-09-02T20:22:32-07:00" level=info msg=NewConnection DisableClientMultiStatements=false connectionID=47
time="2026-09-02T20:22:32-07:00" level=info msg=ConnectionClosed connectionID=47
time="2026-09-02T20:22:32-07:00" level=info msg=ConnectionClosed connectionID=46
time="2026-09-02T20:22:32-07:00" level=info msg=NewConnection DisableClientMultiStatements=false connectionID=48
time="2026-09-02T20:22:32-07:00" level=info msg=ConnectionClosed connectionID=48
time="2026-09-02T20:22:32-07:00" level=info msg=NewConnection DisableClientMultiStatements=false connectionID=49
time="2026-09-02T20:22:32-07:00" level=info msg=ConnectionClosed connectionID=49
time="2026-09-02T20:22:32-07:00" level=info msg=NewConnection DisableClientMultiStatements=false connectionID=50
time="2026-09-02T20:22:32-07:00" level=info msg=ConnectionClosed connectionID=50
time="2026-09-02T20:22:32-07:00" level=info msg=NewConnection DisableClientMultiStatements=false connectionID=51
time="2026-09-02T20:22:32-07:00" level=info msg=ConnectionClosed connectionID=51
time="2026-09-02T20:22:32-07:00" level=info msg=NewConnection DisableClientMultiStatements=false connectionID=52
time="2026-09-02T20:22:32-07:00" level=info msg=ConnectionClosed connectionID=52
time="2026-09-02T20:22:32-07:00" level=info msg=NewConnection DisableClientMultiStatements=false connectionID=53
time="2026-09-02T20:22:32-07:00" level=info msg=ConnectionClosed connectionID=53
/tmp/f5c-before/tests/integration/test_reopen_roundtrip.py:113: AttributeError: 'Beads' object has no attribute 'reopen'
E   AttributeError: 'Beads' object has no attribute 'reopen'
----------------------------- Captured stderr call -----------------------------
time="2026-09-02T20:22:32-07:00" level=info msg=NewConnection DisableClientMultiStatements=false connectionID=54
time="2026-09-02T20:22:32-07:00" level=info msg=ConnectionClosed connectionID=54
time="2026-09-02T20:22:32-07:00" level=info msg=NewConnection DisableClientMultiStatements=false connectionID=55
time="2026-09-02T20:22:32-07:00" level=info msg=NewConnection DisableClientMultiStatements=false connectionID=56
time="2026-09-02T20:22:32-07:00" level=info msg=ConnectionClosed connectionID=55
time="2026-09-02T20:22:32-07:00" level=info msg=NewConnection DisableClientMultiStatements=false connectionID=57
time="2026-09-02T20:22:32-07:00" level=info msg=ConnectionClosed connectionID=57
time="2026-09-02T20:22:32-07:00" level=info msg=ConnectionClosed connectionID=56
time="2026-09-02T20:22:32-07:00" level=info msg=NewConnection DisableClientMultiStatements=false connectionID=58
time="2026-09-02T20:22:32-07:00" level=info msg=ConnectionClosed connectionID=58
time="2026-09-02T20:22:32-07:00" level=info msg=NewConnection DisableClientMultiStatements=false connectionID=59
time="2026-09-02T20:22:32-07:00" level=info msg=ConnectionClosed connectionID=59
time="2026-09-02T20:22:32-07:00" level=info msg=NewConnection DisableClientMultiStatements=false connectionID=60
time="2026-09-02T20:22:32-07:00" level=info msg=ConnectionClosed connectionID=60
time="2026-09-02T20:22:32-07:00" level=info msg=NewConnection DisableClientMultiStatements=false connectionID=61
time="2026-09-02T20:22:32-07:00" level=info msg=ConnectionClosed connectionID=61
time="2026-09-02T20:22:32-07:00" level=info msg=NewConnection DisableClientMultiStatements=false connectionID=62
time="2026-09-02T20:22:32-07:00" level=info msg=ConnectionClosed connectionID=62
time="2026-09-02T20:22:32-07:00" level=info msg=NewConnection DisableClientMultiStatements=false connectionID=63
time="2026-09-02T20:22:32-07:00" level=info msg=NewConnection DisableClientMultiStatements=false connectionID=64
time="2026-09-02T20:22:32-07:00" level=info msg=ConnectionClosed connectionID=63
time="2026-09-02T20:22:32-07:00" level=info msg=NewConnection DisableClientMultiStatements=false connectionID=65
time="2026-09-02T20:22:32-07:00" level=info msg=ConnectionClosed connectionID=65
time="2026-09-02T20:22:32-07:00" level=info msg=ConnectionClosed connectionID=64
time="2026-09-02T20:22:32-07:00" level=info msg=NewConnection DisableClientMultiStatements=false connectionID=66
time="2026-09-02T20:22:32-07:00" level=info msg=ConnectionClosed connectionID=66
time="2026-09-02T20:22:32-07:00" level=info msg=NewConnection DisableClientMultiStatements=false connectionID=67
time="2026-09-02T20:22:32-07:00" level=info msg=ConnectionClosed connectionID=67
time="2026-09-02T20:22:32-07:00" level=info msg=NewConnection DisableClientMultiStatements=false connectionID=68
time="2026-09-02T20:22:32-07:00" level=info msg=ConnectionClosed connectionID=68
time="2026-09-02T20:22:33-07:00" level=info msg=NewConnection DisableClientMultiStatements=false connectionID=69
time="2026-09-02T20:22:33-07:00" level=info msg=ConnectionClosed connectionID=69
time="2026-09-02T20:22:33-07:00" level=info msg=NewConnection DisableClientMultiStatements=false connectionID=70
time="2026-09-02T20:22:33-07:00" level=info msg=NewConnection DisableClientMultiStatements=false connectionID=71
time="2026-09-02T20:22:33-07:00" level=info msg=ConnectionClosed connectionID=70
time="2026-09-02T20:22:33-07:00" level=info msg=NewConnection DisableClientMultiStatements=false connectionID=72
time="2026-09-02T20:22:33-07:00" level=info msg=ConnectionClosed connectionID=72
time="2026-09-02T20:22:33-07:00" level=info msg=ConnectionClosed connectionID=71
time="2026-09-02T20:22:33-07:00" level=info msg=NewConnection DisableClientMultiStatements=false connectionID=73
time="2026-09-02T20:22:33-07:00" level=info msg=ConnectionClosed connectionID=73
time="2026-09-02T20:22:33-07:00" level=info msg=NewConnection DisableClientMultiStatements=false connectionID=74
time="2026-09-02T20:22:33-07:00" level=info msg=ConnectionClosed connectionID=74
time="2026-09-02T20:22:33-07:00" level=info msg=NewConnection DisableClientMultiStatements=false connectionID=75
time="2026-09-02T20:22:33-07:00" level=info msg=ConnectionClosed connectionID=75
time="2026-09-02T20:22:33-07:00" level=info msg=NewConnection DisableClientMultiStatements=false connectionID=76
time="2026-09-02T20:22:33-07:00" level=info msg=ConnectionClosed connectionID=76
time="2026-09-02T20:22:33-07:00" level=info msg=NewConnection DisableClientMultiStatements=false connectionID=77
time="2026-09-02T20:22:33-07:00" level=info msg=ConnectionClosed connectionID=77
time="2026-09-02T20:22:33-07:00" level=info msg=NewConnection DisableClientMultiStatements=false connectionID=78
time="2026-09-02T20:22:33-07:00" level=info msg=ConnectionClosed connectionID=78
/tmp/f5c-before/tests/integration/test_reopen_roundtrip.py:134: AttributeError: 'Beads' object has no attribute 'reopen'
E   Failed: DID NOT RAISE BeadsError
----------------------------- Captured stderr call -----------------------------
time="2026-09-02T20:22:33-07:00" level=info msg=NewConnection DisableClientMultiStatements=false connectionID=79
time="2026-09-02T20:22:33-07:00" level=info msg=ConnectionClosed connectionID=79
time="2026-09-02T20:22:33-07:00" level=info msg=NewConnection DisableClientMultiStatements=false connectionID=80
time="2026-09-02T20:22:33-07:00" level=info msg=NewConnection DisableClientMultiStatements=false connectionID=81
time="2026-09-02T20:22:33-07:00" level=info msg=ConnectionClosed connectionID=80
time="2026-09-02T20:22:33-07:00" level=info msg=NewConnection DisableClientMultiStatements=false connectionID=82
time="2026-09-02T20:22:33-07:00" level=info msg=ConnectionClosed connectionID=82
time="2026-09-02T20:22:33-07:00" level=info msg=ConnectionClosed connectionID=81
time="2026-09-02T20:22:33-07:00" level=info msg=NewConnection DisableClientMultiStatements=false connectionID=83
time="2026-09-02T20:22:33-07:00" level=info msg=ConnectionClosed connectionID=83
time="2026-09-02T20:22:33-07:00" level=info msg=NewConnection DisableClientMultiStatements=false connectionID=84
time="2026-09-02T20:22:33-07:00" level=info msg=ConnectionClosed connectionID=84
time="2026-09-02T20:22:33-07:00" level=info msg=NewConnection DisableClientMultiStatements=false connectionID=85
time="2026-09-02T20:22:33-07:00" level=info msg=ConnectionClosed connectionID=85
time="2026-09-02T20:22:33-07:00" level=info msg=NewConnection DisableClientMultiStatements=false connectionID=86
time="2026-09-02T20:22:33-07:00" level=info msg=ConnectionClosed connectionID=86
time="2026-09-02T20:22:33-07:00" level=info msg=NewConnection DisableClientMultiStatements=false connectionID=87
time="2026-09-02T20:22:33-07:00" level=info msg=NewConnection DisableClientMultiStatements=false connectionID=88
time="2026-09-02T20:22:33-07:00" level=info msg=ConnectionClosed connectionID=87
time="2026-09-02T20:22:33-07:00" level=info msg=NewConnection DisableClientMultiStatements=false connectionID=89
time="2026-09-02T20:22:33-07:00" level=info msg=ConnectionClosed connectionID=89
time="2026-09-02T20:22:34-07:00" level=info msg=ConnectionClosed connectionID=88
time="2026-09-02T20:22:34-07:00" level=info msg=NewConnection DisableClientMultiStatements=false connectionID=90
time="2026-09-02T20:22:34-07:00" level=info msg=ConnectionClosed connectionID=90
time="2026-09-02T20:22:34-07:00" level=info msg=NewConnection DisableClientMultiStatements=false connectionID=91
time="2026-09-02T20:22:34-07:00" level=info msg=ConnectionClosed connectionID=91
time="2026-09-02T20:22:34-07:00" level=info msg=NewConnection DisableClientMultiStatements=false connectionID=92
time="2026-09-02T20:22:34-07:00" level=info msg=ConnectionClosed connectionID=92
time="2026-09-02T20:22:34-07:00" level=info msg=NewConnection DisableClientMultiStatements=false connectionID=93
time="2026-09-02T20:22:34-07:00" level=info msg=ConnectionClosed connectionID=93
time="2026-09-02T20:22:34-07:00" level=info msg=NewConnection DisableClientMultiStatements=false connectionID=94
time="2026-09-02T20:22:34-07:00" level=info msg=ConnectionClosed connectionID=94
time="2026-09-02T20:22:34-07:00" level=info msg=NewConnection DisableClientMultiStatements=false connectionID=95
time="2026-09-02T20:22:34-07:00" level=info msg=ConnectionClosed connectionID=95
time="2026-09-02T20:22:34-07:00" level=info msg=NewConnection DisableClientMultiStatements=false connectionID=96
time="2026-09-02T20:22:34-07:00" level=info msg=ConnectionClosed connectionID=96
time="2026-09-02T20:22:34-07:00" level=info msg=NewConnection DisableClientMultiStatements=false connectionID=97
time="2026-09-02T20:22:34-07:00" level=info msg=NewConnection DisableClientMultiStatements=false connectionID=98
time="2026-09-02T20:22:34-07:00" level=info msg=ConnectionClosed connectionID=97
time="2026-09-02T20:22:34-07:00" level=info msg=NewConnection DisableClientMultiStatements=false connectionID=99
time="2026-09-02T20:22:34-07:00" level=info msg=ConnectionClosed connectionID=99
time="2026-09-02T20:22:34-07:00" level=warning msg="error running query" connectTime="2026-09-02 20:22:34.387677614 -0700 PDT m=+6.934064521" connectionDb=shared6496027e1cc2 connectionID=98 error="nothing to commit" queryTime="2026-09-02 20:22:34.434734462 -0700 PDT m=+6.981121369"
time="2026-09-02T20:22:34-07:00" level=info msg=ConnectionClosed connectionID=98
time="2026-09-02T20:22:34-07:00" level=info msg=NewConnection DisableClientMultiStatements=false connectionID=100
time="2026-09-02T20:22:34-07:00" level=info msg=ConnectionClosed connectionID=100
time="2026-09-02T20:22:34-07:00" level=info msg=NewConnection DisableClientMultiStatements=false connectionID=101
time="2026-09-02T20:22:34-07:00" level=info msg=ConnectionClosed connectionID=101
time="2026-09-02T20:22:34-07:00" level=info msg=NewConnection DisableClientMultiStatements=false connectionID=102
time="2026-09-02T20:22:34-07:00" level=info msg=ConnectionClosed connectionID=102
/tmp/f5c-before/tests/integration/test_reopen_roundtrip.py:148: Failed: DID NOT RAISE BeadsError
E   AttributeError: 'Beads' object has no attribute 'resolve_outcome'
----------------------------- Captured stderr call -----------------------------
time="2026-09-02T20:22:34-07:00" level=info msg=NewConnection DisableClientMultiStatements=false connectionID=103
time="2026-09-02T20:22:34-07:00" level=info msg=ConnectionClosed connectionID=103
time="2026-09-02T20:22:34-07:00" level=info msg=NewConnection DisableClientMultiStatements=false connectionID=104
time="2026-09-02T20:22:34-07:00" level=info msg=NewConnection DisableClientMultiStatements=false connectionID=105
time="2026-09-02T20:22:34-07:00" level=info msg=ConnectionClosed connectionID=104
time="2026-09-02T20:22:34-07:00" level=info msg=NewConnection DisableClientMultiStatements=false connectionID=106
time="2026-09-02T20:22:34-07:00" level=info msg=ConnectionClosed connectionID=106
time="2026-09-02T20:22:34-07:00" level=info msg=ConnectionClosed connectionID=105
time="2026-09-02T20:22:34-07:00" level=info msg=NewConnection DisableClientMultiStatements=false connectionID=107
time="2026-09-02T20:22:34-07:00" level=info msg=ConnectionClosed connectionID=107
time="2026-09-02T20:22:34-07:00" level=info msg=NewConnection DisableClientMultiStatements=false connectionID=108
time="2026-09-02T20:22:34-07:00" level=info msg=ConnectionClosed connectionID=108
time="2026-09-02T20:22:34-07:00" level=info msg=NewConnection DisableClientMultiStatements=false connectionID=109
time="2026-09-02T20:22:34-07:00" level=info msg=ConnectionClosed connectionID=109
time="2026-09-02T20:22:35-07:00" level=info msg=NewConnection DisableClientMultiStatements=false connectionID=110
time="2026-09-02T20:22:35-07:00" level=info msg=ConnectionClosed connectionID=110
time="2026-09-02T20:22:35-07:00" level=info msg=NewConnection DisableClientMultiStatements=false connectionID=111
time="2026-09-02T20:22:35-07:00" level=info msg=NewConnection DisableClientMultiStatements=false connectionID=112
time="2026-09-02T20:22:35-07:00" level=info msg=ConnectionClosed connectionID=111
time="2026-09-02T20:22:35-07:00" level=info msg=NewConnection DisableClientMultiStatements=false connectionID=113
time="2026-09-02T20:22:35-07:00" level=info msg=ConnectionClosed connectionID=113
time="2026-09-02T20:22:35-07:00" level=info msg=ConnectionClosed connectionID=112
time="2026-09-02T20:22:35-07:00" level=info msg=NewConnection DisableClientMultiStatements=false connectionID=114
time="2026-09-02T20:22:35-07:00" level=info msg=ConnectionClosed connectionID=114
time="2026-09-02T20:22:35-07:00" level=info msg=NewConnection DisableClientMultiStatements=false connectionID=115
time="2026-09-02T20:22:35-07:00" level=info msg=ConnectionClosed connectionID=115
time="2026-09-02T20:22:35-07:00" level=info msg=NewConnection DisableClientMultiStatements=false connectionID=116
time="2026-09-02T20:22:35-07:00" level=info msg=ConnectionClosed connectionID=116
/tmp/f5c-before/tests/integration/test_reopen_roundtrip.py:168: AttributeError: 'Beads' object has no attribute 'resolve_outcome'
E   AttributeError: 'Beads' object has no attribute 'reopen'
----------------------------- Captured stderr call -----------------------------
time="2026-09-02T20:22:35-07:00" level=info msg=NewConnection DisableClientMultiStatements=false connectionID=117
time="2026-09-02T20:22:35-07:00" level=info msg=ConnectionClosed connectionID=117
time="2026-09-02T20:22:35-07:00" level=info msg=NewConnection DisableClientMultiStatements=false connectionID=118
time="2026-09-02T20:22:35-07:00" level=info msg=NewConnection DisableClientMultiStatements=false connectionID=119
time="2026-09-02T20:22:35-07:00" level=info msg=ConnectionClosed connectionID=118
time="2026-09-02T20:22:35-07:00" level=info msg=NewConnection DisableClientMultiStatements=false connectionID=120
time="2026-09-02T20:22:35-07:00" level=info msg=ConnectionClosed connectionID=120
time="2026-09-02T20:22:35-07:00" level=info msg=ConnectionClosed connectionID=119
/tmp/f5c-before/tests/integration/test_reopen_roundtrip.py:180: AttributeError: 'Beads' object has no attribute 'reopen'
E   AttributeError: 'Beads' object has no attribute 'reopen'
----------------------------- Captured stderr call -----------------------------
time="2026-09-02T20:22:35-07:00" level=info msg=NewConnection DisableClientMultiStatements=false connectionID=121
time="2026-09-02T20:22:35-07:00" level=info msg=ConnectionClosed connectionID=121
time="2026-09-02T20:22:35-07:00" level=info msg=NewConnection DisableClientMultiStatements=false connectionID=122
time="2026-09-02T20:22:35-07:00" level=info msg=NewConnection DisableClientMultiStatements=false connectionID=123
time="2026-09-02T20:22:35-07:00" level=info msg=ConnectionClosed connectionID=122
time="2026-09-02T20:22:35-07:00" level=info msg=NewConnection DisableClientMultiStatements=false connectionID=124
time="2026-09-02T20:22:35-07:00" level=info msg=ConnectionClosed connectionID=124
time="2026-09-02T20:22:35-07:00" level=info msg=ConnectionClosed connectionID=123
time="2026-09-02T20:22:35-07:00" level=info msg=NewConnection DisableClientMultiStatements=false connectionID=125
time="2026-09-02T20:22:35-07:00" level=info msg=ConnectionClosed connectionID=125
time="2026-09-02T20:22:35-07:00" level=info msg=NewConnection DisableClientMultiStatements=false connectionID=126
time="2026-09-02T20:22:35-07:00" level=info msg=ConnectionClosed connectionID=126
time="2026-09-02T20:22:35-07:00" level=info msg=NewConnection DisableClientMultiStatements=false connectionID=127
time="2026-09-02T20:22:35-07:00" level=info msg=ConnectionClosed connectionID=127
time="2026-09-02T20:22:35-07:00" level=info msg=NewConnection DisableClientMultiStatements=false connectionID=128
time="2026-09-02T20:22:35-07:00" level=info msg=ConnectionClosed connectionID=128
time="2026-09-02T20:22:35-07:00" level=info msg=NewConnection DisableClientMultiStatements=false connectionID=129
time="2026-09-02T20:22:35-07:00" level=info msg=NewConnection DisableClientMultiStatements=false connectionID=130
time="2026-09-02T20:22:35-07:00" level=info msg=ConnectionClosed connectionID=129
time="2026-09-02T20:22:35-07:00" level=info msg=NewConnection DisableClientMultiStatements=false connectionID=131
time="2026-09-02T20:22:35-07:00" level=info msg=ConnectionClosed connectionID=131
time="2026-09-02T20:22:36-07:00" level=info msg=ConnectionClosed connectionID=130
time="2026-09-02T20:22:36-07:00" level=info msg=NewConnection DisableClientMultiStatements=false connectionID=132
time="2026-09-02T20:22:36-07:00" level=info msg=ConnectionClosed connectionID=132
time="2026-09-02T20:22:36-07:00" level=info msg=NewConnection DisableClientMultiStatements=false connectionID=133
time="2026-09-02T20:22:36-07:00" level=info msg=ConnectionClosed connectionID=133
time="2026-09-02T20:22:36-07:00" level=info msg=NewConnection DisableClientMultiStatements=false connectionID=134
time="2026-09-02T20:22:36-07:00" level=info msg=ConnectionClosed connectionID=134
/tmp/f5c-before/tests/integration/test_reopen_roundtrip.py:190: AttributeError: 'Beads' object has no attribute 'reopen'
E   AttributeError: 'Beads' object has no attribute 'reopen'
----------------------------- Captured stderr call -----------------------------
time="2026-09-02T20:22:36-07:00" level=info msg=NewConnection DisableClientMultiStatements=false connectionID=135
time="2026-09-02T20:22:36-07:00" level=info msg=NewConnection DisableClientMultiStatements=false connectionID=136
time="2026-09-02T20:22:36-07:00" level=info msg=ConnectionClosed connectionID=135
time="2026-09-02T20:22:36-07:00" level=info msg=NewConnection DisableClientMultiStatements=false connectionID=137
time="2026-09-02T20:22:36-07:00" level=info msg=ConnectionClosed connectionID=136
time="2026-09-02T20:22:36-07:00" level=info msg=NewConnection DisableClientMultiStatements=false connectionID=138
time="2026-09-02T20:22:36-07:00" level=info msg=ConnectionClosed connectionID=138
time="2026-09-02T20:22:36-07:00" level=info msg=ConnectionClosed connectionID=137
time="2026-09-02T20:22:36-07:00" level=info msg=NewConnection DisableClientMultiStatements=false connectionID=139
time="2026-09-02T20:22:36-07:00" level=info msg=ConnectionClosed connectionID=139
time="2026-09-02T20:22:36-07:00" level=info msg=NewConnection DisableClientMultiStatements=false connectionID=140
time="2026-09-02T20:22:36-07:00" level=info msg=ConnectionClosed connectionID=140
time="2026-09-02T20:22:36-07:00" level=info msg=NewConnection DisableClientMultiStatements=false connectionID=141
time="2026-09-02T20:22:36-07:00" level=info msg=ConnectionClosed connectionID=141
time="2026-09-02T20:22:36-07:00" level=info msg=NewConnection DisableClientMultiStatements=false connectionID=142
time="2026-09-02T20:22:36-07:00" level=info msg=ConnectionClosed connectionID=142
time="2026-09-02T20:22:36-07:00" level=info msg=NewConnection DisableClientMultiStatements=false connectionID=143
time="2026-09-02T20:22:36-07:00" level=info msg=NewConnection DisableClientMultiStatements=false connectionID=144
time="2026-09-02T20:22:36-07:00" level=info msg=ConnectionClosed connectionID=143
time="2026-09-02T20:22:36-07:00" level=info msg=NewConnection DisableClientMultiStatements=false connectionID=145
time="2026-09-02T20:22:36-07:00" level=info msg=ConnectionClosed connectionID=145
time="2026-09-02T20:22:36-07:00" level=info msg=ConnectionClosed connectionID=144
time="2026-09-02T20:22:36-07:00" level=info msg=NewConnection DisableClientMultiStatements=false connectionID=146
time="2026-09-02T20:22:36-07:00" level=info msg=ConnectionClosed connectionID=146
time="2026-09-02T20:22:36-07:00" level=info msg=NewConnection DisableClientMultiStatements=false connectionID=147
time="2026-09-02T20:22:36-07:00" level=info msg=ConnectionClosed connectionID=147
time="2026-09-02T20:22:36-07:00" level=info msg=NewConnection DisableClientMultiStatements=false connectionID=148
time="2026-09-02T20:22:36-07:00" level=info msg=ConnectionClosed connectionID=148
/tmp/f5c-before/tests/integration/test_reopen_roundtrip.py:215: AttributeError: 'Beads' object has no attribute 'reopen'
=========================== short test summary info ============================
FAILED tests/integration/test_reopen_roundtrip.py::test_full_correction_cycle_reopen_claim_resolve_reads_back_corrected_text
FAILED tests/integration/test_reopen_roundtrip.py::test_reopen_clears_closed_at_and_the_cost_is_visible
FAILED tests/integration/test_reopen_roundtrip.py::test_reopen_clears_the_stale_assignee_bd_leaves_behind
FAILED tests/integration/test_reopen_roundtrip.py::test_resolve_on_a_closed_item_with_divergent_text_refuses_and_writes_nothing
FAILED tests/integration/test_reopen_roundtrip.py::test_resolve_on_a_closed_item_with_identical_text_is_idempotent
FAILED tests/integration/test_reopen_roundtrip.py::test_reopen_refuses_an_item_that_is_not_resolved
FAILED tests/integration/test_reopen_roundtrip.py::test_reopen_twice_refuses_the_second_time
FAILED tests/integration/test_reopen_roundtrip.py::test_measured_close_reason_disposition_across_a_reopen
8 failed in 9.48s
