.F                                                                       [100%]
=================================== FAILURES ===================================
E   AssertionError:   [PASS] version                             bd 1.1.2
        [PASS] capabilities                        all required bd commands present
        [PASS] resolve.fenced                      stale holder refused, as required
        [PASS] release.reopens_unresolved          release reopens a held item with no resolution, and it is re-claimable
        [PASS] claim.subcommand                    --claim present, rejects --assignee as expected
        [PASS] claim.atomic                        skipped (--quick); run full doctor before trusting parallel agents
        [PASS] claim.directed_atomic               skipped (--quick); run full doctor before trusting parallel agents
        [PASS] link.nonblocking                    discovered-from is non-blocking
        [PASS] list.includes_closed                all-flag required and working
        [PASS] list.status_filter_includes_closed  an explicit --status filter shows closed items without --all
        [PASS] show.dependents                     reverse link visible (1 links)
        [PASS] read.no_mutation                    repeated reads (including not-found/wrong-project misses) leave status, holder, and metadata unchanged
        [PASS] resolution.readable                 resolution text round-trips
        [PASS] timestamps.readable                 created_at/updated_at/closed_at all round-trip as real datetimes
        [PASS] metadata.roundtrip                  arbitrary JSON metadata round-trips
        [PASS] project.name_rules                  dotted names appear usable now; validator may be relaxed
        [PASS] custody.fresh_survives              a fresh renewal survives regardless of total hold duration
        [PASS] custody.stale_reclaimed             stale custody is reclaimed: custody stale -- last seen 3600s ago (ttl 900s)
        [PASS] custody.idle_not_exempt             awaiting_human with stale custody is still reclaimed: custody stale -- last seen 3600s ago (ttl 900s)
        [PASS] custody.fenced                      old holder's renew and resolve are both refused after takeover
        [PASS] project.removal                     remove() drops both the directory and database; re-create afterward is genuinely empty
        [PASS] project.create_atomic               an abandoned creation lock (dead pid) is healed automatically and create() completes fresh in the same call; path=/tmp/awtcontract_tqtyd9us/projects/contract1788405578811atomic
        [PASS] project.creation_state_reporting    creation_state distinguishes none/creating/abandoned correctly
        [PASS] service.installed                   installed and active (unit: /home/bkrabach/.config/systemd/user/amplifier-work-tracker.service)
        [PASS] dolt.reachable                      dolt sql-server responds on 127.0.0.1:49641
        [FAIL] sweeps.alive                        no heartbeat ever recorded for the reap sweep loop -- it may never have started, or the heartbeat file was removed; restart the service (`amplifier-work-tracker service restart`); no heartbeat ever recorded for the notify sweep loop -- it may never have started, or the heartbeat file was removed; restart the service (`amplifier-work-tracker service restart`)
        [PASS] service.restart_policy              installed unit has Restart=always -- survives a clean/unintended exit
      
      1 assumption(s) VIOLATED. Beads has changed underneath us.
      Fix scope: amplifier_work_tracker/adapter.py only -- nothing above the seam encodes Beads behaviour.
      project 'contract1788405578811atomic': healing an abandoned creation attempt (lock /tmp/awtcontract_tqtyd9us/projects/contract1788405578811atomic/.create.lock named a dead pid) before retrying
      
    assert 1 == 0
     +  where 1 = CompletedProcess(args=['/home/bkrabach/dev/hw-model-performance/lanes/f5c-work-tracker-reopen/amplifier-work-tracker/....(lock /tmp/awtcontract_tqtyd9us/projects/contract1788405578811atomic/.create.lock named a dead pid) before retrying\n").returncode
----------------------------- Captured stdout call -----------------------------


----------------------------- Captured stderr call -----------------------------
time="2026-09-02T20:19:38-07:00" level=info msg=NewConnection DisableClientMultiStatements=false connectionID=2
time="2026-09-02T20:19:38-07:00" level=info msg=ConnectionClosed connectionID=2
time="2026-09-02T20:19:39-07:00" level=info msg=NewConnection DisableClientMultiStatements=false connectionID=3
time="2026-09-02T20:19:39-07:00" level=info msg=ConnectionClosed connectionID=3
time="2026-09-02T20:19:39-07:00" level=info msg=NewConnection DisableClientMultiStatements=false connectionID=4
time="2026-09-02T20:19:39-07:00" level=info msg=NewConnection DisableClientMultiStatements=false connectionID=5
time="2026-09-02T20:19:39-07:00" level=info msg=ConnectionClosed connectionID=4
time="2026-09-02T20:19:39-07:00" level=warning msg="error running query" connectTime="2026-09-02 20:19:39.225952903 -0700 PDT m=+0.642133758" connectionDb=contract1788405578811 connectionID=5 error="table not found: schema_migrations" queryTime="2026-09-02 20:19:39.227179844 -0700 PDT m=+0.643360715"
time="2026-09-02T20:19:39-07:00" level=info msg=NewConnection DisableClientMultiStatements=false connectionID=6
time="2026-09-02T20:19:39-07:00" level=warning msg="error running query" connectTime="2026-09-02 20:19:39.227569587 -0700 PDT m=+0.643750458" connectionDb=contract1788405578811 connectionID=6 error="table not found: schema_migrations" queryTime="2026-09-02 20:19:39.228468448 -0700 PDT m=+0.644649319"
time="2026-09-02T20:19:39-07:00" level=warning msg="error running query" connectTime="2026-09-02 20:19:39.227569587 -0700 PDT m=+0.643750458" connectionDb=contract1788405578811 connectionID=6 error="table not found: schema_migrations" queryTime="2026-09-02 20:19:39.229670589 -0700 PDT m=+0.645851444"
time="2026-09-02T20:19:39-07:00" level=warning msg="error running query" connectTime="2026-09-02 20:19:39.227569587 -0700 PDT m=+0.643750458" connectionDb=contract1788405578811 connectionID=6 error="table not found: schema_migrations" queryTime="2026-09-02 20:19:39.231568551 -0700 PDT m=+0.647749422"
time="2026-09-02T20:19:40-07:00" level=warning msg="error running query" connectTime="2026-09-02 20:19:39.227569587 -0700 PDT m=+0.643750458" connectionDb=contract1788405578811 connectionID=6 error="table not found: ignored_schema_migrations" queryTime="2026-09-02 20:19:40.976721535 -0700 PDT m=+2.392902390"
time="2026-09-02T20:19:41-07:00" level=info msg=ConnectionClosed connectionID=6
time="2026-09-02T20:19:41-07:00" level=info msg=ConnectionClosed connectionID=5
time="2026-09-02T20:19:41-07:00" level=info msg=NewConnection DisableClientMultiStatements=false connectionID=7
time="2026-09-02T20:19:41-07:00" level=info msg=ConnectionClosed connectionID=7
time="2026-09-02T20:19:41-07:00" level=info msg=NewConnection DisableClientMultiStatements=false connectionID=8
time="2026-09-02T20:19:41-07:00" level=info msg=NewConnection DisableClientMultiStatements=false connectionID=9
time="2026-09-02T20:19:41-07:00" level=info msg=ConnectionClosed connectionID=8
time="2026-09-02T20:19:41-07:00" level=info msg=ConnectionClosed connectionID=9
time="2026-09-02T20:19:41-07:00" level=info msg=NewConnection DisableClientMultiStatements=false connectionID=10
time="2026-09-02T20:19:41-07:00" level=info msg=ConnectionClosed connectionID=10
time="2026-09-02T20:19:41-07:00" level=info msg=NewConnection DisableClientMultiStatements=false connectionID=11
time="2026-09-02T20:19:41-07:00" level=info msg=NewConnection DisableClientMultiStatements=false connectionID=12
time="2026-09-02T20:19:41-07:00" level=info msg=ConnectionClosed connectionID=11
time="2026-09-02T20:19:41-07:00" level=info msg=ConnectionClosed connectionID=12
time="2026-09-02T20:19:42-07:00" level=info msg=NewConnection DisableClientMultiStatements=false connectionID=13
time="2026-09-02T20:19:42-07:00" level=info msg=ConnectionClosed connectionID=13
time="2026-09-02T20:19:42-07:00" level=info msg=NewConnection DisableClientMultiStatements=false connectionID=14
time="2026-09-02T20:19:42-07:00" level=info msg=NewConnection DisableClientMultiStatements=false connectionID=15
time="2026-09-02T20:19:42-07:00" level=info msg=ConnectionClosed connectionID=14
time="2026-09-02T20:19:42-07:00" level=info msg=ConnectionClosed connectionID=15
time="2026-09-02T20:19:42-07:00" level=info msg=NewConnection DisableClientMultiStatements=false connectionID=16
time="2026-09-02T20:19:42-07:00" level=info msg=ConnectionClosed connectionID=16
time="2026-09-02T20:19:42-07:00" level=info msg=NewConnection DisableClientMultiStatements=false connectionID=17
time="2026-09-02T20:19:42-07:00" level=info msg=ConnectionClosed connectionID=17
time="2026-09-02T20:19:42-07:00" level=info msg=NewConnection DisableClientMultiStatements=false connectionID=18
time="2026-09-02T20:19:42-07:00" level=info msg=ConnectionClosed connectionID=18
time="2026-09-02T20:19:42-07:00" level=info msg=NewConnection DisableClientMultiStatements=false connectionID=19
time="2026-09-02T20:19:42-07:00" level=info msg=ConnectionClosed connectionID=19
time="2026-09-02T20:19:42-07:00" level=info msg=NewConnection DisableClientMultiStatements=false connectionID=20
time="2026-09-02T20:19:42-07:00" level=info msg=ConnectionClosed connectionID=20
time="2026-09-02T20:19:42-07:00" level=info msg=NewConnection DisableClientMultiStatements=false connectionID=21
time="2026-09-02T20:19:42-07:00" level=info msg=NewConnection DisableClientMultiStatements=false connectionID=22
time="2026-09-02T20:19:42-07:00" level=info msg=ConnectionClosed connectionID=21
time="2026-09-02T20:19:42-07:00" level=info msg=NewConnection DisableClientMultiStatements=false connectionID=23
time="2026-09-02T20:19:42-07:00" level=info msg=ConnectionClosed connectionID=23
time="2026-09-02T20:19:42-07:00" level=warning msg="error running query" connectTime="2026-09-02 20:19:42.691515019 -0700 PDT m=+4.107695906" connectionDb=contract1788405578811 connectionID=22 error="backup 'backup_export' not found" queryTime="2026-09-02 20:19:42.783267791 -0700 PDT m=+4.199448678"
time="2026-09-02T20:19:42-07:00" level=info msg=ConnectionClosed connectionID=22
time="2026-09-02T20:19:42-07:00" level=info msg=NewConnection DisableClientMultiStatements=false connectionID=24
time="2026-09-02T20:19:42-07:00" level=info msg=ConnectionClosed connectionID=24
time="2026-09-02T20:19:42-07:00" level=info msg=NewConnection DisableClientMultiStatements=false connectionID=25
time="2026-09-02T20:19:42-07:00" level=info msg=NewConnection DisableClientMultiStatements=false connectionID=26
time="2026-09-02T20:19:42-07:00" level=info msg=ConnectionClosed connectionID=25
time="2026-09-02T20:19:43-07:00" level=info msg=ConnectionClosed connectionID=26
time="2026-09-02T20:19:43-07:00" level=info msg=NewConnection DisableClientMultiStatements=false connectionID=27
time="2026-09-02T20:19:43-07:00" level=info msg=ConnectionClosed connectionID=27
time="2026-09-02T20:19:43-07:00" level=info msg=NewConnection DisableClientMultiStatements=false connectionID=28
time="2026-09-02T20:19:43-07:00" level=info msg=ConnectionClosed connectionID=28
time="2026-09-02T20:19:43-07:00" level=info msg=NewConnection DisableClientMultiStatements=false connectionID=29
time="2026-09-02T20:19:43-07:00" level=info msg=ConnectionClosed connectionID=29
time="2026-09-02T20:19:43-07:00" level=info msg=NewConnection DisableClientMultiStatements=false connectionID=30
time="2026-09-02T20:19:43-07:00" level=info msg=ConnectionClosed connectionID=30
time="2026-09-02T20:19:43-07:00" level=info msg=NewConnection DisableClientMultiStatements=false connectionID=31
time="2026-09-02T20:19:43-07:00" level=info msg=NewConnection DisableClientMultiStatements=false connectionID=32
time="2026-09-02T20:19:43-07:00" level=info msg=ConnectionClosed connectionID=31
time="2026-09-02T20:19:43-07:00" level=info msg=NewConnection DisableClientMultiStatements=false connectionID=33
time="2026-09-02T20:19:43-07:00" level=info msg=ConnectionClosed connectionID=33
time="2026-09-02T20:19:43-07:00" level=info msg=ConnectionClosed connectionID=32
time="2026-09-02T20:19:43-07:00" level=info msg=NewConnection DisableClientMultiStatements=false connectionID=34
time="2026-09-02T20:19:43-07:00" level=info msg=ConnectionClosed connectionID=34
time="2026-09-02T20:19:43-07:00" level=info msg=NewConnection DisableClientMultiStatements=false connectionID=35
time="2026-09-02T20:19:43-07:00" level=info msg=NewConnection DisableClientMultiStatements=false connectionID=36
time="2026-09-02T20:19:43-07:00" level=info msg=ConnectionClosed connectionID=35
time="2026-09-02T20:19:43-07:00" level=info msg=ConnectionClosed connectionID=36
time="2026-09-02T20:19:43-07:00" level=info msg=NewConnection DisableClientMultiStatements=false connectionID=37
time="2026-09-02T20:19:43-07:00" level=info msg=ConnectionClosed connectionID=37
time="2026-09-02T20:19:43-07:00" level=info msg=NewConnection DisableClientMultiStatements=false connectionID=38
time="2026-09-02T20:19:43-07:00" level=info msg=ConnectionClosed connectionID=38
time="2026-09-02T20:19:43-07:00" level=info msg=NewConnection DisableClientMultiStatements=false connectionID=39
time="2026-09-02T20:19:43-07:00" level=info msg=ConnectionClosed connectionID=39
time="2026-09-02T20:19:43-07:00" level=info msg=NewConnection DisableClientMultiStatements=false connectionID=40
time="2026-09-02T20:19:43-07:00" level=info msg=ConnectionClosed connectionID=40
time="2026-09-02T20:19:43-07:00" level=info msg=NewConnection DisableClientMultiStatements=false connectionID=41
time="2026-09-02T20:19:43-07:00" level=info msg=NewConnection DisableClientMultiStatements=false connectionID=42
time="2026-09-02T20:19:43-07:00" level=info msg=ConnectionClosed connectionID=41
time="2026-09-02T20:19:43-07:00" level=info msg=NewConnection DisableClientMultiStatements=false connectionID=43
time="2026-09-02T20:19:43-07:00" level=info msg=ConnectionClosed connectionID=43
time="2026-09-02T20:19:43-07:00" level=info msg=ConnectionClosed connectionID=42
time="2026-09-02T20:19:43-07:00" level=info msg=NewConnection DisableClientMultiStatements=false connectionID=44
time="2026-09-02T20:19:43-07:00" level=info msg=ConnectionClosed connectionID=44
time="2026-09-02T20:19:43-07:00" level=info msg=NewConnection DisableClientMultiStatements=false connectionID=45
time="2026-09-02T20:19:43-07:00" level=info msg=NewConnection DisableClientMultiStatements=false connectionID=46
time="2026-09-02T20:19:43-07:00" level=info msg=ConnectionClosed connectionID=45
time="2026-09-02T20:19:44-07:00" level=info msg=ConnectionClosed connectionID=46
time="2026-09-02T20:19:44-07:00" level=info msg=NewConnection DisableClientMultiStatements=false connectionID=47
time="2026-09-02T20:19:44-07:00" level=info msg=ConnectionClosed connectionID=47
time="2026-09-02T20:19:44-07:00" level=info msg=NewConnection DisableClientMultiStatements=false connectionID=48
time="2026-09-02T20:19:44-07:00" level=info msg=ConnectionClosed connectionID=48
time="2026-09-02T20:19:44-07:00" level=info msg=NewConnection DisableClientMultiStatements=false connectionID=49
time="2026-09-02T20:19:44-07:00" level=info msg=ConnectionClosed connectionID=49
time="2026-09-02T20:19:44-07:00" level=info msg=NewConnection DisableClientMultiStatements=false connectionID=50
time="2026-09-02T20:19:44-07:00" level=info msg=ConnectionClosed connectionID=50
time="2026-09-02T20:19:44-07:00" level=info msg=NewConnection DisableClientMultiStatements=false connectionID=51
time="2026-09-02T20:19:44-07:00" level=info msg=NewConnection DisableClientMultiStatements=false connectionID=52
time="2026-09-02T20:19:44-07:00" level=info msg=ConnectionClosed connectionID=51
time="2026-09-02T20:19:44-07:00" level=info msg=NewConnection DisableClientMultiStatements=false connectionID=53
time="2026-09-02T20:19:44-07:00" level=info msg=ConnectionClosed connectionID=53
time="2026-09-02T20:19:44-07:00" level=info msg=ConnectionClosed connectionID=52
time="2026-09-02T20:19:44-07:00" level=info msg=NewConnection DisableClientMultiStatements=false connectionID=54
time="2026-09-02T20:19:44-07:00" level=info msg=ConnectionClosed connectionID=54
time="2026-09-02T20:19:44-07:00" level=info msg=NewConnection DisableClientMultiStatements=false connectionID=55
time="2026-09-02T20:19:44-07:00" level=info msg=ConnectionClosed connectionID=55
time="2026-09-02T20:19:44-07:00" level=info msg=NewConnection DisableClientMultiStatements=false connectionID=56
time="2026-09-02T20:19:44-07:00" level=info msg=ConnectionClosed connectionID=56
time="2026-09-02T20:19:44-07:00" level=info msg=NewConnection DisableClientMultiStatements=false connectionID=57
time="2026-09-02T20:19:44-07:00" level=info msg=ConnectionClosed connectionID=57
time="2026-09-02T20:19:44-07:00" level=info msg=NewConnection DisableClientMultiStatements=false connectionID=58
time="2026-09-02T20:19:44-07:00" level=info msg=NewConnection DisableClientMultiStatements=false connectionID=59
time="2026-09-02T20:19:44-07:00" level=info msg=ConnectionClosed connectionID=58
time="2026-09-02T20:19:44-07:00" level=info msg=ConnectionClosed connectionID=59
time="2026-09-02T20:19:44-07:00" level=info msg=NewConnection DisableClientMultiStatements=false connectionID=60
time="2026-09-02T20:19:44-07:00" level=info msg=ConnectionClosed connectionID=60
time="2026-09-02T20:19:44-07:00" level=info msg=NewConnection DisableClientMultiStatements=false connectionID=61
time="2026-09-02T20:19:44-07:00" level=info msg=NewConnection DisableClientMultiStatements=false connectionID=62
time="2026-09-02T20:19:44-07:00" level=info msg=ConnectionClosed connectionID=61
time="2026-09-02T20:19:44-07:00" level=info msg=ConnectionClosed connectionID=62
time="2026-09-02T20:19:44-07:00" level=info msg=NewConnection DisableClientMultiStatements=false connectionID=63
time="2026-09-02T20:19:44-07:00" level=info msg=ConnectionClosed connectionID=63
time="2026-09-02T20:19:44-07:00" level=info msg=NewConnection DisableClientMultiStatements=false connectionID=64
time="2026-09-02T20:19:44-07:00" level=info msg=NewConnection DisableClientMultiStatements=false connectionID=65
time="2026-09-02T20:19:44-07:00" level=info msg=ConnectionClosed connectionID=64
time="2026-09-02T20:19:44-07:00" level=info msg=NewConnection DisableClientMultiStatements=false connectionID=66
time="2026-09-02T20:19:44-07:00" level=info msg=ConnectionClosed connectionID=66
time="2026-09-02T20:19:44-07:00" level=info msg=ConnectionClosed connectionID=65
time="2026-09-02T20:19:45-07:00" level=info msg=NewConnection DisableClientMultiStatements=false connectionID=67
time="2026-09-02T20:19:45-07:00" level=info msg=ConnectionClosed connectionID=67
time="2026-09-02T20:19:45-07:00" level=info msg=NewConnection DisableClientMultiStatements=false connectionID=68
time="2026-09-02T20:19:45-07:00" level=info msg=NewConnection DisableClientMultiStatements=false connectionID=69
time="2026-09-02T20:19:45-07:00" level=info msg=ConnectionClosed connectionID=68
time="2026-09-02T20:19:45-07:00" level=info msg=NewConnection DisableClientMultiStatements=false connectionID=70
time="2026-09-02T20:19:45-07:00" level=info msg=ConnectionClosed connectionID=70
time="2026-09-02T20:19:45-07:00" level=info msg=ConnectionClosed connectionID=69
time="2026-09-02T20:19:45-07:00" level=info msg=NewConnection DisableClientMultiStatements=false connectionID=71
time="2026-09-02T20:19:45-07:00" level=info msg=ConnectionClosed connectionID=71
time="2026-09-02T20:19:45-07:00" level=info msg=NewConnection DisableClientMultiStatements=false connectionID=72
time="2026-09-02T20:19:45-07:00" level=info msg=ConnectionClosed connectionID=72
time="2026-09-02T20:19:45-07:00" level=info msg=NewConnection DisableClientMultiStatements=false connectionID=73
time="2026-09-02T20:19:45-07:00" level=info msg=ConnectionClosed connectionID=73
time="2026-09-02T20:19:45-07:00" level=info msg=NewConnection DisableClientMultiStatements=false connectionID=74
time="2026-09-02T20:19:45-07:00" level=info msg=NewConnection DisableClientMultiStatements=false connectionID=75
time="2026-09-02T20:19:45-07:00" level=info msg=ConnectionClosed connectionID=74
time="2026-09-02T20:19:45-07:00" level=info msg=NewConnection DisableClientMultiStatements=false connectionID=76
time="2026-09-02T20:19:45-07:00" level=info msg=ConnectionClosed connectionID=76
time="2026-09-02T20:19:45-07:00" level=info msg=ConnectionClosed connectionID=75
time="2026-09-02T20:19:45-07:00" level=info msg=NewConnection DisableClientMultiStatements=false connectionID=77
time="2026-09-02T20:19:45-07:00" level=info msg=ConnectionClosed connectionID=77
time="2026-09-02T20:19:45-07:00" level=info msg=NewConnection DisableClientMultiStatements=false connectionID=78
time="2026-09-02T20:19:45-07:00" level=info msg=NewConnection DisableClientMultiStatements=false connectionID=79
time="2026-09-02T20:19:45-07:00" level=info msg=ConnectionClosed connectionID=78
time="2026-09-02T20:19:45-07:00" level=info msg=NewConnection DisableClientMultiStatements=false connectionID=80
time="2026-09-02T20:19:45-07:00" level=info msg=ConnectionClosed connectionID=80
time="2026-09-02T20:19:45-07:00" level=info msg=ConnectionClosed connectionID=79
time="2026-09-02T20:19:45-07:00" level=info msg=NewConnection DisableClientMultiStatements=false connectionID=81
time="2026-09-02T20:19:45-07:00" level=info msg=ConnectionClosed connectionID=81
time="2026-09-02T20:19:45-07:00" level=info msg=NewConnection DisableClientMultiStatements=false connectionID=82
time="2026-09-02T20:19:45-07:00" level=info msg=ConnectionClosed connectionID=82
time="2026-09-02T20:19:45-07:00" level=info msg=NewConnection DisableClientMultiStatements=false connectionID=83
time="2026-09-02T20:19:45-07:00" level=info msg=ConnectionClosed connectionID=83
time="2026-09-02T20:19:45-07:00" level=info msg=NewConnection DisableClientMultiStatements=false connectionID=84
time="2026-09-02T20:19:45-07:00" level=info msg=ConnectionClosed connectionID=84
time="2026-09-02T20:19:45-07:00" level=info msg=NewConnection DisableClientMultiStatements=false connectionID=85
time="2026-09-02T20:19:45-07:00" level=info msg=ConnectionClosed connectionID=85
time="2026-09-02T20:19:45-07:00" level=info msg=NewConnection DisableClientMultiStatements=false connectionID=86
time="2026-09-02T20:19:45-07:00" level=info msg=ConnectionClosed connectionID=86
time="2026-09-02T20:19:45-07:00" level=info msg=NewConnection DisableClientMultiStatements=false connectionID=87
time="2026-09-02T20:19:45-07:00" level=info msg=ConnectionClosed connectionID=87
time="2026-09-02T20:19:46-07:00" level=info msg=NewConnection DisableClientMultiStatements=false connectionID=88
time="2026-09-02T20:19:46-07:00" level=info msg=ConnectionClosed connectionID=88
time="2026-09-02T20:19:46-07:00" level=info msg=NewConnection DisableClientMultiStatements=false connectionID=89
time="2026-09-02T20:19:46-07:00" level=info msg=NewConnection DisableClientMultiStatements=false connectionID=90
time="2026-09-02T20:19:46-07:00" level=info msg=ConnectionClosed connectionID=89
time="2026-09-02T20:19:46-07:00" level=info msg=NewConnection DisableClientMultiStatements=false connectionID=91
time="2026-09-02T20:19:46-07:00" level=info msg=ConnectionClosed connectionID=91
time="2026-09-02T20:19:46-07:00" level=info msg=ConnectionClosed connectionID=90
time="2026-09-02T20:19:46-07:00" level=info msg=NewConnection DisableClientMultiStatements=false connectionID=92
time="2026-09-02T20:19:46-07:00" level=info msg=ConnectionClosed connectionID=92
time="2026-09-02T20:19:46-07:00" level=info msg=NewConnection DisableClientMultiStatements=false connectionID=93
time="2026-09-02T20:19:46-07:00" level=info msg=NewConnection DisableClientMultiStatements=false connectionID=94
time="2026-09-02T20:19:46-07:00" level=info msg=ConnectionClosed connectionID=93
time="2026-09-02T20:19:46-07:00" level=info msg=NewConnection DisableClientMultiStatements=false connectionID=95
time="2026-09-02T20:19:46-07:00" level=info msg=ConnectionClosed connectionID=95
time="2026-09-02T20:19:46-07:00" level=info msg=ConnectionClosed connectionID=94
time="2026-09-02T20:19:46-07:00" level=info msg=NewConnection DisableClientMultiStatements=false connectionID=96
time="2026-09-02T20:19:46-07:00" level=info msg=ConnectionClosed connectionID=96
time="2026-09-02T20:19:46-07:00" level=info msg=NewConnection DisableClientMultiStatements=false connectionID=97
time="2026-09-02T20:19:46-07:00" level=info msg=ConnectionClosed connectionID=97
time="2026-09-02T20:19:46-07:00" level=info msg=NewConnection DisableClientMultiStatements=false connectionID=98
time="2026-09-02T20:19:46-07:00" level=info msg=ConnectionClosed connectionID=98
time="2026-09-02T20:19:46-07:00" level=info msg=NewConnection DisableClientMultiStatements=false connectionID=99
time="2026-09-02T20:19:46-07:00" level=info msg=ConnectionClosed connectionID=99
time="2026-09-02T20:19:46-07:00" level=info msg=NewConnection DisableClientMultiStatements=false connectionID=100
time="2026-09-02T20:19:46-07:00" level=info msg=ConnectionClosed connectionID=100
time="2026-09-02T20:19:46-07:00" level=info msg=NewConnection DisableClientMultiStatements=false connectionID=101
time="2026-09-02T20:19:46-07:00" level=info msg=ConnectionClosed connectionID=101
time="2026-09-02T20:19:46-07:00" level=info msg=NewConnection DisableClientMultiStatements=false connectionID=102
time="2026-09-02T20:19:46-07:00" level=info msg=NewConnection DisableClientMultiStatements=false connectionID=103
time="2026-09-02T20:19:46-07:00" level=info msg=ConnectionClosed connectionID=102
time="2026-09-02T20:19:46-07:00" level=info msg=NewConnection DisableClientMultiStatements=false connectionID=104
time="2026-09-02T20:19:46-07:00" level=info msg=ConnectionClosed connectionID=104
time="2026-09-02T20:19:46-07:00" level=info msg=ConnectionClosed connectionID=103
time="2026-09-02T20:19:47-07:00" level=info msg=NewConnection DisableClientMultiStatements=false connectionID=105
time="2026-09-02T20:19:47-07:00" level=info msg=ConnectionClosed connectionID=105
time="2026-09-02T20:19:47-07:00" level=info msg=NewConnection DisableClientMultiStatements=false connectionID=106
time="2026-09-02T20:19:47-07:00" level=info msg=NewConnection DisableClientMultiStatements=false connectionID=107
time="2026-09-02T20:19:47-07:00" level=info msg=ConnectionClosed connectionID=106
time="2026-09-02T20:19:47-07:00" level=info msg=NewConnection DisableClientMultiStatements=false connectionID=108
time="2026-09-02T20:19:47-07:00" level=info msg=ConnectionClosed connectionID=108
time="2026-09-02T20:19:47-07:00" level=info msg=ConnectionClosed connectionID=107
time="2026-09-02T20:19:47-07:00" level=info msg=NewConnection DisableClientMultiStatements=false connectionID=109
time="2026-09-02T20:19:47-07:00" level=info msg=ConnectionClosed connectionID=109
time="2026-09-02T20:19:47-07:00" level=info msg=NewConnection DisableClientMultiStatements=false connectionID=110
time="2026-09-02T20:19:47-07:00" level=info msg=NewConnection DisableClientMultiStatements=false connectionID=111
time="2026-09-02T20:19:47-07:00" level=info msg=ConnectionClosed connectionID=110
time="2026-09-02T20:19:47-07:00" level=info msg=ConnectionClosed connectionID=111
time="2026-09-02T20:19:47-07:00" level=info msg=NewConnection DisableClientMultiStatements=false connectionID=112
time="2026-09-02T20:19:47-07:00" level=info msg=ConnectionClosed connectionID=112
time="2026-09-02T20:19:47-07:00" level=info msg=NewConnection DisableClientMultiStatements=false connectionID=113
time="2026-09-02T20:19:47-07:00" level=info msg=NewConnection DisableClientMultiStatements=false connectionID=114
time="2026-09-02T20:19:47-07:00" level=info msg=ConnectionClosed connectionID=113
time="2026-09-02T20:19:47-07:00" level=info msg=ConnectionClosed connectionID=114
time="2026-09-02T20:19:47-07:00" level=info msg=NewConnection DisableClientMultiStatements=false connectionID=115
time="2026-09-02T20:19:47-07:00" level=info msg=ConnectionClosed connectionID=115
time="2026-09-02T20:19:47-07:00" level=info msg=NewConnection DisableClientMultiStatements=false connectionID=116
time="2026-09-02T20:19:47-07:00" level=info msg=NewConnection DisableClientMultiStatements=false connectionID=117
time="2026-09-02T20:19:47-07:00" level=info msg=ConnectionClosed connectionID=116
time="2026-09-02T20:19:47-07:00" level=info msg=NewConnection DisableClientMultiStatements=false connectionID=118
time="2026-09-02T20:19:47-07:00" level=info msg=ConnectionClosed connectionID=118
time="2026-09-02T20:19:47-07:00" level=info msg=ConnectionClosed connectionID=117
time="2026-09-02T20:19:47-07:00" level=info msg=NewConnection DisableClientMultiStatements=false connectionID=119
time="2026-09-02T20:19:47-07:00" level=info msg=ConnectionClosed connectionID=119
time="2026-09-02T20:19:47-07:00" level=info msg=NewConnection DisableClientMultiStatements=false connectionID=120
time="2026-09-02T20:19:47-07:00" level=info msg=ConnectionClosed connectionID=120
time="2026-09-02T20:19:47-07:00" level=info msg=NewConnection DisableClientMultiStatements=false connectionID=121
time="2026-09-02T20:19:47-07:00" level=info msg=ConnectionClosed connectionID=121
time="2026-09-02T20:19:47-07:00" level=info msg=NewConnection DisableClientMultiStatements=false connectionID=122
time="2026-09-02T20:19:47-07:00" level=info msg=ConnectionClosed connectionID=122
time="2026-09-02T20:19:47-07:00" level=info msg=NewConnection DisableClientMultiStatements=false connectionID=123
time="2026-09-02T20:19:47-07:00" level=info msg=ConnectionClosed connectionID=123
time="2026-09-02T20:19:47-07:00" level=info msg=NewConnection DisableClientMultiStatements=false connectionID=124
time="2026-09-02T20:19:47-07:00" level=info msg=ConnectionClosed connectionID=124
time="2026-09-02T20:19:47-07:00" level=info msg=NewConnection DisableClientMultiStatements=false connectionID=125
time="2026-09-02T20:19:47-07:00" level=info msg=ConnectionClosed connectionID=125
time="2026-09-02T20:19:48-07:00" level=info msg=NewConnection DisableClientMultiStatements=false connectionID=126
time="2026-09-02T20:19:48-07:00" level=info msg=ConnectionClosed connectionID=126
time="2026-09-02T20:19:48-07:00" level=info msg=NewConnection DisableClientMultiStatements=false connectionID=127
time="2026-09-02T20:19:48-07:00" level=info msg=ConnectionClosed connectionID=127
time="2026-09-02T20:19:48-07:00" level=info msg=NewConnection DisableClientMultiStatements=false connectionID=128
time="2026-09-02T20:19:48-07:00" level=info msg=ConnectionClosed connectionID=128
time="2026-09-02T20:19:48-07:00" level=info msg=NewConnection DisableClientMultiStatements=false connectionID=129
time="2026-09-02T20:19:48-07:00" level=info msg=ConnectionClosed connectionID=129
time="2026-09-02T20:19:48-07:00" level=info msg=NewConnection DisableClientMultiStatements=false connectionID=130
time="2026-09-02T20:19:48-07:00" level=info msg=ConnectionClosed connectionID=130
time="2026-09-02T20:19:48-07:00" level=info msg=NewConnection DisableClientMultiStatements=false connectionID=131
time="2026-09-02T20:19:48-07:00" level=info msg=ConnectionClosed connectionID=131
time="2026-09-02T20:19:48-07:00" level=info msg=NewConnection DisableClientMultiStatements=false connectionID=132
time="2026-09-02T20:19:48-07:00" level=info msg=ConnectionClosed connectionID=132
time="2026-09-02T20:19:48-07:00" level=info msg=NewConnection DisableClientMultiStatements=false connectionID=133
time="2026-09-02T20:19:48-07:00" level=info msg=ConnectionClosed connectionID=133
time="2026-09-02T20:19:48-07:00" level=info msg=NewConnection DisableClientMultiStatements=false connectionID=134
time="2026-09-02T20:19:48-07:00" level=info msg=ConnectionClosed connectionID=134
time="2026-09-02T20:19:48-07:00" level=info msg=NewConnection DisableClientMultiStatements=false connectionID=135
time="2026-09-02T20:19:48-07:00" level=info msg=ConnectionClosed connectionID=135
time="2026-09-02T20:19:48-07:00" level=info msg=NewConnection DisableClientMultiStatements=false connectionID=136
time="2026-09-02T20:19:48-07:00" level=info msg=ConnectionClosed connectionID=136
time="2026-09-02T20:19:48-07:00" level=info msg=NewConnection DisableClientMultiStatements=false connectionID=137
time="2026-09-02T20:19:48-07:00" level=info msg=ConnectionClosed connectionID=137
time="2026-09-02T20:19:48-07:00" level=info msg=NewConnection DisableClientMultiStatements=false connectionID=138
time="2026-09-02T20:19:48-07:00" level=info msg=ConnectionClosed connectionID=138
time="2026-09-02T20:19:48-07:00" level=info msg=NewConnection DisableClientMultiStatements=false connectionID=139
time="2026-09-02T20:19:48-07:00" level=info msg=ConnectionClosed connectionID=139
time="2026-09-02T20:19:48-07:00" level=info msg=NewConnection DisableClientMultiStatements=false connectionID=140
time="2026-09-02T20:19:48-07:00" level=info msg=ConnectionClosed connectionID=140
time="2026-09-02T20:19:48-07:00" level=info msg=NewConnection DisableClientMultiStatements=false connectionID=141
time="2026-09-02T20:19:48-07:00" level=info msg=ConnectionClosed connectionID=141
time="2026-09-02T20:19:48-07:00" level=info msg=NewConnection DisableClientMultiStatements=false connectionID=142
time="2026-09-02T20:19:48-07:00" level=info msg=ConnectionClosed connectionID=142
time="2026-09-02T20:19:48-07:00" level=info msg=NewConnection DisableClientMultiStatements=false connectionID=143
time="2026-09-02T20:19:48-07:00" level=info msg=ConnectionClosed connectionID=143
time="2026-09-02T20:19:48-07:00" level=info msg=NewConnection DisableClientMultiStatements=false connectionID=144
time="2026-09-02T20:19:48-07:00" level=info msg=ConnectionClosed connectionID=144
time="2026-09-02T20:19:48-07:00" level=info msg=NewConnection DisableClientMultiStatements=false connectionID=145
time="2026-09-02T20:19:48-07:00" level=info msg=ConnectionClosed connectionID=145
time="2026-09-02T20:19:48-07:00" level=info msg=NewConnection DisableClientMultiStatements=false connectionID=146
time="2026-09-02T20:19:48-07:00" level=info msg=ConnectionClosed connectionID=146
time="2026-09-02T20:19:48-07:00" level=info msg=NewConnection DisableClientMultiStatements=false connectionID=147
time="2026-09-02T20:19:48-07:00" level=info msg=ConnectionClosed connectionID=147
time="2026-09-02T20:19:48-07:00" level=info msg=NewConnection DisableClientMultiStatements=false connectionID=148
time="2026-09-02T20:19:48-07:00" level=info msg=NewConnection DisableClientMultiStatements=false connectionID=149
time="2026-09-02T20:19:48-07:00" level=info msg=ConnectionClosed connectionID=148
time="2026-09-02T20:19:48-07:00" level=info msg=NewConnection DisableClientMultiStatements=false connectionID=150
time="2026-09-02T20:19:48-07:00" level=info msg=ConnectionClosed connectionID=150
time="2026-09-02T20:19:48-07:00" level=info msg=ConnectionClosed connectionID=149
time="2026-09-02T20:19:49-07:00" level=info msg=NewConnection DisableClientMultiStatements=false connectionID=151
time="2026-09-02T20:19:49-07:00" level=info msg=ConnectionClosed connectionID=151
time="2026-09-02T20:19:49-07:00" level=info msg=NewConnection DisableClientMultiStatements=false connectionID=152
time="2026-09-02T20:19:49-07:00" level=info msg=NewConnection DisableClientMultiStatements=false connectionID=153
time="2026-09-02T20:19:49-07:00" level=info msg=ConnectionClosed connectionID=152
time="2026-09-02T20:19:49-07:00" level=info msg=NewConnection DisableClientMultiStatements=false connectionID=154
time="2026-09-02T20:19:49-07:00" level=info msg=ConnectionClosed connectionID=154
time="2026-09-02T20:19:49-07:00" level=info msg=ConnectionClosed connectionID=153
time="2026-09-02T20:19:49-07:00" level=info msg=NewConnection DisableClientMultiStatements=false connectionID=155
time="2026-09-02T20:19:49-07:00" level=info msg=ConnectionClosed connectionID=155
time="2026-09-02T20:19:49-07:00" level=info msg=NewConnection DisableClientMultiStatements=false connectionID=156
time="2026-09-02T20:19:49-07:00" level=info msg=ConnectionClosed connectionID=156
time="2026-09-02T20:19:49-07:00" level=info msg=NewConnection DisableClientMultiStatements=false connectionID=157
time="2026-09-02T20:19:49-07:00" level=info msg=ConnectionClosed connectionID=157
time="2026-09-02T20:19:49-07:00" level=info msg=NewConnection DisableClientMultiStatements=false connectionID=158
time="2026-09-02T20:19:49-07:00" level=info msg=ConnectionClosed connectionID=158
time="2026-09-02T20:19:49-07:00" level=info msg=NewConnection DisableClientMultiStatements=false connectionID=159
time="2026-09-02T20:19:49-07:00" level=info msg=ConnectionClosed connectionID=159
time="2026-09-02T20:19:49-07:00" level=info msg=NewConnection DisableClientMultiStatements=false connectionID=160
time="2026-09-02T20:19:49-07:00" level=info msg=ConnectionClosed connectionID=160
time="2026-09-02T20:19:49-07:00" level=info msg=NewConnection DisableClientMultiStatements=false connectionID=161
time="2026-09-02T20:19:49-07:00" level=info msg=ConnectionClosed connectionID=161
time="2026-09-02T20:19:49-07:00" level=info msg=NewConnection DisableClientMultiStatements=false connectionID=162
time="2026-09-02T20:19:49-07:00" level=info msg=NewConnection DisableClientMultiStatements=false connectionID=163
time="2026-09-02T20:19:49-07:00" level=info msg=ConnectionClosed connectionID=162
time="2026-09-02T20:19:49-07:00" level=info msg=NewConnection DisableClientMultiStatements=false connectionID=164
time="2026-09-02T20:19:49-07:00" level=info msg=ConnectionClosed connectionID=164
time="2026-09-02T20:19:49-07:00" level=info msg=ConnectionClosed connectionID=163
time="2026-09-02T20:19:49-07:00" level=info msg=NewConnection DisableClientMultiStatements=false connectionID=165
time="2026-09-02T20:19:49-07:00" level=info msg=ConnectionClosed connectionID=165
time="2026-09-02T20:19:49-07:00" level=info msg=NewConnection DisableClientMultiStatements=false connectionID=166
time="2026-09-02T20:19:49-07:00" level=info msg=ConnectionClosed connectionID=166
time="2026-09-02T20:19:49-07:00" level=info msg=NewConnection DisableClientMultiStatements=false connectionID=167
time="2026-09-02T20:19:49-07:00" level=info msg=ConnectionClosed connectionID=167
time="2026-09-02T20:19:49-07:00" level=info msg=NewConnection DisableClientMultiStatements=false connectionID=168
time="2026-09-02T20:19:49-07:00" level=info msg=ConnectionClosed connectionID=168
time="2026-09-02T20:19:49-07:00" level=info msg=NewConnection DisableClientMultiStatements=false connectionID=169
time="2026-09-02T20:19:49-07:00" level=info msg=NewConnection DisableClientMultiStatements=false connectionID=170
time="2026-09-02T20:19:49-07:00" level=info msg=ConnectionClosed connectionID=169
time="2026-09-02T20:19:49-07:00" level=info msg=NewConnection DisableClientMultiStatements=false connectionID=171
time="2026-09-02T20:19:49-07:00" level=info msg=ConnectionClosed connectionID=171
time="2026-09-02T20:19:49-07:00" level=info msg=ConnectionClosed connectionID=170
time="2026-09-02T20:19:49-07:00" level=info msg=NewConnection DisableClientMultiStatements=false connectionID=172
time="2026-09-02T20:19:49-07:00" level=info msg=ConnectionClosed connectionID=172
time="2026-09-02T20:19:49-07:00" level=info msg=NewConnection DisableClientMultiStatements=false connectionID=173
time="2026-09-02T20:19:49-07:00" level=info msg=ConnectionClosed connectionID=173
time="2026-09-02T20:19:49-07:00" level=info msg=NewConnection DisableClientMultiStatements=false connectionID=174
time="2026-09-02T20:19:49-07:00" level=info msg=ConnectionClosed connectionID=174
time="2026-09-02T20:19:49-07:00" level=info msg=NewConnection DisableClientMultiStatements=false connectionID=175
time="2026-09-02T20:19:49-07:00" level=info msg=ConnectionClosed connectionID=175
time="2026-09-02T20:19:50-07:00" level=info msg=NewConnection DisableClientMultiStatements=false connectionID=176
time="2026-09-02T20:19:50-07:00" level=info msg=ConnectionClosed connectionID=176
time="2026-09-02T20:19:50-07:00" level=info msg=NewConnection DisableClientMultiStatements=false connectionID=177
time="2026-09-02T20:19:50-07:00" level=info msg=ConnectionClosed connectionID=177
time="2026-09-02T20:19:50-07:00" level=info msg=NewConnection DisableClientMultiStatements=false connectionID=178
time="2026-09-02T20:19:50-07:00" level=info msg=ConnectionClosed connectionID=178
time="2026-09-02T20:19:50-07:00" level=info msg=NewConnection DisableClientMultiStatements=false connectionID=179
time="2026-09-02T20:19:50-07:00" level=info msg=NewConnection DisableClientMultiStatements=false connectionID=180
time="2026-09-02T20:19:50-07:00" level=info msg=ConnectionClosed connectionID=179
time="2026-09-02T20:19:50-07:00" level=info msg=NewConnection DisableClientMultiStatements=false connectionID=181
time="2026-09-02T20:19:50-07:00" level=info msg=ConnectionClosed connectionID=181
time="2026-09-02T20:19:50-07:00" level=info msg=ConnectionClosed connectionID=180
time="2026-09-02T20:19:50-07:00" level=info msg=NewConnection DisableClientMultiStatements=false connectionID=182
time="2026-09-02T20:19:50-07:00" level=info msg=ConnectionClosed connectionID=182
time="2026-09-02T20:19:50-07:00" level=info msg=NewConnection DisableClientMultiStatements=false connectionID=183
time="2026-09-02T20:19:50-07:00" level=info msg=ConnectionClosed connectionID=183
time="2026-09-02T20:19:50-07:00" level=info msg=NewConnection DisableClientMultiStatements=false connectionID=184
time="2026-09-02T20:19:50-07:00" level=info msg=ConnectionClosed connectionID=184
time="2026-09-02T20:19:52-07:00" level=info msg=NewConnection DisableClientMultiStatements=false connectionID=185
time="2026-09-02T20:19:52-07:00" level=info msg=ConnectionClosed connectionID=185
time="2026-09-02T20:19:52-07:00" level=info msg=NewConnection DisableClientMultiStatements=false connectionID=186
time="2026-09-02T20:19:52-07:00" level=info msg=NewConnection DisableClientMultiStatements=false connectionID=187
time="2026-09-02T20:19:52-07:00" level=info msg=ConnectionClosed connectionID=186
time="2026-09-02T20:19:52-07:00" level=info msg=NewConnection DisableClientMultiStatements=false connectionID=188
time="2026-09-02T20:19:52-07:00" level=info msg=ConnectionClosed connectionID=188
time="2026-09-02T20:19:52-07:00" level=info msg=ConnectionClosed connectionID=187
time="2026-09-02T20:19:52-07:00" level=info msg=NewConnection DisableClientMultiStatements=false connectionID=189
time="2026-09-02T20:19:52-07:00" level=info msg=ConnectionClosed connectionID=189
time="2026-09-02T20:19:52-07:00" level=info msg=NewConnection DisableClientMultiStatements=false connectionID=190
time="2026-09-02T20:19:52-07:00" level=info msg=NewConnection DisableClientMultiStatements=false connectionID=191
time="2026-09-02T20:19:52-07:00" level=info msg=ConnectionClosed connectionID=190
time="2026-09-02T20:19:52-07:00" level=info msg=ConnectionClosed connectionID=191
time="2026-09-02T20:19:52-07:00" level=info msg=NewConnection DisableClientMultiStatements=false connectionID=192
time="2026-09-02T20:19:52-07:00" level=info msg=ConnectionClosed connectionID=192
time="2026-09-02T20:19:52-07:00" level=info msg=NewConnection DisableClientMultiStatements=false connectionID=193
time="2026-09-02T20:19:52-07:00" level=info msg=ConnectionClosed connectionID=193
time="2026-09-02T20:19:52-07:00" level=info msg=NewConnection DisableClientMultiStatements=false connectionID=194
time="2026-09-02T20:19:52-07:00" level=info msg=ConnectionClosed connectionID=194
time="2026-09-02T20:19:52-07:00" level=info msg=NewConnection DisableClientMultiStatements=false connectionID=195
time="2026-09-02T20:19:52-07:00" level=info msg=ConnectionClosed connectionID=195
time="2026-09-02T20:19:52-07:00" level=info msg=NewConnection DisableClientMultiStatements=false connectionID=196
time="2026-09-02T20:19:52-07:00" level=info msg=NewConnection DisableClientMultiStatements=false connectionID=197
time="2026-09-02T20:19:52-07:00" level=info msg=ConnectionClosed connectionID=196
time="2026-09-02T20:19:52-07:00" level=info msg=NewConnection DisableClientMultiStatements=false connectionID=198
time="2026-09-02T20:19:52-07:00" level=info msg=ConnectionClosed connectionID=198
time="2026-09-02T20:19:52-07:00" level=info msg=ConnectionClosed connectionID=197
time="2026-09-02T20:19:52-07:00" level=info msg=NewConnection DisableClientMultiStatements=false connectionID=199
time="2026-09-02T20:19:52-07:00" level=info msg=ConnectionClosed connectionID=199
time="2026-09-02T20:19:52-07:00" level=info msg=NewConnection DisableClientMultiStatements=false connectionID=200
time="2026-09-02T20:19:52-07:00" level=info msg=ConnectionClosed connectionID=200
time="2026-09-02T20:19:52-07:00" level=info msg=NewConnection DisableClientMultiStatements=false connectionID=201
time="2026-09-02T20:19:52-07:00" level=info msg=ConnectionClosed connectionID=201
time="2026-09-02T20:19:52-07:00" level=info msg=NewConnection DisableClientMultiStatements=false connectionID=202
time="2026-09-02T20:19:52-07:00" level=info msg=ConnectionClosed connectionID=202
time="2026-09-02T20:19:52-07:00" level=info msg=NewConnection DisableClientMultiStatements=false connectionID=203
time="2026-09-02T20:19:52-07:00" level=info msg=ConnectionClosed connectionID=203
time="2026-09-02T20:19:52-07:00" level=info msg=NewConnection DisableClientMultiStatements=false connectionID=204
time="2026-09-02T20:19:52-07:00" level=info msg=ConnectionClosed connectionID=204
time="2026-09-02T20:19:53-07:00" level=info msg=NewConnection DisableClientMultiStatements=false connectionID=205
time="2026-09-02T20:19:53-07:00" level=info msg=ConnectionClosed connectionID=205
time="2026-09-02T20:19:53-07:00" level=info msg=NewConnection DisableClientMultiStatements=false connectionID=206
time="2026-09-02T20:19:53-07:00" level=info msg=NewConnection DisableClientMultiStatements=false connectionID=207
time="2026-09-02T20:19:53-07:00" level=info msg=ConnectionClosed connectionID=206
time="2026-09-02T20:19:53-07:00" level=info msg=NewConnection DisableClientMultiStatements=false connectionID=208
time="2026-09-02T20:19:53-07:00" level=info msg=ConnectionClosed connectionID=208
time="2026-09-02T20:19:53-07:00" level=info msg=ConnectionClosed connectionID=207
time="2026-09-02T20:19:53-07:00" level=info msg=NewConnection DisableClientMultiStatements=false connectionID=209
time="2026-09-02T20:19:53-07:00" level=info msg=ConnectionClosed connectionID=209
time="2026-09-02T20:19:53-07:00" level=info msg=NewConnection DisableClientMultiStatements=false connectionID=210
time="2026-09-02T20:19:53-07:00" level=info msg=NewConnection DisableClientMultiStatements=false connectionID=211
time="2026-09-02T20:19:53-07:00" level=info msg=ConnectionClosed connectionID=210
time="2026-09-02T20:19:53-07:00" level=info msg=ConnectionClosed connectionID=211
time="2026-09-02T20:19:53-07:00" level=info msg=NewConnection DisableClientMultiStatements=false connectionID=212
time="2026-09-02T20:19:53-07:00" level=info msg=ConnectionClosed connectionID=212
time="2026-09-02T20:19:53-07:00" level=info msg=NewConnection DisableClientMultiStatements=false connectionID=213
time="2026-09-02T20:19:53-07:00" level=info msg=ConnectionClosed connectionID=213
time="2026-09-02T20:19:53-07:00" level=info msg=NewConnection DisableClientMultiStatements=false connectionID=214
time="2026-09-02T20:19:53-07:00" level=info msg=ConnectionClosed connectionID=214
time="2026-09-02T20:19:53-07:00" level=info msg=NewConnection DisableClientMultiStatements=false connectionID=215
time="2026-09-02T20:19:53-07:00" level=info msg=ConnectionClosed connectionID=215
time="2026-09-02T20:19:53-07:00" level=info msg=NewConnection DisableClientMultiStatements=false connectionID=216
time="2026-09-02T20:19:53-07:00" level=info msg=NewConnection DisableClientMultiStatements=false connectionID=217
time="2026-09-02T20:19:53-07:00" level=info msg=ConnectionClosed connectionID=216
time="2026-09-02T20:19:53-07:00" level=info msg=NewConnection DisableClientMultiStatements=false connectionID=218
time="2026-09-02T20:19:53-07:00" level=info msg=ConnectionClosed connectionID=218
time="2026-09-02T20:19:53-07:00" level=info msg=ConnectionClosed connectionID=217
time="2026-09-02T20:19:53-07:00" level=info msg=NewConnection DisableClientMultiStatements=false connectionID=219
time="2026-09-02T20:19:53-07:00" level=info msg=ConnectionClosed connectionID=219
time="2026-09-02T20:19:53-07:00" level=info msg=NewConnection DisableClientMultiStatements=false connectionID=220
time="2026-09-02T20:19:53-07:00" level=info msg=ConnectionClosed connectionID=220
time="2026-09-02T20:19:53-07:00" level=info msg=NewConnection DisableClientMultiStatements=false connectionID=221
time="2026-09-02T20:19:53-07:00" level=info msg=ConnectionClosed connectionID=221
time="2026-09-02T20:19:53-07:00" level=info msg=NewConnection DisableClientMultiStatements=false connectionID=222
time="2026-09-02T20:19:53-07:00" level=info msg=ConnectionClosed connectionID=222
time="2026-09-02T20:19:53-07:00" level=info msg=NewConnection DisableClientMultiStatements=false connectionID=223
time="2026-09-02T20:19:53-07:00" level=info msg=ConnectionClosed connectionID=223
time="2026-09-02T20:19:53-07:00" level=info msg=NewConnection DisableClientMultiStatements=false connectionID=224
time="2026-09-02T20:19:53-07:00" level=info msg=ConnectionClosed connectionID=224
time="2026-09-02T20:19:53-07:00" level=info msg=NewConnection DisableClientMultiStatements=false connectionID=225
time="2026-09-02T20:19:53-07:00" level=info msg=ConnectionClosed connectionID=225
time="2026-09-02T20:19:53-07:00" level=info msg=NewConnection DisableClientMultiStatements=false connectionID=226
time="2026-09-02T20:19:53-07:00" level=info msg=ConnectionClosed connectionID=226
time="2026-09-02T20:19:53-07:00" level=info msg=NewConnection DisableClientMultiStatements=false connectionID=227
time="2026-09-02T20:19:53-07:00" level=info msg=ConnectionClosed connectionID=227
time="2026-09-02T20:19:53-07:00" level=info msg=NewConnection DisableClientMultiStatements=false connectionID=228
time="2026-09-02T20:19:53-07:00" level=info msg=ConnectionClosed connectionID=228
time="2026-09-02T20:19:54-07:00" level=info msg=NewConnection DisableClientMultiStatements=false connectionID=229
time="2026-09-02T20:19:54-07:00" level=info msg=ConnectionClosed connectionID=229
time="2026-09-02T20:19:54-07:00" level=info msg=NewConnection DisableClientMultiStatements=false connectionID=230
time="2026-09-02T20:19:54-07:00" level=info msg=NewConnection DisableClientMultiStatements=false connectionID=231
time="2026-09-02T20:19:54-07:00" level=info msg=ConnectionClosed connectionID=230
time="2026-09-02T20:19:54-07:00" level=warning msg="error running query" connectTime="2026-09-02 20:19:54.112926827 -0700 PDT m=+15.529107698" connectionDb=contract1788405578811rm connectionID=231 error="table not found: schema_migrations" queryTime="2026-09-02 20:19:54.113880553 -0700 PDT m=+15.530061424"
time="2026-09-02T20:19:54-07:00" level=info msg=NewConnection DisableClientMultiStatements=false connectionID=232
time="2026-09-02T20:19:54-07:00" level=warning msg="error running query" connectTime="2026-09-02 20:19:54.114364455 -0700 PDT m=+15.530545310" connectionDb=contract1788405578811rm connectionID=232 error="table not found: schema_migrations" queryTime="2026-09-02 20:19:54.11501519 -0700 PDT m=+15.531196045"
time="2026-09-02T20:19:54-07:00" level=warning msg="error running query" connectTime="2026-09-02 20:19:54.114364455 -0700 PDT m=+15.530545310" connectionDb=contract1788405578811rm connectionID=232 error="table not found: schema_migrations" queryTime="2026-09-02 20:19:54.116270146 -0700 PDT m=+15.532451033"
time="2026-09-02T20:19:54-07:00" level=warning msg="error running query" connectTime="2026-09-02 20:19:54.114364455 -0700 PDT m=+15.530545310" connectionDb=contract1788405578811rm connectionID=232 error="table not found: schema_migrations" queryTime="2026-09-02 20:19:54.118223149 -0700 PDT m=+15.534404036"
time="2026-09-02T20:19:56-07:00" level=warning msg="error running query" connectTime="2026-09-02 20:19:54.114364455 -0700 PDT m=+15.530545310" connectionDb=contract1788405578811rm connectionID=232 error="table not found: ignored_schema_migrations" queryTime="2026-09-02 20:19:56.023742674 -0700 PDT m=+17.439923561"
time="2026-09-02T20:19:56-07:00" level=info msg=ConnectionClosed connectionID=232
time="2026-09-02T20:19:56-07:00" level=info msg=ConnectionClosed connectionID=231
time="2026-09-02T20:19:56-07:00" level=info msg=NewConnection DisableClientMultiStatements=false connectionID=233
time="2026-09-02T20:19:56-07:00" level=info msg=ConnectionClosed connectionID=233
time="2026-09-02T20:19:56-07:00" level=info msg=NewConnection DisableClientMultiStatements=false connectionID=234
time="2026-09-02T20:19:56-07:00" level=info msg=NewConnection DisableClientMultiStatements=false connectionID=235
time="2026-09-02T20:19:56-07:00" level=info msg=ConnectionClosed connectionID=234
time="2026-09-02T20:19:56-07:00" level=info msg=ConnectionClosed connectionID=235
time="2026-09-02T20:19:57-07:00" level=info msg=NewConnection DisableClientMultiStatements=false connectionID=236
time="2026-09-02T20:19:57-07:00" level=info msg=ConnectionClosed connectionID=236
time="2026-09-02T20:19:57-07:00" level=info msg=NewConnection DisableClientMultiStatements=false connectionID=237
time="2026-09-02T20:19:57-07:00" level=info msg=NewConnection DisableClientMultiStatements=false connectionID=238
time="2026-09-02T20:19:57-07:00" level=info msg=ConnectionClosed connectionID=237
time="2026-09-02T20:19:57-07:00" level=info msg=ConnectionClosed connectionID=238
time="2026-09-02T20:19:57-07:00" level=info msg=NewConnection DisableClientMultiStatements=false connectionID=239
time="2026-09-02T20:19:57-07:00" level=info msg=ConnectionClosed connectionID=239
time="2026-09-02T20:19:57-07:00" level=info msg=NewConnection DisableClientMultiStatements=false connectionID=240
time="2026-09-02T20:19:57-07:00" level=info msg=NewConnection DisableClientMultiStatements=false connectionID=241
time="2026-09-02T20:19:57-07:00" level=info msg=ConnectionClosed connectionID=240
time="2026-09-02T20:19:57-07:00" level=info msg=ConnectionClosed connectionID=241
time="2026-09-02T20:19:57-07:00" level=info msg=NewConnection DisableClientMultiStatements=false connectionID=242
time="2026-09-02T20:19:57-07:00" level=info msg=ConnectionClosed connectionID=242
time="2026-09-02T20:19:57-07:00" level=info msg=NewConnection DisableClientMultiStatements=false connectionID=243
time="2026-09-02T20:19:57-07:00" level=info msg=ConnectionClosed connectionID=243
time="2026-09-02T20:19:57-07:00" level=info msg=NewConnection DisableClientMultiStatements=false connectionID=244
time="2026-09-02T20:19:57-07:00" level=info msg=ConnectionClosed connectionID=244
time="2026-09-02T20:19:57-07:00" level=info msg=NewConnection DisableClientMultiStatements=false connectionID=245
time="2026-09-02T20:19:57-07:00" level=info msg=ConnectionClosed connectionID=245
time="2026-09-02T20:19:57-07:00" level=info msg=NewConnection DisableClientMultiStatements=false connectionID=246
time="2026-09-02T20:19:57-07:00" level=info msg=ConnectionClosed connectionID=246
time="2026-09-02T20:19:57-07:00" level=info msg=NewConnection DisableClientMultiStatements=false connectionID=247
time="2026-09-02T20:19:57-07:00" level=info msg=NewConnection DisableClientMultiStatements=false connectionID=248
time="2026-09-02T20:19:57-07:00" level=info msg=ConnectionClosed connectionID=247
time="2026-09-02T20:19:57-07:00" level=info msg=NewConnection DisableClientMultiStatements=false connectionID=249
time="2026-09-02T20:19:57-07:00" level=info msg=ConnectionClosed connectionID=249
time="2026-09-02T20:19:57-07:00" level=warning msg="error running query" connectTime="2026-09-02 20:19:57.369236056 -0700 PDT m=+18.785416943" connectionDb=contract1788405578811rm connectionID=248 error="backup 'backup_export' not found" queryTime="2026-09-02 20:19:57.488358658 -0700 PDT m=+18.904539545"
time="2026-09-02T20:19:57-07:00" level=info msg=ConnectionClosed connectionID=248
time="2026-09-02T20:19:57-07:00" level=info msg=NewConnection DisableClientMultiStatements=false connectionID=250
time="2026-09-02T20:19:57-07:00" level=info msg=ConnectionClosed connectionID=250
time="2026-09-02T20:19:57-07:00" level=info msg=NewConnection DisableClientMultiStatements=false connectionID=251
time="2026-09-02T20:19:57-07:00" level=info msg=ConnectionClosed connectionID=251
time="2026-09-02T20:19:57-07:00" level=info msg=NewConnection DisableClientMultiStatements=false connectionID=252
time="2026-09-02T20:19:57-07:00" level=info msg=ConnectionClosed connectionID=252
time="2026-09-02T20:19:57-07:00" level=info msg=NewConnection DisableClientMultiStatements=false connectionID=253
time="2026-09-02T20:19:57-07:00" level=info msg=ConnectionClosed connectionID=253
time="2026-09-02T20:19:57-07:00" level=info msg=NewConnection DisableClientMultiStatements=false connectionID=254
time="2026-09-02T20:19:57-07:00" level=info msg=ConnectionClosed connectionID=254
time="2026-09-02T20:19:57-07:00" level=info msg=NewConnection DisableClientMultiStatements=false connectionID=255
time="2026-09-02T20:19:57-07:00" level=info msg=ConnectionClosed connectionID=255
time="2026-09-02T20:19:57-07:00" level=info msg=NewConnection DisableClientMultiStatements=false connectionID=256
time="2026-09-02T20:19:57-07:00" level=info msg=ConnectionClosed connectionID=256
time="2026-09-02T20:19:57-07:00" level=info msg=NewConnection DisableClientMultiStatements=false connectionID=257
time="2026-09-02T20:19:57-07:00" level=info msg=NewConnection DisableClientMultiStatements=false connectionID=258
time="2026-09-02T20:19:57-07:00" level=info msg=ConnectionClosed connectionID=257
time="2026-09-02T20:19:57-07:00" level=warning msg="error running query" connectTime="2026-09-02 20:19:57.919089204 -0700 PDT m=+19.335270075" connectionDb=contract1788405578811rm connectionID=258 error="table not found: schema_migrations" queryTime="2026-09-02 20:19:57.920337345 -0700 PDT m=+19.336518216"
time="2026-09-02T20:19:57-07:00" level=info msg=NewConnection DisableClientMultiStatements=false connectionID=259
time="2026-09-02T20:19:57-07:00" level=warning msg="error running query" connectTime="2026-09-02 20:19:57.920935055 -0700 PDT m=+19.337115958" connectionDb=contract1788405578811rm connectionID=259 error="table not found: schema_migrations" queryTime="2026-09-02 20:19:57.922267068 -0700 PDT m=+19.338447955"
time="2026-09-02T20:19:57-07:00" level=warning msg="error running query" connectTime="2026-09-02 20:19:57.920935055 -0700 PDT m=+19.337115958" connectionDb=contract1788405578811rm connectionID=259 error="table not found: schema_migrations" queryTime="2026-09-02 20:19:57.925548099 -0700 PDT m=+19.341728970"
time="2026-09-02T20:19:57-07:00" level=warning msg="error running query" connectTime="2026-09-02 20:19:57.920935055 -0700 PDT m=+19.337115958" connectionDb=contract1788405578811rm connectionID=259 error="table not found: schema_migrations" queryTime="2026-09-02 20:19:57.928564442 -0700 PDT m=+19.344745313"
time="2026-09-02T20:20:00-07:00" level=warning msg="error running query" connectTime="2026-09-02 20:19:57.920935055 -0700 PDT m=+19.337115958" connectionDb=contract1788405578811rm connectionID=259 error="table not found: ignored_schema_migrations" queryTime="2026-09-02 20:20:00.107027813 -0700 PDT m=+21.523208684"
time="2026-09-02T20:20:00-07:00" level=info msg=ConnectionClosed connectionID=259
time="2026-09-02T20:20:00-07:00" level=info msg=ConnectionClosed connectionID=258
time="2026-09-02T20:20:01-07:00" level=info msg=NewConnection DisableClientMultiStatements=false connectionID=260
time="2026-09-02T20:20:01-07:00" level=info msg=ConnectionClosed connectionID=260
time="2026-09-02T20:20:01-07:00" level=info msg=NewConnection DisableClientMultiStatements=false connectionID=261
time="2026-09-02T20:20:01-07:00" level=info msg=NewConnection DisableClientMultiStatements=false connectionID=262
time="2026-09-02T20:20:01-07:00" level=info msg=ConnectionClosed connectionID=261
time="2026-09-02T20:20:01-07:00" level=info msg=ConnectionClosed connectionID=262
time="2026-09-02T20:20:01-07:00" level=info msg=NewConnection DisableClientMultiStatements=false connectionID=263
time="2026-09-02T20:20:01-07:00" level=info msg=ConnectionClosed connectionID=263
time="2026-09-02T20:20:01-07:00" level=info msg=NewConnection DisableClientMultiStatements=false connectionID=264
time="2026-09-02T20:20:01-07:00" level=info msg=NewConnection DisableClientMultiStatements=false connectionID=265
time="2026-09-02T20:20:01-07:00" level=info msg=ConnectionClosed connectionID=264
time="2026-09-02T20:20:01-07:00" level=info msg=ConnectionClosed connectionID=265
time="2026-09-02T20:20:01-07:00" level=info msg=NewConnection DisableClientMultiStatements=false connectionID=266
time="2026-09-02T20:20:01-07:00" level=info msg=ConnectionClosed connectionID=266
time="2026-09-02T20:20:01-07:00" level=info msg=NewConnection DisableClientMultiStatements=false connectionID=267
time="2026-09-02T20:20:01-07:00" level=info msg=NewConnection DisableClientMultiStatements=false connectionID=268
time="2026-09-02T20:20:01-07:00" level=info msg=ConnectionClosed connectionID=267
time="2026-09-02T20:20:01-07:00" level=info msg=ConnectionClosed connectionID=268
time="2026-09-02T20:20:01-07:00" level=info msg=NewConnection DisableClientMultiStatements=false connectionID=269
time="2026-09-02T20:20:01-07:00" level=info msg=ConnectionClosed connectionID=269
time="2026-09-02T20:20:01-07:00" level=info msg=NewConnection DisableClientMultiStatements=false connectionID=270
time="2026-09-02T20:20:01-07:00" level=info msg=ConnectionClosed connectionID=270
time="2026-09-02T20:20:01-07:00" level=info msg=NewConnection DisableClientMultiStatements=false connectionID=271
time="2026-09-02T20:20:01-07:00" level=info msg=ConnectionClosed connectionID=271
time="2026-09-02T20:20:01-07:00" level=info msg=NewConnection DisableClientMultiStatements=false connectionID=272
time="2026-09-02T20:20:01-07:00" level=info msg=ConnectionClosed connectionID=272
time="2026-09-02T20:20:01-07:00" level=info msg=NewConnection DisableClientMultiStatements=false connectionID=273
time="2026-09-02T20:20:01-07:00" level=info msg=ConnectionClosed connectionID=273
time="2026-09-02T20:20:01-07:00" level=info msg=NewConnection DisableClientMultiStatements=false connectionID=274
time="2026-09-02T20:20:01-07:00" level=info msg=ConnectionClosed connectionID=274
time="2026-09-02T20:20:01-07:00" level=info msg=NewConnection DisableClientMultiStatements=false connectionID=275
time="2026-09-02T20:20:01-07:00" level=info msg=ConnectionClosed connectionID=275
time="2026-09-02T20:20:01-07:00" level=info msg=NewConnection DisableClientMultiStatements=false connectionID=276
time="2026-09-02T20:20:01-07:00" level=info msg=ConnectionClosed connectionID=276
time="2026-09-02T20:20:01-07:00" level=info msg=NewConnection DisableClientMultiStatements=false connectionID=277
time="2026-09-02T20:20:01-07:00" level=info msg=ConnectionClosed connectionID=277
time="2026-09-02T20:20:01-07:00" level=info msg=NewConnection DisableClientMultiStatements=false connectionID=278
time="2026-09-02T20:20:01-07:00" level=info msg=ConnectionClosed connectionID=278
time="2026-09-02T20:20:01-07:00" level=info msg=NewConnection DisableClientMultiStatements=false connectionID=279
time="2026-09-02T20:20:01-07:00" level=warning msg="error running query" connectTime="2026-09-02 20:20:01.575275499 -0700 PDT m=+22.991456354" connectionID=279 error="database not found: contract1788405578811atomic" queryTime="2026-09-02 20:20:01.576922119 -0700 PDT m=+22.993102990"
time="2026-09-02T20:20:01-07:00" level=info msg=ConnectionClosed connectionID=279
time="2026-09-02T20:20:01-07:00" level=info msg=NewConnection DisableClientMultiStatements=false connectionID=280
time="2026-09-02T20:20:01-07:00" level=info msg=ConnectionClosed connectionID=280
time="2026-09-02T20:20:01-07:00" level=info msg=NewConnection DisableClientMultiStatements=false connectionID=281
time="2026-09-02T20:20:01-07:00" level=info msg=ConnectionClosed connectionID=281
time="2026-09-02T20:20:01-07:00" level=info msg=NewConnection DisableClientMultiStatements=false connectionID=282
time="2026-09-02T20:20:01-07:00" level=info msg=NewConnection DisableClientMultiStatements=false connectionID=283
time="2026-09-02T20:20:01-07:00" level=info msg=ConnectionClosed connectionID=282
time="2026-09-02T20:20:01-07:00" level=warning msg="error running query" connectTime="2026-09-02 20:20:01.837452717 -0700 PDT m=+23.253633572" connectionDb=contract1788405578811atomic connectionID=283 error="table not found: schema_migrations" queryTime="2026-09-02 20:20:01.838466618 -0700 PDT m=+23.254647489"
time="2026-09-02T20:20:01-07:00" level=info msg=NewConnection DisableClientMultiStatements=false connectionID=284
time="2026-09-02T20:20:01-07:00" level=warning msg="error running query" connectTime="2026-09-02 20:20:01.838950761 -0700 PDT m=+23.255131616" connectionDb=contract1788405578811atomic connectionID=284 error="table not found: schema_migrations" queryTime="2026-09-02 20:20:01.839869846 -0700 PDT m=+23.256050717"
time="2026-09-02T20:20:01-07:00" level=warning msg="error running query" connectTime="2026-09-02 20:20:01.838950761 -0700 PDT m=+23.255131616" connectionDb=contract1788405578811atomic connectionID=284 error="table not found: schema_migrations" queryTime="2026-09-02 20:20:01.840863459 -0700 PDT m=+23.257044362"
time="2026-09-02T20:20:01-07:00" level=warning msg="error running query" connectTime="2026-09-02 20:20:01.838950761 -0700 PDT m=+23.255131616" connectionDb=contract1788405578811atomic connectionID=284 error="table not found: schema_migrations" queryTime="2026-09-02 20:20:01.843056797 -0700 PDT m=+23.259237668"
time="2026-09-02T20:20:03-07:00" level=warning msg="error running query" connectTime="2026-09-02 20:20:01.838950761 -0700 PDT m=+23.255131616" connectionDb=contract1788405578811atomic connectionID=284 error="table not found: ignored_schema_migrations" queryTime="2026-09-02 20:20:03.847741606 -0700 PDT m=+25.263922477"
time="2026-09-02T20:20:04-07:00" level=info msg=ConnectionClosed connectionID=284
time="2026-09-02T20:20:04-07:00" level=info msg=ConnectionClosed connectionID=283
time="2026-09-02T20:20:04-07:00" level=info msg=NewConnection DisableClientMultiStatements=false connectionID=285
time="2026-09-02T20:20:04-07:00" level=info msg=ConnectionClosed connectionID=285
time="2026-09-02T20:20:04-07:00" level=info msg=NewConnection DisableClientMultiStatements=false connectionID=286
time="2026-09-02T20:20:04-07:00" level=info msg=NewConnection DisableClientMultiStatements=false connectionID=287
time="2026-09-02T20:20:04-07:00" level=info msg=ConnectionClosed connectionID=286
time="2026-09-02T20:20:04-07:00" level=info msg=ConnectionClosed connectionID=287
time="2026-09-02T20:20:04-07:00" level=info msg=NewConnection DisableClientMultiStatements=false connectionID=288
time="2026-09-02T20:20:04-07:00" level=info msg=ConnectionClosed connectionID=288
time="2026-09-02T20:20:04-07:00" level=info msg=NewConnection DisableClientMultiStatements=false connectionID=289
time="2026-09-02T20:20:04-07:00" level=info msg=NewConnection DisableClientMultiStatements=false connectionID=290
time="2026-09-02T20:20:04-07:00" level=info msg=ConnectionClosed connectionID=289
time="2026-09-02T20:20:04-07:00" level=info msg=ConnectionClosed connectionID=290
time="2026-09-02T20:20:05-07:00" level=info msg=NewConnection DisableClientMultiStatements=false connectionID=291
time="2026-09-02T20:20:05-07:00" level=info msg=NewConnection DisableClientMultiStatements=false connectionID=292
time="2026-09-02T20:20:05-07:00" level=info msg=ConnectionClosed connectionID=291
time="2026-09-02T20:20:05-07:00" level=info msg=NewConnection DisableClientMultiStatements=false connectionID=293
time="2026-09-02T20:20:05-07:00" level=info msg=ConnectionClosed connectionID=292
time="2026-09-02T20:20:05-07:00" level=info msg=ConnectionClosed connectionID=293
time="2026-09-02T20:20:05-07:00" level=info msg=NewConnection DisableClientMultiStatements=false connectionID=294
time="2026-09-02T20:20:05-07:00" level=info msg=ConnectionClosed connectionID=294
time="2026-09-02T20:20:05-07:00" level=info msg=NewConnection DisableClientMultiStatements=false connectionID=295
time="2026-09-02T20:20:05-07:00" level=info msg=ConnectionClosed connectionID=295
time="2026-09-02T20:20:05-07:00" level=info msg=NewConnection DisableClientMultiStatements=false connectionID=296
time="2026-09-02T20:20:05-07:00" level=info msg=ConnectionClosed connectionID=296
time="2026-09-02T20:20:05-07:00" level=info msg=NewConnection DisableClientMultiStatements=false connectionID=297
time="2026-09-02T20:20:05-07:00" level=info msg=ConnectionClosed connectionID=297
time="2026-09-02T20:20:05-07:00" level=info msg=NewConnection DisableClientMultiStatements=false connectionID=298
time="2026-09-02T20:20:05-07:00" level=info msg=ConnectionClosed connectionID=298
time="2026-09-02T20:20:05-07:00" level=info msg=NewConnection DisableClientMultiStatements=false connectionID=299
time="2026-09-02T20:20:05-07:00" level=info msg=ConnectionClosed connectionID=299
time="2026-09-02T20:20:05-07:00" level=info msg=NewConnection DisableClientMultiStatements=false connectionID=300
time="2026-09-02T20:20:05-07:00" level=info msg="stats stopped: context canceled"
time="2026-09-02T20:20:05-07:00" level=info msg=ConnectionClosed connectionID=300
time="2026-09-02T20:20:05-07:00" level=info msg=NewConnection DisableClientMultiStatements=false connectionID=301
time="2026-09-02T20:20:05-07:00" level=warning msg="error running query" connectTime="2026-09-02 20:20:05.303750223 -0700 PDT m=+26.719931078" connectionID=301 error="database not found: contract1788405578811rm" queryTime="2026-09-02 20:20:05.305306443 -0700 PDT m=+26.721487314"
time="2026-09-02T20:20:05-07:00" level=info msg=ConnectionClosed connectionID=301
time="2026-09-02T20:20:05-07:00" level=info msg=NewConnection DisableClientMultiStatements=false connectionID=302
time="2026-09-02T20:20:05-07:00" level=info msg="stats stopped: context canceled"
time="2026-09-02T20:20:05-07:00" level=info msg=ConnectionClosed connectionID=302
time="2026-09-02T20:20:05-07:00" level=info msg=NewConnection DisableClientMultiStatements=false connectionID=303
time="2026-09-02T20:20:05-07:00" level=info msg=ConnectionClosed connectionID=303
/tmp/f5c-before/tests/cli/test_cli_surface.py:831: AssertionError:   [PASS] version                             bd 1.1.2
=========================== short test summary info ============================
FAILED tests/cli/test_cli_surface.py::test_doctor_quick_succeeds_against_the_real_installed_bd
1 failed, 1 passed, 50 deselected in 26.91s
