F                                                                        [100%]
=================================== FAILURES ===================================
__ test_explicit_resolve_refusal_after_reap_clears_held_and_allows_new_claim ___

project = 'reapproj17cccf4977'

    @pytest.mark.asyncio
    async def test_explicit_resolve_refusal_after_reap_clears_held_and_allows_new_claim(project):
        """Trigger path 1: the explicit `work_resolve` refusal. Claim -> force
        reap -> resolve refuses (fenced) -> but the SAME session's next
        `work_claim` must still succeed, in the same process.
    
        Was `xfail(strict=True)` for ledger row CCV1-009 (`work_item_pipeline-dn4`)
        while `Beads.resolve`'s fence ran only under `if current.status == "held"`
        and a reaped item is `open`, so the stale holder's close landed. That
        PRODUCT defect is fixed -- the fence is now keyed on custody IDENTITY,
        not item status, and CCV1-009 reads CONFORMS -- so the marker was
        XPASSing (strict) and failing this suite. Removed rather than re-aimed:
        the behaviour it described no longer exists. The same refusal is pinned
        as a discriminating good/bad pair in `test_conformance_fixtures.py`
        (contract Fixture 2) and at the adapter layer in
        `tests/integration/test_post_reclaim_fence.py`."""
        add_session = WorkTrackerSession({"actor": _unique("adder")})
        first = await add_session.add(project, "first reap-recovery item", acceptance="n/a")
        assert first.success is True
    
        session = WorkTrackerSession({"actor": _unique("resolver")})
        claimed = await session.claim(project)
        assert claimed.success is True
        item_id = claimed.output["claimed"]  # type: ignore[index]
    
        reaped = _force_reap(session, project)
        assert reaped["reclaimed_count"] == 1
    
        resolved = await session.resolve(item_id, "trying to close after being reclaimed")
>       assert resolved.success is False
E       AssertionError: assert True is False
E        +  where True = ToolResult(success=True, output={'resolved': 'reapproj17cccf4977-9gx', 'resolution': 'trying to close after being reclaimed'}, error=None).success

modules/tool-work-tracker/tests/test_reap_recovery.py:82: AssertionError
---------------------------- Captured stdout setup -----------------------------
Starting server with Config HP="127.0.0.1:56989"|T="28800000"|R="false"|L="info"
---------------------------- Captured stderr setup -----------------------------
time="2026-09-05T18:50:31-07:00" level=info msg="Creating root@localhost superuser"
time="2026-09-05T18:50:31-07:00" level=info msg="Server ready. Accepting connections."
time="2026-09-05T18:50:31-07:00" level=warning msg="secure_file_priv is set to \"\", which is insecure."
time="2026-09-05T18:50:31-07:00" level=warning msg="Any user with GRANT FILE privileges will be able to read any file which the sql-server process can read."
time="2026-09-05T18:50:31-07:00" level=warning msg="Please consider restarting the server with secure_file_priv set to a safe (or non-existent) directory."
time="2026-09-05T18:50:31-07:00" level=info msg=NewConnection DisableClientMultiStatements=false connectionID=1
time="2026-09-05T18:50:31-07:00" level=info msg=ConnectionClosed connectionID=1
time="2026-09-05T18:50:31-07:00" level=info msg=NewConnection DisableClientMultiStatements=false connectionID=2
time="2026-09-05T18:50:31-07:00" level=info msg=ConnectionClosed connectionID=2
time="2026-09-05T18:50:31-07:00" level=info msg=NewConnection DisableClientMultiStatements=false connectionID=3
time="2026-09-05T18:50:31-07:00" level=info msg=NewConnection DisableClientMultiStatements=false connectionID=4
time="2026-09-05T18:50:31-07:00" level=info msg=ConnectionClosed connectionID=3
time="2026-09-05T18:50:31-07:00" level=info msg=NewConnection DisableClientMultiStatements=false connectionID=5
time="2026-09-05T18:50:31-07:00" level=info msg=ConnectionClosed connectionID=4
time="2026-09-05T18:50:31-07:00" level=warning msg="error running query" connectTime="2026-09-05 18:50:31.578067122 -0700 PDT m=+0.535342178" connectionDb=reapproj17cccf4977 connectionID=5 error="table not found: schema_migrations" queryTime="2026-09-05 18:50:31.579400415 -0700 PDT m=+0.536675439"
time="2026-09-05T18:50:31-07:00" level=info msg=NewConnection DisableClientMultiStatements=false connectionID=6
time="2026-09-05T18:50:31-07:00" level=warning msg="error running query" connectTime="2026-09-05 18:50:31.579874525 -0700 PDT m=+0.537149581" connectionDb=reapproj17cccf4977 connectionID=6 error="table not found: schema_migrations" queryTime="2026-09-05 18:50:31.580746171 -0700 PDT m=+0.538021195"
time="2026-09-05T18:50:31-07:00" level=warning msg="error running query" connectTime="2026-09-05 18:50:31.579874525 -0700 PDT m=+0.537149581" connectionDb=reapproj17cccf4977 connectionID=6 error="table not found: schema_migrations" queryTime="2026-09-05 18:50:31.582321559 -0700 PDT m=+0.539596599"
time="2026-09-05T18:50:31-07:00" level=warning msg="error running query" connectTime="2026-09-05 18:50:31.579874525 -0700 PDT m=+0.537149581" connectionDb=reapproj17cccf4977 connectionID=6 error="table not found: schema_migrations" queryTime="2026-09-05 18:50:31.584904048 -0700 PDT m=+0.542179088"
time="2026-09-05T18:50:33-07:00" level=warning msg="error running query" connectTime="2026-09-05 18:50:31.579874525 -0700 PDT m=+0.537149581" connectionDb=reapproj17cccf4977 connectionID=6 error="table not found: ignored_schema_migrations" queryTime="2026-09-05 18:50:33.109540048 -0700 PDT m=+2.066815072"
time="2026-09-05T18:50:33-07:00" level=info msg=ConnectionClosed connectionID=6
time="2026-09-05T18:50:33-07:00" level=info msg=ConnectionClosed connectionID=5
time="2026-09-05T18:50:34-07:00" level=info msg=NewConnection DisableClientMultiStatements=false connectionID=7
time="2026-09-05T18:50:34-07:00" level=info msg=ConnectionClosed connectionID=7
time="2026-09-05T18:50:34-07:00" level=info msg=NewConnection DisableClientMultiStatements=false connectionID=8
time="2026-09-05T18:50:34-07:00" level=info msg=NewConnection DisableClientMultiStatements=false connectionID=9
time="2026-09-05T18:50:34-07:00" level=info msg=ConnectionClosed connectionID=8
time="2026-09-05T18:50:34-07:00" level=info msg=ConnectionClosed connectionID=9
time="2026-09-05T18:50:34-07:00" level=info msg=NewConnection DisableClientMultiStatements=false connectionID=10
time="2026-09-05T18:50:34-07:00" level=info msg=ConnectionClosed connectionID=10
time="2026-09-05T18:50:34-07:00" level=info msg=NewConnection DisableClientMultiStatements=false connectionID=11
time="2026-09-05T18:50:34-07:00" level=info msg=NewConnection DisableClientMultiStatements=false connectionID=12
time="2026-09-05T18:50:34-07:00" level=info msg=ConnectionClosed connectionID=11
time="2026-09-05T18:50:34-07:00" level=info msg=ConnectionClosed connectionID=12
time="2026-09-05T18:50:34-07:00" level=info msg=NewConnection DisableClientMultiStatements=false connectionID=14
time="2026-09-05T18:50:34-07:00" level=info msg=NewConnection DisableClientMultiStatements=false connectionID=13
time="2026-09-05T18:50:34-07:00" level=info msg=ConnectionClosed connectionID=13
time="2026-09-05T18:50:34-07:00" level=info msg=NewConnection DisableClientMultiStatements=false connectionID=15
time="2026-09-05T18:50:34-07:00" level=info msg=ConnectionClosed connectionID=14
time="2026-09-05T18:50:34-07:00" level=info msg=ConnectionClosed connectionID=15
time="2026-09-05T18:50:34-07:00" level=info msg=NewConnection DisableClientMultiStatements=false connectionID=16
time="2026-09-05T18:50:34-07:00" level=info msg=ConnectionClosed connectionID=16
time="2026-09-05T18:50:34-07:00" level=info msg=NewConnection DisableClientMultiStatements=false connectionID=17
time="2026-09-05T18:50:34-07:00" level=info msg=ConnectionClosed connectionID=17
time="2026-09-05T18:50:34-07:00" level=info msg=NewConnection DisableClientMultiStatements=false connectionID=18
time="2026-09-05T18:50:34-07:00" level=info msg=ConnectionClosed connectionID=18
time="2026-09-05T18:50:34-07:00" level=info msg=NewConnection DisableClientMultiStatements=false connectionID=19
time="2026-09-05T18:50:34-07:00" level=info msg=ConnectionClosed connectionID=19
----------------------------- Captured stdout call -----------------------------

----------------------------- Captured stderr call -----------------------------
time="2026-09-05T18:50:34-07:00" level=info msg=NewConnection DisableClientMultiStatements=false connectionID=20
time="2026-09-05T18:50:34-07:00" level=info msg=ConnectionClosed connectionID=20
time="2026-09-05T18:50:34-07:00" level=info msg=NewConnection DisableClientMultiStatements=false connectionID=21
time="2026-09-05T18:50:34-07:00" level=info msg=ConnectionClosed connectionID=21
time="2026-09-05T18:50:34-07:00" level=info msg=NewConnection DisableClientMultiStatements=false connectionID=22
time="2026-09-05T18:50:34-07:00" level=info msg=NewConnection DisableClientMultiStatements=false connectionID=23
time="2026-09-05T18:50:34-07:00" level=info msg=ConnectionClosed connectionID=22
time="2026-09-05T18:50:34-07:00" level=info msg=NewConnection DisableClientMultiStatements=false connectionID=24
time="2026-09-05T18:50:34-07:00" level=info msg=ConnectionClosed connectionID=24
time="2026-09-05T18:50:34-07:00" level=warning msg="error running query" connectTime="2026-09-05 18:50:34.831400042 -0700 PDT m=+3.788675082" connectionDb=reapproj17cccf4977 connectionID=23 error="backup 'backup_export' not found" queryTime="2026-09-05 18:50:34.924145902 -0700 PDT m=+3.881420942"
time="2026-09-05T18:50:34-07:00" level=info msg=ConnectionClosed connectionID=23
time="2026-09-05T18:50:35-07:00" level=info msg=NewConnection DisableClientMultiStatements=false connectionID=25
time="2026-09-05T18:50:35-07:00" level=info msg=ConnectionClosed connectionID=25
time="2026-09-05T18:50:35-07:00" level=info msg=NewConnection DisableClientMultiStatements=false connectionID=26
time="2026-09-05T18:50:35-07:00" level=info msg=ConnectionClosed connectionID=26
time="2026-09-05T18:50:35-07:00" level=info msg=NewConnection DisableClientMultiStatements=false connectionID=27
time="2026-09-05T18:50:35-07:00" level=info msg=ConnectionClosed connectionID=27
time="2026-09-05T18:50:35-07:00" level=info msg=NewConnection DisableClientMultiStatements=false connectionID=28
time="2026-09-05T18:50:35-07:00" level=info msg=ConnectionClosed connectionID=28
time="2026-09-05T18:50:35-07:00" level=info msg=NewConnection DisableClientMultiStatements=false connectionID=29
time="2026-09-05T18:50:35-07:00" level=info msg=ConnectionClosed connectionID=29
time="2026-09-05T18:50:35-07:00" level=info msg=NewConnection DisableClientMultiStatements=false connectionID=30
time="2026-09-05T18:50:35-07:00" level=info msg=NewConnection DisableClientMultiStatements=false connectionID=31
time="2026-09-05T18:50:35-07:00" level=info msg=ConnectionClosed connectionID=30
time="2026-09-05T18:50:35-07:00" level=info msg=NewConnection DisableClientMultiStatements=false connectionID=32
time="2026-09-05T18:50:35-07:00" level=info msg=ConnectionClosed connectionID=31
time="2026-09-05T18:50:35-07:00" level=info msg=ConnectionClosed connectionID=32
time="2026-09-05T18:50:35-07:00" level=info msg=NewConnection DisableClientMultiStatements=false connectionID=33
time="2026-09-05T18:50:35-07:00" level=info msg=ConnectionClosed connectionID=33
time="2026-09-05T18:50:35-07:00" level=info msg=NewConnection DisableClientMultiStatements=false connectionID=34
time="2026-09-05T18:50:35-07:00" level=info msg=ConnectionClosed connectionID=34
time="2026-09-05T18:50:35-07:00" level=info msg=NewConnection DisableClientMultiStatements=false connectionID=35
time="2026-09-05T18:50:35-07:00" level=info msg=ConnectionClosed connectionID=35
time="2026-09-05T18:50:35-07:00" level=info msg=NewConnection DisableClientMultiStatements=false connectionID=36
time="2026-09-05T18:50:35-07:00" level=info msg=ConnectionClosed connectionID=36
time="2026-09-05T18:50:35-07:00" level=info msg=NewConnection DisableClientMultiStatements=false connectionID=37
time="2026-09-05T18:50:35-07:00" level=info msg=ConnectionClosed connectionID=37
time="2026-09-05T18:50:35-07:00" level=info msg=NewConnection DisableClientMultiStatements=false connectionID=38
time="2026-09-05T18:50:35-07:00" level=info msg=ConnectionClosed connectionID=38
time="2026-09-05T18:50:35-07:00" level=info msg=NewConnection DisableClientMultiStatements=false connectionID=39
time="2026-09-05T18:50:35-07:00" level=info msg=ConnectionClosed connectionID=39
time="2026-09-05T18:50:35-07:00" level=info msg=NewConnection DisableClientMultiStatements=false connectionID=40
time="2026-09-05T18:50:35-07:00" level=info msg=ConnectionClosed connectionID=40
time="2026-09-05T18:50:35-07:00" level=info msg=NewConnection DisableClientMultiStatements=false connectionID=41
time="2026-09-05T18:50:35-07:00" level=info msg=ConnectionClosed connectionID=41
time="2026-09-05T18:50:35-07:00" level=info msg=NewConnection DisableClientMultiStatements=false connectionID=42
time="2026-09-05T18:50:35-07:00" level=info msg=ConnectionClosed connectionID=42
time="2026-09-05T18:50:35-07:00" level=info msg=NewConnection DisableClientMultiStatements=false connectionID=43
time="2026-09-05T18:50:35-07:00" level=info msg=ConnectionClosed connectionID=43
time="2026-09-05T18:50:35-07:00" level=info msg=NewConnection DisableClientMultiStatements=false connectionID=44
time="2026-09-05T18:50:35-07:00" level=info msg=ConnectionClosed connectionID=44
time="2026-09-05T18:50:35-07:00" level=info msg=NewConnection DisableClientMultiStatements=false connectionID=45
time="2026-09-05T18:50:35-07:00" level=info msg=ConnectionClosed connectionID=45
time="2026-09-05T18:50:35-07:00" level=info msg=NewConnection DisableClientMultiStatements=false connectionID=46
time="2026-09-05T18:50:35-07:00" level=info msg=ConnectionClosed connectionID=46
time="2026-09-05T18:50:36-07:00" level=info msg=NewConnection DisableClientMultiStatements=false connectionID=47
time="2026-09-05T18:50:36-07:00" level=info msg=ConnectionClosed connectionID=47
time="2026-09-05T18:50:36-07:00" level=info msg=NewConnection DisableClientMultiStatements=false connectionID=48
time="2026-09-05T18:50:36-07:00" level=info msg=NewConnection DisableClientMultiStatements=false connectionID=49
time="2026-09-05T18:50:36-07:00" level=info msg=ConnectionClosed connectionID=48
time="2026-09-05T18:50:36-07:00" level=info msg=NewConnection DisableClientMultiStatements=false connectionID=50
time="2026-09-05T18:50:36-07:00" level=info msg=ConnectionClosed connectionID=50
time="2026-09-05T18:50:36-07:00" level=info msg=ConnectionClosed connectionID=49
time="2026-09-05T18:50:36-07:00" level=info msg=NewConnection DisableClientMultiStatements=false connectionID=51
time="2026-09-05T18:50:36-07:00" level=info msg=ConnectionClosed connectionID=51
time="2026-09-05T18:50:36-07:00" level=info msg=NewConnection DisableClientMultiStatements=false connectionID=52
time="2026-09-05T18:50:36-07:00" level=info msg=ConnectionClosed connectionID=52
time="2026-09-05T18:50:36-07:00" level=info msg=NewConnection DisableClientMultiStatements=false connectionID=53
time="2026-09-05T18:50:36-07:00" level=info msg=ConnectionClosed connectionID=53
time="2026-09-05T18:50:36-07:00" level=info msg=NewConnection DisableClientMultiStatements=false connectionID=54
time="2026-09-05T18:50:36-07:00" level=info msg=ConnectionClosed connectionID=54
time="2026-09-05T18:50:36-07:00" level=info msg=NewConnection DisableClientMultiStatements=false connectionID=55
time="2026-09-05T18:50:36-07:00" level=info msg=ConnectionClosed connectionID=55
time="2026-09-05T18:50:36-07:00" level=info msg=NewConnection DisableClientMultiStatements=false connectionID=56
time="2026-09-05T18:50:36-07:00" level=info msg=ConnectionClosed connectionID=56
time="2026-09-05T18:50:36-07:00" level=info msg=NewConnection DisableClientMultiStatements=false connectionID=57
time="2026-09-05T18:50:36-07:00" level=info msg=ConnectionClosed connectionID=57
time="2026-09-05T18:50:36-07:00" level=info msg=NewConnection DisableClientMultiStatements=false connectionID=58
time="2026-09-05T18:50:36-07:00" level=info msg=ConnectionClosed connectionID=58
time="2026-09-05T18:50:36-07:00" level=info msg=NewConnection DisableClientMultiStatements=false connectionID=59
time="2026-09-05T18:50:36-07:00" level=info msg=ConnectionClosed connectionID=59
time="2026-09-05T18:50:36-07:00" level=info msg=NewConnection DisableClientMultiStatements=false connectionID=60
time="2026-09-05T18:50:36-07:00" level=info msg=ConnectionClosed connectionID=60
time="2026-09-05T18:50:36-07:00" level=info msg=NewConnection DisableClientMultiStatements=false connectionID=61
time="2026-09-05T18:50:36-07:00" level=info msg=ConnectionClosed connectionID=61
time="2026-09-05T18:50:36-07:00" level=info msg=NewConnection DisableClientMultiStatements=false connectionID=62
time="2026-09-05T18:50:36-07:00" level=info msg=ConnectionClosed connectionID=62
time="2026-09-05T18:50:36-07:00" level=info msg=NewConnection DisableClientMultiStatements=false connectionID=63
time="2026-09-05T18:50:36-07:00" level=info msg=ConnectionClosed connectionID=63
time="2026-09-05T18:50:37-07:00" level=info msg=NewConnection DisableClientMultiStatements=false connectionID=64
time="2026-09-05T18:50:37-07:00" level=info msg=ConnectionClosed connectionID=64
time="2026-09-05T18:50:37-07:00" level=info msg=NewConnection DisableClientMultiStatements=false connectionID=65
time="2026-09-05T18:50:37-07:00" level=info msg=NewConnection DisableClientMultiStatements=false connectionID=66
time="2026-09-05T18:50:37-07:00" level=info msg=ConnectionClosed connectionID=65
time="2026-09-05T18:50:37-07:00" level=info msg=NewConnection DisableClientMultiStatements=false connectionID=67
time="2026-09-05T18:50:37-07:00" level=info msg=ConnectionClosed connectionID=67
time="2026-09-05T18:50:37-07:00" level=info msg=ConnectionClosed connectionID=66
time="2026-09-05T18:50:37-07:00" level=info msg=NewConnection DisableClientMultiStatements=false connectionID=68
time="2026-09-05T18:50:37-07:00" level=info msg=ConnectionClosed connectionID=68
time="2026-09-05T18:50:37-07:00" level=info msg=NewConnection DisableClientMultiStatements=false connectionID=69
time="2026-09-05T18:50:37-07:00" level=info msg=ConnectionClosed connectionID=69
time="2026-09-05T18:50:37-07:00" level=info msg=NewConnection DisableClientMultiStatements=false connectionID=70
time="2026-09-05T18:50:37-07:00" level=info msg=ConnectionClosed connectionID=70
time="2026-09-05T18:50:37-07:00" level=info msg=NewConnection DisableClientMultiStatements=false connectionID=71
time="2026-09-05T18:50:37-07:00" level=info msg=ConnectionClosed connectionID=71
time="2026-09-05T18:50:37-07:00" level=info msg=NewConnection DisableClientMultiStatements=false connectionID=72
time="2026-09-05T18:50:37-07:00" level=info msg=ConnectionClosed connectionID=72
time="2026-09-05T18:50:37-07:00" level=info msg=NewConnection DisableClientMultiStatements=false connectionID=73
time="2026-09-05T18:50:37-07:00" level=info msg=ConnectionClosed connectionID=73
time="2026-09-05T18:50:37-07:00" level=info msg=NewConnection DisableClientMultiStatements=false connectionID=74
time="2026-09-05T18:50:37-07:00" level=info msg=ConnectionClosed connectionID=74
time="2026-09-05T18:50:37-07:00" level=info msg=NewConnection DisableClientMultiStatements=false connectionID=75
time="2026-09-05T18:50:37-07:00" level=info msg=ConnectionClosed connectionID=75
time="2026-09-05T18:50:37-07:00" level=info msg=NewConnection DisableClientMultiStatements=false connectionID=76
time="2026-09-05T18:50:37-07:00" level=info msg=ConnectionClosed connectionID=76
time="2026-09-05T18:50:37-07:00" level=info msg=NewConnection DisableClientMultiStatements=false connectionID=77
time="2026-09-05T18:50:37-07:00" level=info msg=ConnectionClosed connectionID=77
time="2026-09-05T18:50:37-07:00" level=info msg=NewConnection DisableClientMultiStatements=false connectionID=78
time="2026-09-05T18:50:37-07:00" level=info msg=ConnectionClosed connectionID=78
time="2026-09-05T18:50:37-07:00" level=info msg=NewConnection DisableClientMultiStatements=false connectionID=79
time="2026-09-05T18:50:37-07:00" level=info msg=NewConnection DisableClientMultiStatements=false connectionID=80
time="2026-09-05T18:50:37-07:00" level=info msg=ConnectionClosed connectionID=79
time="2026-09-05T18:50:37-07:00" level=info msg=NewConnection DisableClientMultiStatements=false connectionID=81
time="2026-09-05T18:50:37-07:00" level=info msg=ConnectionClosed connectionID=81
time="2026-09-05T18:50:37-07:00" level=info msg=ConnectionClosed connectionID=80
time="2026-09-05T18:50:37-07:00" level=info msg=NewConnection DisableClientMultiStatements=false connectionID=82
time="2026-09-05T18:50:37-07:00" level=info msg=ConnectionClosed connectionID=82
time="2026-09-05T18:50:37-07:00" level=info msg=NewConnection DisableClientMultiStatements=false connectionID=83
time="2026-09-05T18:50:37-07:00" level=info msg=ConnectionClosed connectionID=83
time="2026-09-05T18:50:37-07:00" level=info msg=NewConnection DisableClientMultiStatements=false connectionID=84
time="2026-09-05T18:50:37-07:00" level=info msg=ConnectionClosed connectionID=84
time="2026-09-05T18:50:38-07:00" level=info msg=NewConnection DisableClientMultiStatements=false connectionID=85
time="2026-09-05T18:50:38-07:00" level=info msg=ConnectionClosed connectionID=85
time="2026-09-05T18:50:38-07:00" level=info msg=NewConnection DisableClientMultiStatements=false connectionID=86
time="2026-09-05T18:50:38-07:00" level=info msg=ConnectionClosed connectionID=86
------------------------------ Captured log call -------------------------------
ERROR    amplifier_work_tracker.webpush:webpush.py:435 ntfy alarm unexpected failure for reclaimed reapproj17cccf4977-9gx: asyncio.run() cannot be called from a running event loop
--------------------------- Captured stderr teardown ---------------------------
time="2026-09-05T18:50:38-07:00" level=info msg=NewConnection DisableClientMultiStatements=false connectionID=87
time="2026-09-05T18:50:38-07:00" level=info msg="stats stopped: context canceled"
time="2026-09-05T18:50:38-07:00" level=info msg=ConnectionClosed connectionID=87
time="2026-09-05T18:50:38-07:00" level=info msg=NewConnection DisableClientMultiStatements=false connectionID=88
time="2026-09-05T18:50:38-07:00" level=info msg=ConnectionClosed connectionID=88
time="2026-09-05T18:50:38-07:00" level=info msg="Server closing listener. No longer accepting connections."
time="2026-09-05T18:50:38-07:00" level=info msg="stats stopped: context canceled"
=============================== warnings summary ===============================
modules/tool-work-tracker/tests/test_reap_recovery.py::test_explicit_resolve_refusal_after_reap_clears_held_and_allows_new_claim
  /home/bkrabach/dev/hw-model-performance/lanes/c0e-ccv1-023-ledger-note/amplifier-work-tracker/.venv/lib/python3.12/site-packages/_pytest/stash.py:108: RuntimeWarning: coroutine 'alarm_for_reclaimed_item' was never awaited
    del self._storage[key]
  Enable tracemalloc to get traceback where the object was allocated.
  See https://docs.pytest.org/en/stable/how-to/capture-warnings.html#resource-warnings for more info.

-- Docs: https://docs.pytest.org/en/stable/how-to/capture-warnings.html
=========================== short test summary info ============================
FAILED modules/tool-work-tracker/tests/test_reap_recovery.py::test_explicit_resolve_refusal_after_reap_clears_held_and_allows_new_claim
1 failed, 1 warning in 8.42s
