.venv/bin/python -m pytest modules/tool-work-tracker/tests -v
============================= test session starts ==============================
platform linux -- Python 3.12.13, pytest-9.1.1, pluggy-1.6.0 -- /home/bkrabach/dev/hw-model-performance/lanes/jyg-doctor-sweep-heartbeat/amplifier-work-tracker/.venv/bin/python
cachedir: .pytest_cache
rootdir: /home/bkrabach/dev/hw-model-performance/lanes/jyg-doctor-sweep-heartbeat/amplifier-work-tracker
configfile: pyproject.toml
plugins: anyio-4.15.0, asyncio-1.4.0, amplifier-core-1.6.1
asyncio: mode=Mode.STRICT, debug=False, asyncio_default_fixture_loop_scope=None, asyncio_default_test_loop_scope=function
collecting ... collected 119 items

modules/tool-work-tracker/tests/test_conformance_fixtures.py::test_fixture2_bad_half_stale_holders_resolve_is_refused_after_a_real_reap PASSED [  0%]
modules/tool-work-tracker/tests/test_conformance_fixtures.py::test_fixture2_good_half_a_live_holders_resolve_still_succeeds PASSED [  1%]
modules/tool-work-tracker/tests/test_conformance_fixtures.py::test_fixture2_good_half_integrator_close_of_a_reclaimed_item_still_succeeds PASSED [  2%]
modules/tool-work-tracker/tests/test_conformance_fixtures.py::test_fixture3_release_of_an_already_closed_held_item_clears_the_latch PASSED [  3%]
modules/tool-work-tracker/tests/test_conformance_fixtures.py::test_fixture3_work_status_reports_custody_lost_while_the_hold_is_retained PASSED [  4%]
modules/tool-work-tracker/tests/test_conformance_fixtures.py::test_fixture3_a_fenced_reclaim_clears_the_latch_with_no_manual_step PASSED [  5%]
modules/tool-work-tracker/tests/test_conformance_fixtures.py::test_fixture4_a_directed_second_claim_is_refused_while_holding PASSED [  5%]
modules/tool-work-tracker/tests/test_conformance_fixtures.py::test_fixture4_a_queue_second_claim_is_refused_while_holding PASSED [  6%]
modules/tool-work-tracker/tests/test_conformance_fixtures.py::test_fixture4_the_second_claim_succeeds_once_the_first_is_resolved PASSED [  7%]
modules/tool-work-tracker/tests/test_conformance_fixtures.py::test_fixture4_the_second_claim_succeeds_once_the_first_is_released PASSED [  8%]
modules/tool-work-tracker/tests/test_custody_atomic.py::test_failed_take_custody_releases_the_claim_back_to_ready PASSED [  9%]
modules/tool-work-tracker/tests/test_custody_atomic.py::test_failed_take_custody_then_failed_release_says_the_item_may_still_be_held PASSED [ 10%]
modules/tool-work-tracker/tests/test_dead_holder_successor_claim.py::test_successor_work_claim_is_refused_by_name_before_the_reclaim PASSED [ 10%]
modules/tool-work-tracker/tests/test_dead_holder_successor_claim.py::test_successor_work_claim_succeeds_after_the_sweep_reclaims PASSED [ 11%]
modules/tool-work-tracker/tests/test_dead_holder_successor_claim.py::test_the_successor_can_then_resolve_the_item_it_reclaimed PASSED [ 12%]
modules/tool-work-tracker/tests/test_dead_holder_successor_claim.py::test_a_live_sessions_hold_survives_the_same_sweep PASSED [ 13%]
modules/tool-work-tracker/tests/test_phantom_conflict_recovery.py::test_unclaim_recovers_a_session_wedged_on_an_already_closed_item PASSED [ 14%]
modules/tool-work-tracker/tests/test_phantom_conflict_recovery.py::test_renew_loop_holds_session_lock_during_its_bd_call PASSED [ 15%]
modules/tool-work-tracker/tests/test_reap_recovery.py::test_explicit_resolve_refusal_after_reap_clears_held_and_allows_new_claim PASSED [ 15%]
modules/tool-work-tracker/tests/test_reap_recovery.py::test_explicit_declare_refusal_after_reap_clears_held_and_allows_new_claim PASSED [ 16%]
modules/tool-work-tracker/tests/test_reap_recovery.py::test_background_renew_loop_detects_reap_and_clears_held_state PASSED [ 17%]
modules/tool-work-tracker/tests/test_reap_recovery.py::test_background_renew_loop_generic_failure_does_not_clear_held PASSED [ 18%]
modules/tool-work-tracker/tests/test_result_guard.py::test_guarded_turns_an_unexpected_exception_into_an_honest_failure PASSED [ 19%]
modules/tool-work-tracker/tests/test_result_guard.py::test_guarded_passes_through_a_normal_result_untouched PASSED [ 20%]
modules/tool-work-tracker/tests/test_result_guard.py::test_guarded_never_swallows_a_real_failed_toolresult PASSED [ 21%]
modules/tool-work-tracker/tests/test_result_guard.py::test_guarded_does_not_swallow_cancellation PASSED [ 21%]
modules/tool-work-tracker/tests/test_result_guard.py::test_every_tool_classs_execute_is_guarded PASSED [ 22%]
modules/tool-work-tracker/tests/test_result_guard.py::test_work_add_reports_an_unexpected_non_beads_error_honestly PASSED [ 23%]
modules/tool-work-tracker/tests/test_result_guard.py::test_work_claim_reports_an_unexpected_non_beads_error_honestly PASSED [ 24%]
modules/tool-work-tracker/tests/test_service_tools.py::test_classify_state_reports_bd_missing_before_touching_service_or_port PASSED [ 25%]
modules/tool-work-tracker/tests/test_service_tools.py::test_classify_state_reports_bd_too_old_via_forged_version PASSED [ 26%]
modules/tool-work-tracker/tests/test_service_tools.py::test_status_tool_surfaces_console_script_fix_when_off_path PASSED [ 26%]
modules/tool-work-tracker/tests/test_service_tools.py::test_status_tool_omits_console_script_fields_when_on_path PASSED [ 27%]
modules/tool-work-tracker/tests/test_service_tools.py::test_install_tool_reports_observed_rollback_detail_on_service_install_failure PASSED [ 28%]
modules/tool-work-tracker/tests/test_service_tools.py::test_install_tool_admits_unknown_rollback_when_no_detail_was_observed PASSED [ 29%]
modules/tool-work-tracker/tests/test_service_tools.py::test_install_tool_refuses_loudly_when_bd_missing PASSED [ 30%]
modules/tool-work-tracker/tests/test_service_tools.py::test_install_tool_refuses_loudly_when_dolt_missing PASSED [ 31%]
modules/tool-work-tracker/tests/test_service_tools.py::test_classify_state_reports_running_unmanaged_not_foreign_when_port_is_healthy PASSED [ 31%]
modules/tool-work-tracker/tests/test_service_tools.py::test_classify_state_running_unmanaged_advises_adoption_not_shutdown PASSED [ 32%]
modules/tool-work-tracker/tests/test_service_tools.py::test_install_tool_refuses_running_unmanaged_without_advising_to_kill_it PASSED [ 33%]
modules/tool-work-tracker/tests/test_service_tools.py::test_classify_state_reports_running_systemd_unreachable_not_running_unmanaged PASSED [ 34%]
modules/tool-work-tracker/tests/test_service_tools.py::test_classify_state_reports_installed_not_running_when_systemd_unreachable_and_port_down PASSED [ 35%]
modules/tool-work-tracker/tests/test_service_tools.py::test_classify_state_never_reachable_unknown_state_when_never_installed PASSED [ 36%]
modules/tool-work-tracker/tests/test_service_tools.py::test_install_tool_refuses_running_systemd_unreachable_without_advising_to_kill_it PASSED [ 36%]
modules/tool-work-tracker/tests/test_service_tools.py::test_install_tool_diagnoses_bus_unreachable_instead_of_generic_systemd_message PASSED [ 37%]
modules/tool-work-tracker/tests/test_service_tools.py::test_install_tool_still_admits_unknown_rollback_for_called_process_error PASSED [ 38%]
modules/tool-work-tracker/tests/test_service_tools.py::test_install_tool_reports_not_the_init_system_when_marker_absent PASSED [ 39%]
modules/tool-work-tracker/tests/test_work_add.py::test_add_files_a_claimable_item_with_no_held_item_required PASSED [ 40%]
modules/tool-work-tracker/tests/test_work_add.py::test_added_item_applies_the_engineering_lane_label_itself PASSED [ 41%]
modules/tool-work-tracker/tests/test_work_add.py::test_add_then_claim_end_to_end PASSED [ 42%]
modules/tool-work-tracker/tests/test_work_add.py::test_add_with_related_records_a_visible_edge PASSED [ 42%]
modules/tool-work-tracker/tests/test_work_add.py::test_add_reports_beads_errors_without_raising PASSED [ 43%]
modules/tool-work-tracker/tests/test_work_bootstrap.py::test_work_claim_surfaces_repos_and_context PASSED [ 44%]
modules/tool-work-tracker/tests/test_work_bootstrap.py::test_work_claim_empty_lists_for_item_without_a_block PASSED [ 45%]
modules/tool-work-tracker/tests/test_work_bootstrap.py::test_work_list_directed_read_surfaces_repos_and_context PASSED [ 46%]
modules/tool-work-tracker/tests/test_work_defer_block.py::test_defer_sets_status_and_reason_with_no_held_item_required PASSED [ 47%]
modules/tool-work-tracker/tests/test_work_defer_block.py::test_defer_requires_a_reason_unless_clearing PASSED [ 47%]
modules/tool-work-tracker/tests/test_work_defer_block.py::test_defer_clear_moves_item_back_to_open PASSED [ 48%]
modules/tool-work-tracker/tests/test_work_defer_block.py::test_deferred_item_is_skipped_by_work_claim PASSED [ 49%]
modules/tool-work-tracker/tests/test_work_defer_block.py::test_block_sets_status_and_reason_with_no_held_item_required PASSED [ 50%]
modules/tool-work-tracker/tests/test_work_defer_block.py::test_block_clear_moves_item_back_to_open PASSED [ 51%]
modules/tool-work-tracker/tests/test_work_defer_block.py::test_defer_reports_beads_errors_without_raising PASSED [ 52%]
modules/tool-work-tracker/tests/test_work_defer_block.py::test_defer_block_on_a_resolved_item_report_failure_and_keep_the_resolution[defer] PASSED [ 52%]
modules/tool-work-tracker/tests/test_work_defer_block.py::test_defer_block_on_a_resolved_item_report_failure_and_keep_the_resolution[block] PASSED [ 53%]
modules/tool-work-tracker/tests/test_work_dep.py::test_dep_declares_edge_and_returns_it PASSED [ 54%]
modules/tool-work-tracker/tests/test_work_dep.py::test_dep_without_depends_on_only_displays_existing_edges PASSED [ 55%]
modules/tool-work-tracker/tests/test_work_dep.py::test_dep_blocks_type_makes_work_claim_refuse_naming_the_blocker PASSED [ 56%]
modules/tool-work-tracker/tests/test_work_dep.py::test_dep_reports_beads_errors_without_raising PASSED [ 57%]
modules/tool-work-tracker/tests/test_work_edit.py::test_edit_amends_fields_with_no_held_item_required PASSED [ 57%]
modules/tool-work-tracker/tests/test_work_edit.py::test_edit_refuses_combining_merge_into_with_field_edits PASSED [ 58%]
modules/tool-work-tracker/tests/test_work_edit.py::test_edit_merge_into_supersedes_and_closes_the_item PASSED [ 59%]
modules/tool-work-tracker/tests/test_work_edit.py::test_edit_reports_beads_errors_without_raising PASSED [ 60%]
modules/tool-work-tracker/tests/test_work_list.py::test_list_shows_mixed_states_with_holder_and_resolution PASSED [ 61%]
modules/tool-work-tracker/tests/test_work_list.py::test_list_status_filter_returns_only_matching_status PASSED [ 62%]
modules/tool-work-tracker/tests/test_work_list.py::test_list_rejects_unknown_status PASSED [ 63%]
modules/tool-work-tracker/tests/test_work_list.py::test_list_never_claims_mutates_or_touches_custody PASSED [ 63%]
modules/tool-work-tracker/tests/test_work_list.py::test_list_on_empty_project_returns_empty_not_an_error PASSED [ 64%]
modules/tool-work-tracker/tests/test_work_list.py::test_list_reports_beads_errors_without_raising PASSED [ 65%]
modules/tool-work-tracker/tests/test_work_list.py::test_list_truncates_and_reports_it_explicitly PASSED [ 66%]
modules/tool-work-tracker/tests/test_work_list.py::test_list_default_rows_are_lean_no_body_fields PASSED [ 67%]
modules/tool-work-tracker/tests/test_work_list.py::test_list_with_item_id_reads_full_body_without_claiming PASSED [ 68%]
modules/tool-work-tracker/tests/test_work_list.py::test_list_with_item_id_ignores_status_and_limit PASSED [ 68%]
modules/tool-work-tracker/tests/test_work_list.py::test_list_with_item_id_on_nonexistent_item_fails_with_distinct_error PASSED [ 69%]
modules/tool-work-tracker/tests/test_work_list.py::test_list_with_item_id_from_a_different_project_gives_distinct_wrong_project_error PASSED [ 70%]
modules/tool-work-tracker/tests/test_work_list.py::test_list_with_item_id_never_mutates_the_item PASSED [ 71%]
modules/tool-work-tracker/tests/test_work_move.py::test_move_moves_item_between_projects_with_no_held_item_required PASSED [ 72%]
modules/tool-work-tracker/tests/test_work_move.py::test_move_does_not_require_a_held_item_in_this_session PASSED [ 73%]
modules/tool-work-tracker/tests/test_work_move.py::test_move_refuses_while_item_is_held_by_another_session PASSED [ 73%]
modules/tool-work-tracker/tests/test_work_move.py::test_move_reports_beads_errors_without_raising PASSED [ 74%]
modules/tool-work-tracker/tests/test_work_release.py::test_release_returns_held_item_to_the_queue_and_stops_custody PASSED [ 75%]
modules/tool-work-tracker/tests/test_work_release.py::test_released_item_can_be_claimed_again_immediately PASSED [ 76%]
modules/tool-work-tracker/tests/test_work_release.py::test_release_refuses_when_not_holding_anything PASSED [ 77%]
modules/tool-work-tracker/tests/test_work_release.py::test_release_refuses_a_different_item_than_the_one_held PASSED [ 78%]
modules/tool-work-tracker/tests/test_work_reopen.py::test_reopen_claim_resolve_corrects_the_published_record PASSED [ 78%]
modules/tool-work-tracker/tests/test_work_reopen.py::test_reopen_archives_the_previous_record_where_bd_cannot_destroy_it PASSED [ 79%]
modules/tool-work-tracker/tests/test_work_reopen.py::test_claim_leg_degrades_without_dropping_an_existing_hold PASSED [ 80%]
modules/tool-work-tracker/tests/test_work_reopen.py::test_reopen_refuses_an_item_that_is_not_resolved PASSED [ 81%]
modules/tool-work-tracker/tests/test_work_reopen.py::test_reopen_refuses_an_empty_reason PASSED [ 82%]
modules/tool-work-tracker/tests/test_work_reopen.py::test_work_resolve_refuses_divergent_text_on_a_closed_item PASSED [ 83%]
modules/tool-work-tracker/tests/test_work_reopen.py::test_work_reopen_tool_is_registered_with_the_expected_surface PASSED [ 84%]
modules/tool-work-tracker/tests/test_work_stats.py::test_stats_reports_full_breakdown_for_one_project PASSED [ 84%]
modules/tool-work-tracker/tests/test_work_stats.py::test_stats_empty_project_is_success_with_zeroes PASSED [ 85%]
modules/tool-work-tracker/tests/test_work_stats.py::test_stats_never_claims_or_mutates PASSED [ 86%]
modules/tool-work-tracker/tests/test_work_stats.py::test_stats_on_unreadable_project_reports_failure PASSED [ 87%]
modules/tool-work-tracker/tests/test_work_status.py::test_status_reports_success_when_there_is_nothing_to_report PASSED [ 88%]
modules/tool-work-tracker/tests/test_work_status.py::test_status_reports_failure_when_a_project_cannot_be_listed PASSED [ 89%]
modules/tool-work-tracker/tests/test_work_status.py::test_status_still_reports_every_healthy_project_alongside_a_broken_one PASSED [ 89%]
modules/tool-work-tracker/tests/test_work_status.py::test_status_row_carries_the_full_per_status_breakdown PASSED [ 90%]
modules/tool-work-tracker/tests/test_work_status.py::test_claim_on_an_empty_queue_still_reports_success_with_claimed_null PASSED [ 91%]
modules/tool-work-tracker/tests/test_work_subscribe.py::test_subscribe_is_idempotent_and_validates_project PASSED [ 92%]
modules/tool-work-tracker/tests/test_work_subscribe.py::test_subscribe_refuses_unknown_project PASSED [ 93%]
modules/tool-work-tracker/tests/test_work_subscribe.py::test_unsubscribe_is_idempotent PASSED [ 94%]
modules/tool-work-tracker/tests/test_work_subscribe.py::test_subscriptions_lists_current_state PASSED [ 94%]
modules/tool-work-tracker/tests/test_work_subscribe.py::test_claim_auto_subscribes_to_its_project PASSED [ 95%]
modules/tool-work-tracker/tests/test_work_subscribe.py::test_reminder_snapshot_reports_subscribed_project_counts PASSED [ 96%]
modules/tool-work-tracker/tests/test_work_subscribe.py::test_reminder_snapshot_empty_when_no_subscriptions PASSED [ 97%]
modules/tool-work-tracker/tests/test_work_subscribe.py::test_reminder_snapshot_reports_holding_and_fresh_custody PASSED [ 98%]
modules/tool-work-tracker/tests/test_work_subscribe.py::test_reminder_snapshot_reports_custody_stale_true_past_ttl PASSED [ 99%]
modules/tool-work-tracker/tests/test_work_subscribe.py::test_reminder_snapshot_never_mutates_or_touches_custody PASSED [100%]

=============================== warnings summary ===============================
modules/tool-work-tracker/tests/test_conformance_fixtures.py::test_fixture2_bad_half_stale_holders_resolve_is_refused_after_a_real_reap
modules/tool-work-tracker/tests/test_conformance_fixtures.py::test_fixture2_good_half_integrator_close_of_a_reclaimed_item_still_succeeds
modules/tool-work-tracker/tests/test_conformance_fixtures.py::test_fixture3_a_fenced_reclaim_clears_the_latch_with_no_manual_step
modules/tool-work-tracker/tests/test_dead_holder_successor_claim.py::test_successor_work_claim_succeeds_after_the_sweep_reclaims
modules/tool-work-tracker/tests/test_dead_holder_successor_claim.py::test_the_successor_can_then_resolve_the_item_it_reclaimed
modules/tool-work-tracker/tests/test_reap_recovery.py::test_explicit_resolve_refusal_after_reap_clears_held_and_allows_new_claim
modules/tool-work-tracker/tests/test_reap_recovery.py::test_explicit_declare_refusal_after_reap_clears_held_and_allows_new_claim
modules/tool-work-tracker/tests/test_reap_recovery.py::test_background_renew_loop_detects_reap_and_clears_held_state
  /home/bkrabach/dev/hw-model-performance/lanes/jyg-doctor-sweep-heartbeat/amplifier-work-tracker/.venv/lib/python3.12/site-packages/_pytest/stash.py:108: RuntimeWarning: coroutine 'alarm_for_reclaimed_item' was never awaited
    del self._storage[key]
  Enable tracemalloc to get traceback where the object was allocated.
  See https://docs.pytest.org/en/stable/how-to/capture-warnings.html#resource-warnings for more info.

-- Docs: https://docs.pytest.org/en/stable/how-to/capture-warnings.html
================= 119 passed, 8 warnings in 457.93s (0:07:37) ==================
