.venv/bin/python -m pytest -m integration tests/integration -v
============================= test session starts ==============================
platform linux -- Python 3.12.13, pytest-9.1.1, pluggy-1.6.0 -- /home/bkrabach/dev/hw-model-performance/lanes/jyg-doctor-sweep-heartbeat/amplifier-work-tracker/.venv/bin/python
cachedir: .pytest_cache
rootdir: /home/bkrabach/dev/hw-model-performance/lanes/jyg-doctor-sweep-heartbeat/amplifier-work-tracker
configfile: pyproject.toml
plugins: anyio-4.15.0, asyncio-1.4.0, amplifier-core-1.6.1
asyncio: mode=Mode.STRICT, debug=False, asyncio_default_fixture_loop_scope=None, asyncio_default_test_loop_scope=function
collecting ... collected 377 items

tests/integration/test_blocker_chain_and_activity.py::test_get_with_links_reports_full_blocker_detail PASSED [  0%]
tests/integration/test_blocker_chain_and_activity.py::test_get_with_links_blocking_clears_once_blocker_resolved PASSED [  0%]
tests/integration/test_blocker_chain_and_activity.py::test_get_with_links_reports_discovered_from_both_directions PASSED [  0%]
tests/integration/test_blocker_chain_and_activity.py::test_get_with_links_blocks_inverse_is_present_but_lean PASSED [  1%]
tests/integration/test_blocker_chain_and_activity.py::test_activity_reports_created_claimed_commented_and_resolved PASSED [  1%]
tests/integration/test_blocker_chain_and_activity.py::test_activity_on_a_fresh_item_is_just_created PASSED [  1%]
tests/integration/test_blocker_chain_and_activity.py::test_activity_is_read_only_and_does_not_touch_status_or_holder PASSED [  1%]
tests/integration/test_contention_hardening.py::test_project_summary_survives_concurrent_writes PASSED [  2%]
tests/integration/test_contention_hardening.py::test_20_concurrent_resolves_land_cleanly_with_zero_caller_spacing PASSED [  2%]
tests/integration/test_contention_hardening.py::test_reported_write_failures_never_silently_land PASSED [  2%]
tests/integration/test_contract_assumptions.py::test_bd_version_is_within_the_supported_window PASSED [  2%]
tests/integration/test_contract_assumptions.py::test_contract_assumption_holds[capabilities] PASSED [  3%]
tests/integration/test_contract_assumptions.py::test_contract_assumption_holds[read.unavailable_not_absent] PASSED [  3%]
tests/integration/test_contract_assumptions.py::test_contract_assumption_holds[resolve.fenced] PASSED [  3%]
tests/integration/test_contract_assumptions.py::test_contract_assumption_holds[resolve.divergent_text_refused] PASSED [  3%]
tests/integration/test_contract_assumptions.py::test_contract_assumption_holds[resolve.identical_text_idempotent] PASSED [  4%]
tests/integration/test_contract_assumptions.py::test_contract_assumption_holds[reopen.reopens] PASSED [  4%]
tests/integration/test_contract_assumptions.py::test_contract_assumption_holds[reopen.clears_closed_at] PASSED [  4%]
tests/integration/test_contract_assumptions.py::test_contract_assumption_holds[reopen.close_reason_disposition] PASSED [  5%]
tests/integration/test_contract_assumptions.py::test_contract_assumption_holds[reopen.emits_event] PASSED [  5%]
tests/integration/test_contract_assumptions.py::test_contract_assumption_holds[defer.refuses_resolved] PASSED [  5%]
tests/integration/test_contract_assumptions.py::test_contract_assumption_holds[block.refuses_resolved] PASSED [  5%]
tests/integration/test_contract_assumptions.py::test_contract_assumption_holds[release.reopens_unresolved] PASSED [  6%]
tests/integration/test_contract_assumptions.py::test_contract_assumption_holds[claim.subcommand] PASSED [  6%]
tests/integration/test_contract_assumptions.py::test_contract_assumption_holds[claim.atomic] PASSED [  6%]
tests/integration/test_contract_assumptions.py::test_contract_assumption_holds[claim.directed_atomic] PASSED [  6%]
tests/integration/test_contract_assumptions.py::test_contract_assumption_holds[link.nonblocking] PASSED [  7%]
tests/integration/test_contract_assumptions.py::test_contract_assumption_holds[list.includes_closed] PASSED [  7%]
tests/integration/test_contract_assumptions.py::test_contract_assumption_holds[list.status_filter_includes_closed] PASSED [  7%]
tests/integration/test_contract_assumptions.py::test_contract_assumption_holds[show.dependents] PASSED [  7%]
tests/integration/test_contract_assumptions.py::test_contract_assumption_holds[read.no_mutation] PASSED [  8%]
tests/integration/test_contract_assumptions.py::test_contract_assumption_holds[resolution.readable] PASSED [  8%]
tests/integration/test_contract_assumptions.py::test_contract_assumption_holds[timestamps.readable] PASSED [  8%]
tests/integration/test_contract_assumptions.py::test_contract_assumption_holds[metadata.roundtrip] PASSED [  9%]
tests/integration/test_contract_assumptions.py::test_contract_assumption_holds[project.name_rules] PASSED [  9%]
tests/integration/test_contract_assumptions.py::test_contract_assumption_holds[custody.fresh_survives] PASSED [  9%]
tests/integration/test_contract_assumptions.py::test_contract_assumption_holds[custody.stale_reclaimed] PASSED [  9%]
tests/integration/test_contract_assumptions.py::test_contract_assumption_holds[custody.idle_not_exempt] PASSED [ 10%]
tests/integration/test_contract_assumptions.py::test_contract_assumption_holds[custody.fenced] PASSED [ 10%]
tests/integration/test_contract_assumptions.py::test_contract_assumption_holds[project.removal] PASSED [ 10%]
tests/integration/test_contract_assumptions.py::test_contract_assumption_holds[project.create_atomic] PASSED [ 10%]
tests/integration/test_contract_assumptions.py::test_contract_assumption_holds[project.creation_state_reporting] PASSED [ 11%]
tests/integration/test_create_related.py::test_create_with_relates_to_records_a_visible_edge PASSED [ 11%]
tests/integration/test_create_related.py::test_create_with_supersedes_records_a_visible_edge PASSED [ 11%]
tests/integration/test_create_related.py::test_create_with_follow_up_of_maps_to_discovered_from PASSED [ 11%]
tests/integration/test_create_related.py::test_create_with_multiple_related_entries_records_all PASSED [ 12%]
tests/integration/test_create_related.py::test_create_refuses_whole_create_on_unknown_relation_kind PASSED [ 12%]
tests/integration/test_create_related.py::test_create_without_related_is_unchanged PASSED [ 12%]
tests/integration/test_dead_holder_reclaim.py::test_dead_holders_hold_is_reported_stale_inside_the_ttl PASSED [ 12%]
tests/integration/test_dead_holder_reclaim.py::test_the_sweep_reclaims_a_dead_holders_hold_with_the_default_ttl PASSED [ 13%]
tests/integration/test_dead_holder_reclaim.py::test_a_successor_session_can_claim_the_item_after_the_reclaim PASSED [ 13%]
tests/integration/test_dead_holder_reclaim.py::test_a_live_holder_inside_the_ttl_is_never_reclaimed PASSED [ 13%]
tests/integration/test_dead_holder_reclaim.py::test_a_holder_recorded_on_another_host_is_never_reclaimed PASSED [ 14%]
tests/integration/test_dead_holder_reclaim.py::test_the_reaper_does_not_depend_on_bds_default_list_page PASSED [ 14%]
tests/integration/test_dead_holder_reclaim.py::test_one_unreleasable_item_does_not_shadow_the_rest_of_the_queue PASSED [ 14%]
tests/integration/test_defer_block.py::test_defer_moves_status_and_stores_reason PASSED [ 14%]
tests/integration/test_defer_block.py::test_deferred_item_stays_visible_in_default_list_and_by_explicit_status PASSED [ 15%]
tests/integration/test_defer_block.py::test_deferred_item_is_skipped_by_claim_next PASSED [ 15%]
tests/integration/test_defer_block.py::test_undefer_moves_item_back_to_open_and_clears_reason PASSED [ 15%]
tests/integration/test_defer_block.py::test_undefer_refuses_when_not_deferred PASSED [ 15%]
tests/integration/test_defer_block.py::test_defer_refuses_without_a_reason PASSED [ 16%]
tests/integration/test_defer_block.py::test_block_moves_status_and_stores_reason PASSED [ 16%]
tests/integration/test_defer_block.py::test_blocked_item_is_skipped_by_claim_next PASSED [ 16%]
tests/integration/test_defer_block.py::test_unblock_moves_item_back_to_open_and_clears_reason PASSED [ 16%]
tests/integration/test_defer_block.py::test_unblock_refuses_when_not_blocked PASSED [ 17%]
tests/integration/test_defer_block.py::test_defer_and_block_reasons_never_collide PASSED [ 17%]
tests/integration/test_defer_block.py::test_defer_block_on_a_resolved_item_refuse_and_the_resolution_survives[defer] PASSED [ 17%]
tests/integration/test_defer_block.py::test_defer_block_on_a_resolved_item_refuse_and_the_resolution_survives[block] PASSED [ 18%]
tests/integration/test_defer_block.py::test_the_destructive_loop_now_stops_at_its_first_verb PASSED [ 18%]
tests/integration/test_defer_block.py::test_reopen_still_succeeds_on_the_same_item_and_still_archives_first PASSED [ 18%]
tests/integration/test_defer_block.py::test_defer_block_on_an_open_item_are_unaffected[defer] PASSED [ 18%]
tests/integration/test_defer_block.py::test_defer_block_on_an_open_item_are_unaffected[block] PASSED [ 19%]
tests/integration/test_defer_block.py::test_defer_block_on_a_held_item_are_unaffected[defer] PASSED [ 19%]
tests/integration/test_defer_block.py::test_defer_block_on_a_held_item_are_unaffected[block] PASSED [ 19%]
tests/integration/test_defer_block.py::test_defer_block_on_an_already_deferred_or_blocked_item_are_unaffected[defer] PASSED [ 19%]
tests/integration/test_defer_block.py::test_defer_block_on_an_already_deferred_or_blocked_item_are_unaffected[block] PASSED [ 20%]
tests/integration/test_dependency.py::test_add_dependency_creates_edge_visible_via_get_with_links PASSED [ 20%]
tests/integration/test_dependency.py::test_get_readonly_with_links_displays_the_same_edge PASSED [ 20%]
tests/integration/test_dependency.py::test_claim_refuses_naming_the_dependency_created_via_add_dependency PASSED [ 20%]
tests/integration/test_dependency.py::test_resolving_the_blocker_makes_the_blocked_item_claimable PASSED [ 21%]
tests/integration/test_dependency.py::test_add_dependency_with_non_blocking_type_is_not_a_claim_blocker PASSED [ 21%]
tests/integration/test_dependency.py::test_add_dependency_refuses_on_nonexistent_target PASSED [ 21%]
tests/integration/test_directed_claim.py::test_claim_item_succeeds_on_a_free_item PASSED [ 22%]
tests/integration/test_directed_claim.py::test_claim_item_is_idempotent_for_the_same_actor PASSED [ 22%]
tests/integration/test_directed_claim.py::test_claim_item_refuses_when_already_held_by_someone_else PASSED [ 22%]
tests/integration/test_directed_claim.py::test_claim_item_refuses_on_nonexistent_id PASSED [ 22%]
tests/integration/test_directed_claim.py::test_claim_item_refuses_when_blocked_by_an_open_dependency PASSED [ 23%]
tests/integration/test_directed_claim.py::test_claim_item_succeeds_once_the_blocker_is_closed PASSED [ 23%]
tests/integration/test_directed_claim.py::test_claim_next_queue_path_is_unaffected_by_claim_item_existing PASSED [ 23%]
tests/integration/test_gateway_authz.py::test_no_token_is_401 PASSED     [ 23%]
tests/integration/test_gateway_authz.py::test_bad_token_is_401 PASSED    [ 24%]
tests/integration/test_gateway_authz.py::test_identity_spoof_via_query_param_is_403 PASSED [ 24%]
tests/integration/test_gateway_authz.py::test_identity_spoof_via_body_field_is_403 PASSED [ 24%]
tests/integration/test_gateway_authz.py::test_cross_reporter_read_is_404_not_403 PASSED [ 24%]
tests/integration/test_gateway_authz.py::test_redaction_is_applied_at_the_storage_layer_not_just_the_api_echo PASSED [ 25%]
tests/integration/test_gateway_authz.py::test_reporter_only_sees_their_own_reports_in_the_list_view PASSED [ 25%]
tests/integration/test_gateway_authz.py::test_healthz_requires_no_auth PASSED [ 25%]
tests/integration/test_get_via_sql_equivalence.py::test_get_open_item_matches_old_path_exactly PASSED [ 25%]
tests/integration/test_get_via_sql_equivalence.py::test_get_held_item_matches_old_path_exactly PASSED [ 26%]
tests/integration/test_get_via_sql_equivalence.py::test_get_resolved_item_matches_old_path_exactly PASSED [ 26%]
tests/integration/test_get_via_sql_equivalence.py::test_get_unknown_item_raises_same_way_as_old_path PASSED [ 26%]
tests/integration/test_get_via_sql_equivalence.py::test_get_free_text_with_commas_and_newlines_survives_intact PASSED [ 27%]
tests/integration/test_get_via_sql_equivalence.py::test_get_metadata_dict_round_trips_via_sql_path PASSED [ 27%]
tests/integration/test_get_via_sql_equivalence.py::test_get_priority_is_int_not_string_via_sql_path PASSED [ 27%]
tests/integration/test_get_via_sql_equivalence.py::test_get_via_sql_never_mutates_anything PASSED [ 27%]
tests/integration/test_get_via_sql_equivalence.py::test_get_readonly_real_missing_item_reports_not_found PASSED [ 28%]
tests/integration/test_get_via_sql_equivalence.py::test_get_readonly_real_wrong_project_prefix_reports_mismatch PASSED [ 28%]
tests/integration/test_get_via_sql_equivalence.py::test_get_with_links_still_returns_dependency_graph PASSED [ 28%]
tests/integration/test_item_edit.py::test_edit_item_changes_fields_and_leaves_audit_comment PASSED [ 28%]
tests/integration/test_item_edit.py::test_edit_item_refuses_with_no_fields PASSED [ 29%]
tests/integration/test_item_edit.py::test_edit_item_only_names_fields_that_actually_changed PASSED [ 29%]
tests/integration/test_item_edit.py::test_comment_appends_and_is_readable PASSED [ 29%]
tests/integration/test_item_edit.py::test_supersede_closes_original_with_structural_reference PASSED [ 29%]
tests/integration/test_item_edit.py::test_supersede_refuses_when_replacement_missing PASSED [ 30%]
tests/integration/test_item_move.py::test_move_moves_item_preserves_id_and_body PASSED [ 30%]
tests/integration/test_item_move.py::test_move_refuses_while_item_is_held PASSED [ 30%]
tests/integration/test_item_move.py::test_move_refuses_when_item_missing PASSED [ 31%]
tests/integration/test_item_move.py::test_move_twice_raises_cleanly_the_second_time PASSED [ 31%]
tests/integration/test_item_move.py::test_move_refuses_when_src_missing PASSED [ 31%]
tests/integration/test_item_move.py::test_move_refuses_when_dst_missing PASSED [ 31%]
tests/integration/test_item_move.py::test_move_refuses_when_src_equals_dst PASSED [ 32%]
tests/integration/test_item_move.py::test_move_rejects_invalid_project_names PASSED [ 32%]
tests/integration/test_item_move.py::test_move_refuses_when_item_already_exists_at_destination PASSED [ 32%]
tests/integration/test_item_move.py::test_move_drops_cross_project_dependency_edge PASSED [ 32%]
tests/integration/test_item_move.py::test_move_preserves_dependency_edge_to_non_issue_target PASSED [ 33%]
tests/integration/test_list_via_sql_equivalence.py::test_list_default_matches_old_path_excludes_only_closed PASSED [ 33%]
tests/integration/test_list_via_sql_equivalence.py::test_list_include_resolved_matches_old_path_exactly PASSED [ 33%]
tests/integration/test_list_via_sql_equivalence.py::test_list_ordering_matches_old_path_created_at_desc PASSED [ 33%]
tests/integration/test_list_via_sql_equivalence.py::test_list_ordering_prefers_lower_priority_number_over_creation_order PASSED [ 34%]
tests/integration/test_list_via_sql_equivalence.py::test_list_status_filter_matches_old_path[blocked] PASSED [ 34%]
tests/integration/test_list_via_sql_equivalence.py::test_list_status_filter_matches_old_path[deferred] PASSED [ 34%]
tests/integration/test_list_via_sql_equivalence.py::test_list_status_filter_matches_old_path[held] PASSED [ 35%]
tests/integration/test_list_via_sql_equivalence.py::test_list_status_filter_matches_old_path[open] PASSED [ 35%]
tests/integration/test_list_via_sql_equivalence.py::test_list_status_filter_matches_old_path[resolved] PASSED [ 35%]
tests/integration/test_list_via_sql_equivalence.py::test_list_unknown_status_raises_same_way_as_old_path PASSED [ 35%]
tests/integration/test_list_via_sql_equivalence.py::test_list_lane_filter_matches_old_path PASSED [ 36%]
tests/integration/test_list_via_sql_equivalence.py::test_list_lane_plus_include_resolved_matches_old_path PASSED [ 36%]
tests/integration/test_list_via_sql_equivalence.py::test_list_limit_zero_is_unlimited_like_old_path PASSED [ 36%]
tests/integration/test_list_via_sql_equivalence.py::test_list_explicit_limit_matches_old_path PASSED [ 36%]
tests/integration/test_list_via_sql_equivalence.py::test_list_default_limit_is_50_like_bd PASSED [ 37%]
tests/integration/test_list_via_sql_equivalence.py::test_list_free_text_with_commas_and_newlines_survives_intact PASSED [ 37%]
tests/integration/test_list_via_sql_equivalence.py::test_list_metadata_dict_round_trips_via_sql_path PASSED [ 37%]
tests/integration/test_list_via_sql_equivalence.py::test_list_priority_is_int_not_string_via_sql_path PASSED [ 37%]
tests/integration/test_list_via_sql_equivalence.py::test_list_unset_optional_fields_are_none_not_empty_string PASSED [ 38%]
tests/integration/test_list_via_sql_equivalence.py::test_list_via_sql_never_mutates_anything PASSED [ 38%]
tests/integration/test_list_via_sql_equivalence.py::test_list_on_empty_project_returns_empty_not_an_error PASSED [ 38%]
tests/integration/test_no_database_residue.py::test_probe_drops_its_database_on_exit PASSED [ 38%]
tests/integration/test_no_database_residue.py::test_probe_drops_databases_registered_by_a_check PASSED [ 39%]
tests/integration/test_no_database_residue.py::test_probe_exit_is_idempotent_over_an_already_dropped_database PASSED [ 39%]
tests/integration/test_no_database_residue.py::test_drop_project_removes_both_halves PASSED [ 39%]
tests/integration/test_no_database_residue.py::test_drop_project_is_a_no_op_for_a_project_that_was_never_created PASSED [ 40%]
tests/integration/test_observatory_aggregates.py::test_velocity_series_zero_fills_and_buckets_by_calendar_day PASSED [ 40%]
tests/integration/test_observatory_aggregates.py::test_velocity_series_reports_real_zero_for_wholly_quiet_project PASSED [ 40%]
tests/integration/test_observatory_aggregates.py::test_velocity_windows_current_vs_previous_and_delta PASSED [ 40%]
tests/integration/test_observatory_aggregates.py::test_velocity_windows_delta_pct_none_when_previous_is_zero PASSED [ 41%]
tests/integration/test_observatory_aggregates.py::test_reopened_count_counts_real_reopen_events PASSED [ 41%]
tests/integration/test_observatory_aggregates.py::test_reopened_count_zero_for_project_with_no_reopens PASSED [ 41%]
tests/integration/test_observatory_aggregates.py::test_reopened_count_also_counts_reopen_via_plain_status_update PASSED [ 41%]
tests/integration/test_observatory_aggregates.py::test_reopened_count_respects_window_boundary PASSED [ 42%]
tests/integration/test_observatory_aggregates.py::test_project_agents_reports_fresh_holder PASSED [ 42%]
tests/integration/test_observatory_aggregates.py::test_project_agents_reports_stale_holder_with_overage PASSED [ 42%]
tests/integration/test_observatory_aggregates.py::test_project_agents_no_custody_record_counts_as_stale_unmeasurable PASSED [ 42%]
tests/integration/test_observatory_aggregates.py::test_project_agents_excludes_unheld_items PASSED [ 43%]
tests/integration/test_observatory_aggregates.py::test_project_agents_sorts_stale_first_then_by_freshness PASSED [ 43%]
tests/integration/test_observatory_aggregates.py::test_agents_snapshot_spans_every_project PASSED [ 43%]
tests/integration/test_observatory_aggregates.py::test_agents_snapshot_from_rows_matches_agents_snapshot PASSED [ 44%]
tests/integration/test_observatory_aggregates.py::test_agent_stats_single_project_counts_resolved_and_held PASSED [ 44%]
tests/integration/test_observatory_aggregates.py::test_agent_stats_resolved_respects_window PASSED [ 44%]
tests/integration/test_observatory_aggregates.py::test_agent_stats_across_whole_workspace PASSED [ 44%]
tests/integration/test_observatory_aggregates.py::test_agent_stats_zero_for_unknown_agent PASSED [ 45%]
tests/integration/test_observatory_aggregates.py::test_attention_items_ranks_stale_custody_first PASSED [ 45%]
tests/integration/test_observatory_aggregates.py::test_attention_items_ranks_blocked_second PASSED [ 45%]
tests/integration/test_observatory_aggregates.py::test_attention_items_ranks_aging_ready_third_oldest_first PASSED [ 45%]
tests/integration/test_observatory_aggregates.py::test_attention_items_ordering_across_reasons_and_limit PASSED [ 46%]
tests/integration/test_observatory_aggregates.py::test_attention_items_aging_threshold_is_a_module_constant PASSED [ 46%]
tests/integration/test_observatory_aggregates.py::test_stale_attention_rows_matches_attention_items_stale_tier PASSED [ 46%]
tests/integration/test_observatory_aggregates.py::test_attention_items_from_rows_matches_attention_items PASSED [ 46%]
tests/integration/test_observatory_aggregates.py::test_velocity_series_and_windows_matches_separate_calls PASSED [ 47%]
tests/integration/test_observatory_aggregates.py::test_project_summary_held_stale_reflects_real_custody_state PASSED [ 47%]
tests/integration/test_observatory_aggregates.py::test_project_summary_held_stale_zero_and_none_when_nothing_held PASSED [ 47%]
tests/integration/test_observatory_aggregates.py::test_project_summary_held_stale_all_fresh_is_zero_not_fabricated PASSED [ 48%]
tests/integration/test_observatory_web.py::test_l0_renders_environment_kpis_and_fleet_from_real_data PASSED [ 48%]
tests/integration/test_observatory_web.py::test_l0_window_tabs_are_real_server_rendered_links_with_active_state PASSED [ 48%]
tests/integration/test_observatory_web.py::test_l0_unknown_window_param_falls_back_to_7d_not_a_500 PASSED [ 48%]
tests/integration/test_observatory_web.py::test_l0_page_declares_dark_theme_by_default PASSED [ 49%]
tests/integration/test_observatory_web.py::test_l0_new_project_nav_action_is_a_quiet_icon_button PASSED [ 49%]
tests/integration/test_observatory_web.py::test_l1_status_tab_changes_server_side_filter_state PASSED [ 49%]
tests/integration/test_observatory_web.py::test_resolve_post_without_confirm_field_is_refused PASSED [ 49%]
tests/integration/test_observatory_web.py::test_resolve_post_with_wrong_confirm_value_is_refused PASSED [ 50%]
tests/integration/test_observatory_web.py::test_resolve_post_with_confirm_yes_succeeds PASSED [ 50%]
tests/integration/test_observatory_web.py::test_l2_confirm_resolve_query_param_reveals_the_confirm_form PASSED [ 50%]
tests/integration/test_observatory_web.py::test_l0_every_icon_ref_has_a_matching_sprite_symbol PASSED [ 50%]
tests/integration/test_observatory_web.py::test_l1_every_icon_ref_has_a_matching_sprite_symbol PASSED [ 51%]
tests/integration/test_observatory_web.py::test_l2_every_icon_ref_has_a_matching_sprite_symbol PASSED [ 51%]
tests/integration/test_observatory_web.py::test_login_page_every_icon_ref_has_a_matching_sprite_symbol PASSED [ 51%]
tests/integration/test_phantom_conflict_recovery.py::test_resolve_verifies_by_readback_when_wrapper_reports_conflict_after_a_landed_close PASSED [ 51%]
tests/integration/test_phantom_conflict_recovery.py::test_resolve_still_raises_when_readback_shows_the_close_genuinely_did_not_land PASSED [ 52%]
tests/integration/test_phantom_conflict_recovery.py::test_release_verifies_by_readback_when_wrapper_reports_conflict_after_a_landed_release PASSED [ 52%]
tests/integration/test_phantom_conflict_recovery.py::test_release_on_an_already_resolved_item_writes_nothing_and_reports_already_closed PASSED [ 52%]
tests/integration/test_post_reclaim_fence.py::test_stale_holder_close_is_refused_after_a_real_reap PASSED [ 53%]
tests/integration/test_post_reclaim_fence.py::test_stale_holder_close_is_refused_after_release_without_reclaim PASSED [ 53%]
tests/integration/test_post_reclaim_fence.py::test_integrator_close_of_a_reclaimed_item_still_succeeds PASSED [ 53%]
tests/integration/test_post_reclaim_fence.py::test_current_holder_can_still_close_the_item_it_actually_holds PASSED [ 53%]
tests/integration/test_post_reclaim_fence.py::test_fence_does_not_fire_on_a_close_this_holder_already_landed PASSED [ 54%]
tests/integration/test_project_removal.py::test_remove_of_nonexistent_project_gives_a_distinct_error PASSED [ 54%]
tests/integration/test_project_removal.py::test_remove_drops_both_the_directory_and_the_database PASSED [ 54%]
tests/integration/test_project_removal.py::test_remove_refuses_while_an_item_is_held_naming_holder_and_item PASSED [ 54%]
tests/integration/test_project_removal.py::test_remove_leaves_non_beads_content_intact_and_reports_it PASSED [ 55%]
tests/integration/test_project_removal.py::test_remove_of_orphaned_database_after_directory_already_deleted PASSED [ 55%]
tests/integration/test_project_removal.py::test_remove_of_orphaned_database_with_a_held_item_still_refuses PASSED [ 55%]
tests/integration/test_project_removal.py::test_new_after_directory_deleted_reattaches_and_workspace_create_reports_it PASSED [ 55%]
tests/integration/test_project_rename.py::test_rename_moves_dir_and_database_and_preserves_items PASSED [ 56%]
tests/integration/test_project_rename.py::test_rename_refuses_when_new_name_already_exists PASSED [ 56%]
tests/integration/test_project_rename.py::test_rename_refuses_when_old_missing PASSED [ 56%]
tests/integration/test_project_rename.py::test_rename_refuses_while_an_item_is_held PASSED [ 57%]
tests/integration/test_project_rename.py::test_rename_rejects_invalid_new_name PASSED [ 57%]
tests/integration/test_project_rename.py::test_rename_to_itself_is_refused PASSED [ 57%]
tests/integration/test_reopen_roundtrip.py::test_full_correction_cycle_reopen_claim_resolve_reads_back_corrected_text PASSED [ 57%]
tests/integration/test_reopen_roundtrip.py::test_reopen_clears_closed_at_and_the_cost_is_visible PASSED [ 58%]
tests/integration/test_reopen_roundtrip.py::test_reopen_clears_the_stale_assignee_bd_leaves_behind PASSED [ 58%]
tests/integration/test_reopen_roundtrip.py::test_resolve_on_a_closed_item_with_divergent_text_refuses_and_writes_nothing PASSED [ 58%]
tests/integration/test_reopen_roundtrip.py::test_resolve_on_a_closed_item_with_identical_text_is_idempotent PASSED [ 58%]
tests/integration/test_reopen_roundtrip.py::test_reopen_refuses_an_item_that_is_not_resolved PASSED [ 59%]
tests/integration/test_reopen_roundtrip.py::test_reopen_twice_refuses_the_second_time PASSED [ 59%]
tests/integration/test_reopen_roundtrip.py::test_measured_close_reason_disposition_across_a_reopen PASSED [ 59%]
tests/integration/test_resolve_fence.py::test_resolve_succeeds_single_call_on_unheld_item_with_stale_custody PASSED [ 59%]
tests/integration/test_resolve_fence.py::test_resolve_succeeds_on_item_filed_by_someone_else_never_held PASSED [ 60%]
tests/integration/test_resolve_fence.py::test_resolve_still_refuses_and_names_holder_when_actively_held_by_someone_else PASSED [ 60%]
tests/integration/test_resolve_fence.py::test_resolve_still_refuses_with_custody_takeover_mismatch_while_held PASSED [ 60%]
tests/integration/test_roundtrip.py::test_create_claim_resolve_roundtrip PASSED [ 61%]
tests/integration/test_roundtrip.py::test_claim_returns_none_on_an_empty_lane PASSED [ 61%]
tests/integration/test_roundtrip.py::test_notifier_flips_linked_report_and_reporter_reads_back_the_resolution PASSED [ 61%]
tests/integration/test_web.py::test_unauthenticated_request_to_dashboard_is_refused_json PASSED [ 61%]
tests/integration/test_web.py::test_unauthenticated_request_to_dashboard_redirects_browser PASSED [ 62%]
tests/integration/test_web.py::test_healthz_is_exempt_from_auth PASSED   [ 62%]
tests/integration/test_web.py::test_login_wrong_password_is_rejected_and_sets_no_cookie PASSED [ 62%]
tests/integration/test_web.py::test_login_success_sets_cookie_and_grants_dashboard_access PASSED [ 62%]
tests/integration/test_web.py::test_logout_clears_session PASSED         [ 63%]
tests/integration/test_web.py::test_dashboard_shows_real_project_from_the_shared_workspace PASSED [ 63%]
tests/integration/test_web.py::test_project_view_shows_items_with_holder_and_status PASSED [ 63%]
tests/integration/test_web.py::test_full_write_flow_create_add_resolve_remove PASSED [ 63%]
tests/integration/test_web.py::test_remove_refuses_when_item_is_held_and_project_survives PASSED [ 64%]
tests/integration/test_web.py::test_remove_requires_typed_name_to_match PASSED [ 64%]
tests/integration/test_web.py::test_no_claim_route_exists PASSED         [ 64%]
tests/integration/test_web.py::test_item_detail_shows_description_and_acceptance_criteria PASSED [ 64%]
tests/integration/test_web.py::test_item_detail_reachable_from_project_listing PASSED [ 65%]
tests/integration/test_web.py::test_item_detail_open_item_shows_no_lifecycle_action PASSED [ 65%]
tests/integration/test_web.py::test_item_detail_held_item_shows_resolve_not_claim PASSED [ 65%]
tests/integration/test_web.py::test_item_detail_resolved_item_shows_resolution_and_no_action_controls PASSED [ 66%]
tests/integration/test_web.py::test_item_detail_nonexistent_item_shows_friendly_error PASSED [ 66%]
tests/integration/test_web.py::test_item_detail_shows_blocked_by_chain_with_status_and_holder PASSED [ 66%]
tests/integration/test_web.py::test_item_detail_blocker_chain_clears_once_blocker_resolved PASSED [ 66%]
tests/integration/test_web.py::test_item_detail_shows_discovered_from_provenance PASSED [ 67%]
tests/integration/test_web.py::test_item_detail_shows_blocks_inverse PASSED [ 67%]
tests/integration/test_web.py::test_item_detail_with_no_dependencies_shows_no_open_blockers_empty_state PASSED [ 67%]
tests/integration/test_web.py::test_item_detail_with_unsatisfied_blocker_does_not_also_show_no_open_blockers PASSED [ 67%]
tests/integration/test_web.py::test_item_detail_shows_activity_feed_with_real_events PASSED [ 68%]
tests/integration/test_web.py::test_item_detail_fresh_item_activity_feed_shows_only_created PASSED [ 68%]
tests/integration/test_web.py::test_no_claim_affordance_anywhere_in_the_web_ui PASSED [ 68%]
tests/integration/test_web.py::test_dashboard_held_item_raises_the_custody_reading PASSED [ 68%]
tests/integration/test_web.py::test_dashboard_never_shows_a_static_health_ok_badge PASSED [ 69%]
tests/integration/test_web.py::test_project_view_empty_filter_state_names_the_filter_and_offers_clear PASSED [ 69%]
tests/integration/test_web.py::test_add_item_error_on_nonexistent_project_does_not_leak_path_or_cli PASSED [ 69%]
tests/integration/test_web.py::test_project_view_pagination_reachability_and_no_cli_flag_leak PASSED [ 70%]
tests/integration/test_web.py::test_dashboard_kpi_values_are_tabular_numerals PASSED [ 70%]
tests/integration/test_web.py::test_dashboard_fleet_row_is_a_real_link_to_the_project PASSED [ 70%]
tests/integration/test_web.py::test_item_detail_humanizes_the_reported_by_identity_end_to_end SKIPPED [ 70%]
tests/integration/test_web.py::test_remove_confirmation_page_is_real_and_get_is_side_effect_free PASSED [ 71%]
tests/integration/test_web.py::test_remove_held_refusal_is_rendered_as_visible_text_on_the_confirm_page PASSED [ 71%]
tests/integration/test_web.py::test_item_detail_edit_form_saves_and_persists_on_reload PASSED [ 71%]
tests/integration/test_web.py::test_item_detail_edit_form_is_present_and_prefilled PASSED [ 71%]
tests/integration/test_web.py::test_item_detail_edit_does_not_touch_status_or_holder PASSED [ 72%]
tests/integration/test_web.py::test_item_detail_edit_blank_fields_leave_existing_values_unchanged PASSED [ 72%]
tests/integration/test_web.py::test_item_detail_edit_nonexistent_item_reports_error PASSED [ 72%]
tests/integration/test_web.py::test_rename_project_success_redirects_to_new_name PASSED [ 72%]
tests/integration/test_web.py::test_rename_project_rejects_invalid_new_name PASSED [ 73%]
tests/integration/test_web.py::test_rename_project_refuses_when_target_name_already_exists PASSED [ 73%]
tests/integration/test_web.py::test_rename_project_refuses_while_item_is_held PASSED [ 73%]
tests/integration/test_web.py::test_danger_zone_has_rename_form_and_no_claim_control PASSED [ 74%]
tests/integration/test_web.py::test_danger_zone_rename_affordance_is_unambiguous_reveal_save_cancel PASSED [ 74%]
tests/integration/test_web.py::test_resolved_item_row_shows_no_holder_chip_though_it_has_a_stale_assignee PASSED [ 74%]
tests/integration/test_web.py::test_resolved_item_detail_shows_no_held_by_chip PASSED [ 74%]
tests/integration/test_web.py::test_dashboard_includes_auto_refresh_script PASSED [ 75%]
tests/integration/test_web.py::test_project_view_includes_auto_refresh_script PASSED [ 75%]
tests/integration/test_web.py::test_item_detail_never_includes_auto_refresh_script PASSED [ 75%]
tests/integration/test_web.py::test_login_page_never_includes_auto_refresh_script PASSED [ 75%]
tests/integration/test_web.py::test_remove_confirm_page_never_includes_auto_refresh_script PASSED [ 76%]
tests/integration/test_web.py::test_project_view_status_tabs_show_real_counts PASSED [ 76%]
tests/integration/test_web.py::test_project_view_clicking_a_status_tab_filters_the_list PASSED [ 76%]
tests/integration/test_web.py::test_project_view_no_longer_ships_a_status_select_dropdown PASSED [ 76%]
tests/integration/test_web.py::test_project_view_health_banner_absent_when_calm PASSED [ 77%]
tests/integration/test_web.py::test_project_view_health_banner_present_when_blocked PASSED [ 77%]
tests/integration/test_web.py::test_project_view_health_banner_calm_when_held_but_fresh PASSED [ 77%]
tests/integration/test_web.py::test_project_view_item_rows_include_priority_bar_and_status_icon PASSED [ 77%]
tests/integration/test_web.py::test_item_detail_created_and_updated_use_the_compact_age_format PASSED [ 78%]
tests/integration/test_web.py::test_project_view_search_placeholder_uses_the_new_filter_hint PASSED [ 78%]
tests/integration/test_web_pwa.py::test_pwa_asset_is_reachable_without_authentication[/manifest.json] PASSED [ 78%]
tests/integration/test_web_pwa.py::test_pwa_asset_is_reachable_without_authentication[/sw.js] PASSED [ 79%]
tests/integration/test_web_pwa.py::test_pwa_asset_is_reachable_without_authentication[/pwa-192.png] PASSED [ 79%]
tests/integration/test_web_pwa.py::test_pwa_asset_is_reachable_without_authentication[/pwa-512.png] PASSED [ 79%]
tests/integration/test_web_pwa.py::test_pwa_asset_is_reachable_without_authentication[/apple-touch-icon.png] PASSED [ 79%]
tests/integration/test_web_pwa.py::test_pwa_asset_is_reachable_without_authentication[/favicon.ico] PASSED [ 80%]
tests/integration/test_web_pwa.py::test_pwa_asset_is_reachable_without_authentication[/favicon-32.png] PASSED [ 80%]
tests/integration/test_web_pwa.py::test_pwa_asset_is_reachable_without_authentication[/og-dark.png] PASSED [ 80%]
tests/integration/test_web_pwa.py::test_manifest_content_type_and_cache_header PASSED [ 80%]
tests/integration/test_web_pwa.py::test_manifest_is_valid_json_with_scope_root_and_standalone_display PASSED [ 81%]
tests/integration/test_web_pwa.py::test_manifest_lists_both_icon_sizes_with_a_maskable_purpose PASSED [ 81%]
tests/integration/test_web_pwa.py::test_service_worker_content_type_and_cache_header PASSED [ 81%]
tests/integration/test_web_pwa.py::test_service_worker_caches_nothing PASSED [ 81%]
tests/integration/test_web_pwa.py::test_service_worker_passes_every_fetch_straight_to_the_network PASSED [ 82%]
tests/integration/test_web_pwa.py::test_service_worker_skips_waiting_and_claims_clients PASSED [ 82%]
tests/integration/test_web_pwa.py::test_icon_is_a_real_png_with_correct_content_type_and_cache_header[/pwa-192.png-\x89PNG\r\n\x1a\n] PASSED [ 82%]
tests/integration/test_web_pwa.py::test_icon_is_a_real_png_with_correct_content_type_and_cache_header[/pwa-512.png-\x89PNG\r\n\x1a\n] PASSED [ 83%]
tests/integration/test_web_pwa.py::test_icon_is_a_real_png_with_correct_content_type_and_cache_header[/apple-touch-icon.png-\x89PNG\r\n\x1a\n] PASSED [ 83%]
tests/integration/test_web_pwa.py::test_favicon_ico_content_type_cache_header_and_real_ico_magic PASSED [ 83%]
tests/integration/test_web_pwa.py::test_favicon_ico_bundles_all_three_resolutions PASSED [ 83%]
tests/integration/test_web_pwa.py::test_favicon_32_png_is_a_real_png_with_correct_content_type_and_cache_header PASSED [ 84%]
tests/integration/test_web_pwa.py::test_og_card_is_a_real_png_with_correct_content_type_and_cache_header PASSED [ 84%]
tests/integration/test_web_pwa.py::test_pwa_512_and_apple_touch_icon_are_opaque_maskable_safe_renders SKIPPED [ 84%]
tests/integration/test_web_pwa.py::test_pwa_192_keeps_the_source_icons_native_transparent_corners SKIPPED [ 84%]
tests/integration/test_web_pwa.py::test_authenticated_dashboard_head_includes_pwa_tags PASSED [ 85%]
tests/integration/test_web_pwa.py::test_login_page_head_also_includes_pwa_tags PASSED [ 85%]
tests/integration/test_webbrowse_route.py::test_retired_browse_route_redirects_to_l1_without_item_param PASSED [ 85%]
tests/integration/test_webbrowse_route.py::test_retired_browse_route_redirects_to_l2_with_item_param PASSED [ 85%]
tests/integration/test_webbrowse_route.py::test_l1_lists_items_as_direct_links_to_l2 PASSED [ 86%]
tests/integration/test_webbrowse_route.py::test_l2_shows_the_real_item_content PASSED [ 86%]
tests/integration/test_webbrowse_route.py::test_l2_unknown_item_is_graceful_not_500 PASSED [ 86%]
tests/integration/test_webbrowse_route.py::test_l1_unknown_project_is_graceful PASSED [ 87%]
tests/integration/test_webbrowse_route.py::test_l1_and_l2_ship_the_auto_refresh_poller PASSED [ 87%]
tests/integration/test_webbrowse_route.py::test_l1_and_l2_reflect_status_transitions_live PASSED [ 87%]
tests/integration/test_work_list.py::test_list_bounded_reports_id_title_status_for_an_open_item PASSED [ 87%]
tests/integration/test_work_list.py::test_list_bounded_populates_holder_for_a_held_item PASSED [ 88%]
tests/integration/test_work_list.py::test_list_bounded_shows_closed_items_and_their_resolution PASSED [ 88%]
tests/integration/test_work_list.py::test_list_bounded_mixed_states_in_one_project PASSED [ 88%]
tests/integration/test_work_list.py::test_list_bounded_status_filter_returns_only_matching_status[blocked] PASSED [ 88%]
tests/integration/test_work_list.py::test_list_bounded_status_filter_returns_only_matching_status[deferred] PASSED [ 89%]
tests/integration/test_work_list.py::test_list_bounded_status_filter_returns_only_matching_status[held] PASSED [ 89%]
tests/integration/test_work_list.py::test_list_bounded_status_filter_returns_only_matching_status[open] PASSED [ 89%]
tests/integration/test_work_list.py::test_list_bounded_status_filter_returns_only_matching_status[resolved] PASSED [ 89%]
tests/integration/test_work_list.py::test_list_bounded_calling_it_does_not_mutate_anything PASSED [ 90%]
tests/integration/test_work_list.py::test_list_bounded_truncates_and_reports_honestly PASSED [ 90%]
tests/integration/test_work_list.py::test_list_bounded_on_empty_project_returns_empty_not_an_error PASSED [ 90%]
tests/integration/test_work_list.py::test_list_bounded_on_nonexistent_project_raises_distinct_not_found PASSED [ 90%]
tests/integration/test_work_list.py::test_list_bounded_rows_are_lean_by_default_no_body_fields PASSED [ 91%]
tests/integration/test_work_list.py::test_get_readonly_reads_the_real_full_body_without_claiming PASSED [ 91%]
tests/integration/test_work_list.py::test_get_readonly_on_resolved_item_shows_resolution_too PASSED [ 91%]
tests/integration/test_work_list.py::test_get_readonly_never_mutates_the_item PASSED [ 92%]
tests/integration/test_work_list.py::test_get_readonly_on_nonexistent_item_in_this_project_raises_not_found PASSED [ 92%]
tests/integration/test_work_list.py::test_get_readonly_on_id_from_a_different_project_raises_distinct_wrong_project_error PASSED [ 92%]
tests/integration/test_write_readback.py::test_release_raises_when_bd_reports_success_but_the_hold_did_not_clear PASSED [ 92%]
tests/integration/test_write_readback.py::test_release_success_path_returns_only_after_the_readback_shows_no_hold PASSED [ 93%]
tests/integration/test_write_readback.py::test_claim_item_verifies_by_readback_when_the_wrapper_reports_conflict PASSED [ 93%]
tests/integration/test_write_readback.py::test_claim_item_still_raises_when_the_claim_genuinely_did_not_land PASSED [ 93%]
tests/integration/test_write_readback.py::test_claim_item_raises_when_bd_reports_success_but_nobody_holds_the_item PASSED [ 93%]
tests/integration/test_write_readback.py::test_claim_next_verifies_by_readback_when_the_wrapper_reports_conflict PASSED [ 94%]
tests/integration/test_write_readback.py::test_claim_next_still_raises_when_the_claim_genuinely_did_not_land PASSED [ 94%]
tests/integration/test_write_readback.py::test_claim_next_raises_when_bd_names_an_item_it_never_actually_claimed PASSED [ 94%]
tests/integration/test_write_readback.py::test_claim_next_on_an_empty_queue_is_still_a_normal_none PASSED [ 94%]
tests/integration/test_write_readback.py::test_create_verifies_by_readback_when_the_wrapper_reports_conflict PASSED [ 95%]
tests/integration/test_write_readback.py::test_create_still_raises_when_the_create_genuinely_did_not_land PASSED [ 95%]
tests/integration/test_write_readback.py::test_create_raises_when_bd_prints_an_id_it_never_actually_wrote PASSED [ 95%]
tests/integration/test_write_readback.py::test_update_verifies_by_readback_when_the_wrapper_reports_conflict PASSED [ 96%]
tests/integration/test_write_readback.py::test_edit_item_verifies_by_readback_when_the_wrapper_reports_conflict PASSED [ 96%]
tests/integration/test_write_readback.py::test_comment_raises_when_bd_reports_success_but_no_comment_landed PASSED [ 96%]
tests/integration/test_write_readback.py::test_defer_verifies_by_readback_when_the_wrapper_reports_conflict PASSED [ 96%]
tests/integration/test_write_readback.py::test_defer_raises_when_bd_reports_success_but_the_status_did_not_move PASSED [ 97%]
tests/integration/test_write_readback.py::test_block_verifies_by_readback_when_the_wrapper_reports_conflict PASSED [ 97%]
tests/integration/test_write_readback.py::test_unblock_verifies_by_readback_when_the_wrapper_reports_conflict PASSED [ 97%]
tests/integration/test_write_readback.py::test_add_dependency_verifies_by_readback_when_the_wrapper_reports_conflict PASSED [ 97%]
tests/integration/test_write_readback.py::test_add_dependency_raises_when_bd_reports_success_but_no_edge_landed PASSED [ 98%]
tests/integration/test_write_readback.py::test_take_custody_verifies_by_readback_when_the_wrapper_reports_conflict PASSED [ 98%]
tests/integration/test_write_readback.py::test_renew_custody_verifies_by_readback_when_the_wrapper_reports_conflict PASSED [ 98%]
tests/integration/test_write_readback.py::test_renew_custody_raises_when_bd_reports_success_but_the_record_did_not_move PASSED [ 98%]
tests/integration/test_write_readback.py::test_supersede_verifies_by_readback_when_the_wrapper_reports_conflict PASSED [ 99%]
tests/integration/test_write_readback.py::test_reopen_verifies_by_readback_when_the_wrapper_reports_conflict PASSED [ 99%]
tests/integration/test_write_readback.py::test_reopen_still_raises_when_readback_shows_the_reopen_genuinely_did_not_land PASSED [ 99%]
tests/integration/test_write_readback.py::test_move_refuses_when_the_copy_reports_success_but_the_rows_are_not_there PASSED [100%]

=============================== warnings summary ===============================
tests/integration/test_observatory_web.py:20
  /home/bkrabach/dev/hw-model-performance/lanes/jyg-doctor-sweep-heartbeat/amplifier-work-tracker/tests/integration/test_observatory_web.py:20: StarletteDeprecationWarning: Using `httpx` with `starlette.testclient` is deprecated; install `httpx2` instead.
    from starlette.testclient import TestClient  # noqa: E402

.venv/lib/python3.12/site-packages/starlette/testclient.py:53
  /home/bkrabach/dev/hw-model-performance/lanes/jyg-doctor-sweep-heartbeat/amplifier-work-tracker/.venv/lib/python3.12/site-packages/starlette/testclient.py:53: DeprecationWarning: The anyio.abc.BlockingPortal alias is deprecated, use anyio.from_thread.BlockingPortal instead.
    _PortalFactoryType = Callable[[], AbstractContextManager[anyio.abc.BlockingPortal]]

-- Docs: https://docs.pytest.org/en/stable/how-to/capture-warnings.html
=========================== short test summary info ============================
SKIPPED [1] tests/integration/test_web.py:699: bd set no `owner` on this item -- happens where the environment has no git identity (e.g. a bare CI container with no `git config user.email`). `owner` is an environment-provided value, not a code invariant; the environment-independent humanization guarantees are covered by test_humanize_identity_* in tests/unit.
SKIPPED [1] tests/integration/test_web_pwa.py:234: Pillow not installed (dev/build-only tool)
SKIPPED [1] tests/integration/test_web_pwa.py:249: Pillow not installed (dev/build-only tool)
=========== 374 passed, 3 skipped, 2 warnings in 1104.29s (0:18:24) ============
